 lab2_next_level_sfun

 Timestamp is 535f406b (Tue Apr 29 10:02:19 2014)

 Preferred load address is 0000000180000000

 Start         Length     Name                   Class
 0001:00000000 000663aeH .text                   CODE
 0001:000663b0 0000007bH .text$x                 CODE
 0002:00000000 00000488H .idata$5                DATA
 0002:00000488 00000008H .CRT$XCA                DATA
 0002:00000490 00000008H .CRT$XCZ                DATA
 0002:00000498 00000008H .CRT$XIA                DATA
 0002:000004a0 00000008H .CRT$XIAA               DATA
 0002:000004a8 00000008H .CRT$XIC                DATA
 0002:000004b0 00000008H .CRT$XIZ                DATA
 0002:000004c0 00004ca0H .rdata                  DATA
 0002:00005160 00000008H .rtc$IAA                DATA
 0002:00005168 00000008H .rtc$IZZ                DATA
 0002:00005170 00000008H .rtc$TAA                DATA
 0002:00005178 00000008H .rtc$TZZ                DATA
 0002:00005180 00004b48H .xdata                  DATA
 0002:00009cc8 000000a0H .idata$2                DATA
 0002:00009d68 00000014H .idata$3                DATA
 0002:00009d80 00000488H .idata$4                DATA
 0002:0000a208 00000ab4H .idata$6                DATA
 0002:0000acc0 0000005aH .edata                  DATA
 0003:00000000 00008c44H .data                   DATA
 0003:00008c60 00002458H .bss                    DATA
 0004:00000000 00003d68H .pdata                  DATA

  Address         Publics by Value              Rva+Base               Lib:Object

 0000:00000000       ___safe_se_handler_count   0000000000000000     <absolute>
 0000:00000000       ___safe_se_handler_table   0000000000000000     <absolute>
 0000:00000000       __ImageBase                0000000180000000     <linker-defined>
 0001:00000000       sf_c1_lab2_next_level_get_eml_resolved_functions_info 0000000180001000 f   c1_lab2_next_level.obj
 0001:00000590       sf_c1_lab2_next_level_get_check_sum 0000000180001590 f   c1_lab2_next_level.obj
 0001:00000660       c1_lab2_next_level_method_dispatcher 0000000180001660 f   c1_lab2_next_level.obj
 0001:00002d70       sf_c1_lab2_next_level_get_autoinheritance_info 0000000180003d70 f   c1_lab2_next_level.obj
 0001:00003a80       sf_c1_lab2_next_level_third_party_uses_info 0000000180004a80 f   c1_lab2_next_level.obj
 0001:00004f20       sf_internal_get_sim_state_c1_lab2_next_level 0000000180005f20 f   c1_lab2_next_level.obj
 0001:00005070       sf_internal_set_sim_state_c1_lab2_next_level 0000000180006070 f   c1_lab2_next_level.obj
 0001:00005ce0       sf_c2_lab2_next_level_get_eml_resolved_functions_info 0000000180006ce0 f   c2_lab2_next_level.obj
 0001:000067d0       sf_c2_lab2_next_level_get_check_sum 00000001800077d0 f   c2_lab2_next_level.obj
 0001:000068a0       c2_lab2_next_level_method_dispatcher 00000001800078a0 f   c2_lab2_next_level.obj
 0001:00008ea0       sf_c2_lab2_next_level_get_autoinheritance_info 0000000180009ea0 f   c2_lab2_next_level.obj
 0001:00009bf0       sf_c2_lab2_next_level_third_party_uses_info 000000018000abf0 f   c2_lab2_next_level.obj
 0001:0000af60       sf_internal_get_sim_state_c2_lab2_next_level 000000018000bf60 f   c2_lab2_next_level.obj
 0001:0000b0b0       sf_internal_set_sim_state_c2_lab2_next_level 000000018000c0b0 f   c2_lab2_next_level.obj
 0001:0000bc90       sf_c3_lab2_next_level_get_eml_resolved_functions_info 000000018000cc90 f   c3_lab2_next_level.obj
 0001:0000c0c0       sf_c3_lab2_next_level_get_check_sum 000000018000d0c0 f   c3_lab2_next_level.obj
 0001:0000c190       c3_lab2_next_level_method_dispatcher 000000018000d190 f   c3_lab2_next_level.obj
 0001:0000fa30       sf_c3_lab2_next_level_get_autoinheritance_info 0000000180010a30 f   c3_lab2_next_level.obj
 0001:00010780       sf_c3_lab2_next_level_third_party_uses_info 0000000180011780 f   c3_lab2_next_level.obj
 0001:00011af0       sf_internal_get_sim_state_c3_lab2_next_level 0000000180012af0 f   c3_lab2_next_level.obj
 0001:00011c40       sf_internal_set_sim_state_c3_lab2_next_level 0000000180012c40 f   c3_lab2_next_level.obj
 0001:00012820       sf_c5_lab2_next_level_get_eml_resolved_functions_info 0000000180013820 f   c5_lab2_next_level.obj
 0001:00013310       sf_c5_lab2_next_level_get_check_sum 0000000180014310 f   c5_lab2_next_level.obj
 0001:000133e0       c5_lab2_next_level_method_dispatcher 00000001800143e0 f   c5_lab2_next_level.obj
 0001:00018bf0       sf_c5_lab2_next_level_get_autoinheritance_info 0000000180019bf0 f   c5_lab2_next_level.obj
 0001:00019a50       sf_c5_lab2_next_level_third_party_uses_info 000000018001aa50 f   c5_lab2_next_level.obj
 0001:0001af60       sf_internal_get_sim_state_c5_lab2_next_level 000000018001bf60 f   c5_lab2_next_level.obj
 0001:0001b0b0       sf_internal_set_sim_state_c5_lab2_next_level 000000018001c0b0 f   c5_lab2_next_level.obj
 0001:0001bd60       sf_c6_lab2_next_level_get_eml_resolved_functions_info 000000018001cd60 f   c6_lab2_next_level.obj
 0001:0001c190       sf_c6_lab2_next_level_get_check_sum 000000018001d190 f   c6_lab2_next_level.obj
 0001:0001c260       c6_lab2_next_level_method_dispatcher 000000018001d260 f   c6_lab2_next_level.obj
 0001:00020bb0       sf_c6_lab2_next_level_get_autoinheritance_info 0000000180021bb0 f   c6_lab2_next_level.obj
 0001:000213c0       sf_c6_lab2_next_level_third_party_uses_info 00000001800223c0 f   c6_lab2_next_level.obj
 0001:00022200       sf_internal_get_sim_state_c6_lab2_next_level 0000000180023200 f   c6_lab2_next_level.obj
 0001:00022350       sf_internal_set_sim_state_c6_lab2_next_level 0000000180023350 f   c6_lab2_next_level.obj
 0001:00022e30       sf_c7_lab2_next_level_get_eml_resolved_functions_info 0000000180023e30 f   c7_lab2_next_level.obj
 0001:00023620       sf_c7_lab2_next_level_get_check_sum 0000000180024620 f   c7_lab2_next_level.obj
 0001:000236f0       c7_lab2_next_level_method_dispatcher 00000001800246f0 f   c7_lab2_next_level.obj
 0001:00025320       sf_c7_lab2_next_level_get_autoinheritance_info 0000000180026320 f   c7_lab2_next_level.obj
 0001:000259e0       sf_c7_lab2_next_level_third_party_uses_info 00000001800269e0 f   c7_lab2_next_level.obj
 0001:000266a0       sf_internal_get_sim_state_c7_lab2_next_level 00000001800276a0 f   c7_lab2_next_level.obj
 0001:000267f0       sf_internal_set_sim_state_c7_lab2_next_level 00000001800277f0 f   c7_lab2_next_level.obj
 0001:00027290       sf_c9_lab2_next_level_get_eml_resolved_functions_info 0000000180028290 f   c9_lab2_next_level.obj
 0001:00027d80       sf_c9_lab2_next_level_get_check_sum 0000000180028d80 f   c9_lab2_next_level.obj
 0001:00027e50       c9_lab2_next_level_method_dispatcher 0000000180028e50 f   c9_lab2_next_level.obj
 0001:0002a3d0       sf_c9_lab2_next_level_get_autoinheritance_info 000000018002b3d0 f   c9_lab2_next_level.obj
 0001:0002b120       sf_c9_lab2_next_level_third_party_uses_info 000000018002c120 f   c9_lab2_next_level.obj
 0001:0002c490       sf_internal_get_sim_state_c9_lab2_next_level 000000018002d490 f   c9_lab2_next_level.obj
 0001:0002c5e0       sf_internal_set_sim_state_c9_lab2_next_level 000000018002d5e0 f   c9_lab2_next_level.obj
 0001:0002d1c0       sf_c10_lab2_next_level_get_eml_resolved_functions_info 000000018002e1c0 f   c10_lab2_next_level.obj
 0001:0002dcb0       sf_c10_lab2_next_level_get_check_sum 000000018002ecb0 f   c10_lab2_next_level.obj
 0001:0002dd80       c10_lab2_next_level_method_dispatcher 000000018002ed80 f   c10_lab2_next_level.obj
 0001:00030300       sf_c10_lab2_next_level_get_autoinheritance_info 0000000180031300 f   c10_lab2_next_level.obj
 0001:00031050       sf_c10_lab2_next_level_third_party_uses_info 0000000180032050 f   c10_lab2_next_level.obj
 0001:000323c0       sf_internal_get_sim_state_c10_lab2_next_level 00000001800333c0 f   c10_lab2_next_level.obj
 0001:00032510       sf_internal_set_sim_state_c10_lab2_next_level 0000000180033510 f   c10_lab2_next_level.obj
 0001:000330f0       mexFunction                00000001800340f0 f   lab2_next_level_sfun_registry.obj
 0001:00034290       _ssSetInputPortDirectFeedThroughFcn 0000000180035290 f   lab2_next_level_sfun_registry.obj
 0001:000343f0       _ssGetInputPortSignalPtrsFcn 00000001800353f0 f   lab2_next_level_sfun_registry.obj
 0001:00034610       _ssGetInputPortSignalFcn   0000000180035610 f   lab2_next_level_sfun_registry.obj
 0001:00034830       _ssSetInputPortReusableFcn 0000000180035830 f   lab2_next_level_sfun_registry.obj
 0001:00034910       _ssSetOutputPortReusableFcn 0000000180035910 f   lab2_next_level_sfun_registry.obj
 0001:000349f0       ssGetIsZeroCrossControlDisabled 00000001800359f0 f   lab2_next_level_sfun_registry.obj
 0001:00034a60       ssSetIsInputPortUsedForContZcSignal 0000000180035a60 f   lab2_next_level_sfun_registry.obj
 0001:00034ad0       ssSetZcSignalIsZcElementDisc 0000000180035ad0 f   lab2_next_level_sfun_registry.obj
 0001:00034b80       ssSetZcSignalName          0000000180035b80 f   lab2_next_level_sfun_registry.obj
 0001:00034bf0       ssSetZcSignalWidth         0000000180035bf0 f   lab2_next_level_sfun_registry.obj
 0001:00034c60       ssSetZcSignalZcEventType   0000000180035c60 f   lab2_next_level_sfun_registry.obj
 0001:00034cd0       ssSetZcSignalType          0000000180035cd0 f   lab2_next_level_sfun_registry.obj
 0001:00034d40       ssSetZcSignalZcTol         0000000180035d40 f   lab2_next_level_sfun_registry.obj
 0001:00034db0       ssSetZcSignalNeedsEventNotification 0000000180035db0 f   lab2_next_level_sfun_registry.obj
 0001:00034e20       ssCreateAndAddZcSignalInfo 0000000180035e20 f   lab2_next_level_sfun_registry.obj
 0001:00034e90       ssCloneAndAddZcSignalInfo  0000000180035e90 f   lab2_next_level_sfun_registry.obj
 0001:00034f00       ssGetNumZcSignals          0000000180035f00 f   lab2_next_level_sfun_registry.obj
 0001:00034f70       ssGetZcSignalVector        0000000180035f70 f   lab2_next_level_sfun_registry.obj
 0001:00034fe0       ssGetZcSignalName          0000000180035fe0 f   lab2_next_level_sfun_registry.obj
 0001:00035050       ssGetZcSignalWidth         0000000180036050 f   lab2_next_level_sfun_registry.obj
 0001:000350c0       ssGetZcSignalZcEventType   00000001800360c0 f   lab2_next_level_sfun_registry.obj
 0001:00035130       ssGetZcSignalZcEvents      0000000180036130 f   lab2_next_level_sfun_registry.obj
 0001:000351a0       ssGetZcSignalType          00000001800361a0 f   lab2_next_level_sfun_registry.obj
 0001:00035210       ssGetZcSignalZcTol         0000000180036210 f   lab2_next_level_sfun_registry.obj
 0001:00035290       ssGetZcSignalNeedsEventNotification 0000000180036290 f   lab2_next_level_sfun_registry.obj
 0001:00035300       ssGetZcSignalIsZcElementDisc 0000000180036300 f   lab2_next_level_sfun_registry.obj
 0001:000353a0       ssGetIsInputPortElementContinuous 00000001800363a0 f   lab2_next_level_sfun_registry.obj
 0001:00035440       ssGetDTypeIdFromMxArray    0000000180036440 f   lab2_next_level_sfun_registry.obj
 0001:00035560       ssWriteRTWStr              0000000180036560 f   lab2_next_level_sfun_registry.obj
 0001:000355c0       ssWriteRTWNameValuePair    00000001800365c0 f   lab2_next_level_sfun_registry.obj
 0001:00035ac0       ssWriteRTWParamSettings    0000000180036ac0 f   lab2_next_level_sfun_registry.obj
 0001:000361b0       ssWriteRTWParameters       00000001800371b0 f   lab2_next_level_sfun_registry.obj
 0001:00036780       ssWriteRTWWorkVect         0000000180037780 f   lab2_next_level_sfun_registry.obj
 0001:00036c70       ssWriteRTWMxVectParam      0000000180037c70 f   lab2_next_level_sfun_registry.obj
 0001:00036cf0       ssWriteRTWMx2dMatParam     0000000180037cf0 f   lab2_next_level_sfun_registry.obj
 0001:00036d80       _ssSetInputPortMatrixDimensions 0000000180037d80 f   lab2_next_level_sfun_registry.obj
 0001:00036e80       _ssSetOutputPortMatrixDimensions 0000000180037e80 f   lab2_next_level_sfun_registry.obj
 0001:00036f80       _ssSetInputPortVectorDimension 0000000180037f80 f   lab2_next_level_sfun_registry.obj
 0001:00037030       _ssSetOutputPortVectorDimension 0000000180038030 f   lab2_next_level_sfun_registry.obj
 0001:000370e0       ssIsRunTimeParamTunable    00000001800380e0 f   lab2_next_level_sfun_registry.obj
 0001:00037150       ssGetSFuncBlockHandle      0000000180038150 f   lab2_next_level_sfun_registry.obj
 0001:000371c0       _ssGetCurrentInputPortWidth 00000001800381c0 f   lab2_next_level_sfun_registry.obj
 0001:000372e0       _ssGetCurrentOutputPortWidth 00000001800382e0 f   lab2_next_level_sfun_registry.obj
 0001:00037400       _ssGetCallSystemNumFcnCallDestinations 0000000180038400 f   lab2_next_level_sfun_registry.obj
 0001:00037470       ssWarning                  0000000180038470 f   lab2_next_level_sfun_registry.obj
 0001:00037560       _ssGetAbsTol               0000000180038560 f   lab2_next_level_sfun_registry.obj
 0001:000375d0       _ssSetStateAbsTol          00000001800385d0 f   lab2_next_level_sfun_registry.obj
 0001:000376b0       sf_process_check_sum_call  00000001800386b0 f   lab2_next_level_sfun_registry.obj
 0001:00037700       sf_process_testpoint_info_call 0000000180038700 f   lab2_next_level_sfun_registry.obj
 0001:00037750       sf_process_autoinheritance_call 0000000180038750 f   lab2_next_level_sfun_registry.obj
 0001:00037980       sf_process_get_third_party_uses_info_call 0000000180038980 f   lab2_next_level_sfun_registry.obj
 0001:00037bb0       sf_process_get_eml_resolved_functions_info_call 0000000180038bb0 f   lab2_next_level_sfun_registry.obj
 0001:00037db0       sf_mex_unlock_call         0000000180038db0 f   lab2_next_level_sfun_registry.obj
 0001:00038020       sf_machine_global_initializer_called 0000000180039020 f   lab2_next_level_sfun_registry.obj
 0001:00038050       sf_machine_global_method_dispatcher 0000000180039050 f   lab2_next_level_sfun_registry.obj
 0001:000380b0       sf_machine_global_terminator 00000001800390b0 f   lab2_next_level_sfun_registry.obj
 0001:00038100       sf_register_machine_exported_symbols 0000000180039100 f   lab2_next_level_sfun_registry.obj
 0001:00038120       callCustomFcn              0000000180039120 f   lab2_next_level_sfun_registry.obj
 0001:00038130       sf_machine_global_initializer 0000000180039130 f   lab2_next_level_sfun_registry.obj
 0001:000381b0       ProcessMexSfunctionEveryCall 00000001800391b0 f   lab2_next_level_sfun_registry.obj
 0001:00038e20       lab2_next_level_initializer 0000000180039e20 f   lab2_next_level_sfun.obj
 0001:00038e30       lab2_next_level_terminator 0000000180039e30 f   lab2_next_level_sfun.obj
 0001:00038e40       load_lab2_next_level_optimization_info 0000000180039e40 f   lab2_next_level_sfun.obj
 0001:00038e90       unload_lab2_next_level_optimization_info 0000000180039e90 f   lab2_next_level_sfun.obj
 0001:00038ec0       sf_lab2_next_level_method_dispatcher 0000000180039ec0 f   lab2_next_level_sfun.obj
 0001:00039000       sf_lab2_next_level_process_testpoint_info_call 000000018003a000 f   lab2_next_level_sfun.obj
 0001:000391c0       sf_lab2_next_level_process_check_sum_call 000000018003a1c0 f   lab2_next_level_sfun.obj
 0001:00039900       sf_lab2_next_level_autoinheritance_info 000000018003a900 f   lab2_next_level_sfun.obj
 0001:00039db0       sf_lab2_next_level_get_eml_resolved_functions_info 000000018003adb0 f   lab2_next_level_sfun.obj
 0001:0003a100       sf_lab2_next_level_third_party_uses_info 000000018003b100 f   lab2_next_level_sfun.obj
 0001:0003a480       lab2_next_level_debug_initialize 000000018003b480 f   lab2_next_level_sfun.obj
 0001:0003a500       lab2_next_level_register_exported_symbols 000000018003b500 f   lab2_next_level_sfun.obj
 0001:0003a510       sf_send_message_wrapper    000000018003b510 f   sfc_mex:sfc_sf.obj
 0001:0003a540       sf_receive_message_wrapper 000000018003b540 f   sfc_mex:sfc_sf.obj
 0001:0003a580       sf_check_out_message_wrapper 000000018003b580 f   sfc_mex:sfc_sf.obj
 0001:0003a5c0       sf_check_in_message_wrapper 000000018003b5c0 f   sfc_mex:sfc_sf.obj
 0001:0003a600       sf_no_message_wrapper      000000018003b600 f   sfc_mex:sfc_sf.obj
 0001:0003a990       sim_mode_is_rtw_gen        000000018003b990 f   sfc_mex:sfc_sf.obj
 0001:0003a9c0       sim_mode_is_external       000000018003b9c0 f   sfc_mex:sfc_sf.obj
 0001:0003a9d0       sim_mode_is_modelref_sim   000000018003b9d0 f   sfc_mex:sfc_sf.obj
 0001:0003a9f0       mdlInitializeSizes         000000018003b9f0 f   sfc_mex:sfc_sf.obj
 0001:0003aa10       mdlInitializeSampleTimes   000000018003ba10 f   sfc_mex:sfc_sf.obj
 0001:0003aa50       mdlZeroCrossings           000000018003ba50 f   sfc_mex:sfc_sf.obj
 0001:0003ab40       mdlDerivatives             000000018003bb40 f   sfc_mex:sfc_sf.obj
 0001:0003ac00       mdl_initialize_conditions_processing 000000018003bc00 f   sfc_mex:sfc_sf.obj
 0001:0003ac30       mdlInitializeConditions    000000018003bc30 f   sfc_mex:sfc_sf.obj
 0001:0003acf0       mdlGetSimState             000000018003bcf0 f   sfc_mex:sfc_sf.obj
 0001:0003ad00       mdlSetSimState             000000018003bd00 f   sfc_mex:sfc_sf.obj
 0001:0003ad10       mdl_ext_mode_exec_processing 000000018003bd10 f   sfc_mex:sfc_sf.obj
 0001:0003ad30       mdlExtModeExec             000000018003bd30 f   sfc_mex:sfc_sf.obj
 0001:0003aed0       mdlTerminate               000000018003bed0 f   sfc_mex:sfc_sf.obj
 0001:0003af40       mdlRTW                     000000018003bf40 f   sfc_mex:sfc_sf.obj
 0001:0003af70       mdlSetWorkWidths           000000018003bf70 f   sfc_mex:sfc_sf.obj
 0001:0003af80       mdlProcessParameters       000000018003bf80 f   sfc_mex:sfc_sf.obj
 0001:0003af90       mdl_start_processing       000000018003bf90 f   sfc_mex:sfc_sf.obj
 0001:0003aff0       mdlStart                   000000018003bff0 f   sfc_mex:sfc_sf.obj
 0001:0003b100       mdlEnable                  000000018003c100 f   sfc_mex:sfc_sf.obj
 0001:0003b1e0       mdlDisable                 000000018003c1e0 f   sfc_mex:sfc_sf.obj
 0001:0003b2a0       sf_get_chart_instance_ptr  000000018003c2a0 f   sfc_mex:sfc_sf.obj
 0001:0003b2c0       sf_load_rtw_optimization_info 000000018003c2c0 f   sfc_mex:sfc_sf.obj
 0001:0003b390       sf_update_buildInfo        000000018003c390 f   sfc_mex:sfc_sf.obj
 0001:0003b490       sf_rtw_info_uint_prop      000000018003c490 f   sfc_mex:sfc_sf.obj
 0001:0003b5d0       sf_is_chart_inlinable      000000018003c5d0 f   sfc_mex:sfc_sf.obj
 0001:0003b5f0       sf_mark_output_events_with_multiple_callers 000000018003c5f0 f   sfc_mex:sfc_sf.obj
 0001:0003b780       sf_mark_chart_reusable_outputs 000000018003c780 f   sfc_mex:sfc_sf.obj
 0001:0003b9e0       sf_mark_chart_expressionable_inputs 000000018003c9e0 f   sfc_mex:sfc_sf.obj
 0001:0003bc40       sf_get_subchart_simstruct  000000018003cc40 f   sfc_mex:sfc_sf.obj
 0001:0003bc90       sf_get_fixpt_data_type_id  000000018003cc90 f   sfc_mex:sfc_sf.obj
 0001:0003bcd0       sf_get_enum_data_type_id   000000018003ccd0 f   sfc_mex:sfc_sf.obj
 0001:0003bd10       sf_get_param_data_type_id  000000018003cd10 f   sfc_mex:sfc_sf.obj
 0001:0003bd40       sf_mex_listen_for_ctrl_c_force 000000018003cd40 f   sfc_mex:sfc_sf.obj
 0001:0003be50       sf_mex_draw_now            000000018003ce50 f   sfc_mex:sfc_sf.obj
 0001:0003be90       sf_mex_set_debugger_sim_status_listener_fcn 000000018003ce90 f   sfc_mex:sfc_sf.obj
 0001:0003bea0       sf_mex_listen_for_ctrl_c   000000018003cea0 f   sfc_mex:sfc_sf.obj
 0001:0003bf40       sf_mex_get_sfun_param      000000018003cf40 f   sfc_mex:sfc_sf.obj
 0001:0003bf90       sf_get_runtime_param_data  000000018003cf90 f   sfc_mex:sfc_sf.obj
 0001:0003bfd0       sf_call_output_fcn_call    000000018003cfd0 f   sfc_mex:sfc_sf.obj
 0001:0003c110       sf_call_output_fcn_enable  000000018003d110 f   sfc_mex:sfc_sf.obj
 0001:0003c1a0       sf_call_output_fcn_disable 000000018003d1a0 f   sfc_mex:sfc_sf.obj
 0001:0003c230       sf_clear_rtw_identifier    000000018003d230 f   sfc_mex:sfc_sf.obj
 0001:0003ca50       sf_set_encoded_dwork_info  000000018003da50 f   sfc_mex:sfc_sf.obj
 0001:0003caa0       sf_get_dwork_info_from_mat_file 000000018003daa0 f   sfc_mex:sfc_sf.obj
 0001:0003cc60       sf_set_rtw_dwork_info      000000018003dc60 f   sfc_mex:sfc_sf.obj
 0001:0003cdd0       mdlOutputs                 000000018003ddd0 f   sfc_mex:sfc_sf.obj
 0001:0003cfc0       sf_mex_mx_is_numeric       000000018003dfc0 f   sfc_mex:sfc_mex.obj
 0001:0003d000       strcmp_ignore_ws           000000018003e000 f   sfc_mex:sfc_mex.obj
 0001:0003d140       sf_mex_duplicatearraysafe  000000018003e140 f   sfc_mex:sfc_mex.obj
 0001:0003d2a0       sf_set_error_debugger_context_message_fcn 000000018003e2a0 f   sfc_mex:sfc_mex.obj
 0001:0003d2b0       sf_set_debugger_matlab_error_fcn 000000018003e2b0 f   sfc_mex:sfc_mex.obj
 0001:0003d2f0       sf_set_error_prefix_string 000000018003e2f0 f   sfc_mex:sfc_mex.obj
 0001:0003d320       sf_get_error_prefix_string 000000018003e320 f   sfc_mex:sfc_mex.obj
 0001:0003d330       sf_mex_enter_parallel_region 000000018003e330 f   sfc_mex:sfc_mex.obj
 0001:0003d340       sf_mex_exit_parallel_region 000000018003e340 f   sfc_mex:sfc_mex.obj
 0001:0003d350       sf_get_current_jmp_buf_ptr 000000018003e350 f   sfc_mex:sfc_mex.obj
 0001:0003d360       sf_set_current_jmp_buf_ptr 000000018003e360 f   sfc_mex:sfc_mex.obj
 0001:0003d370       sf_mex_set_halt_simulation 000000018003e370 f   sfc_mex:sfc_mex.obj
 0001:0003d380       sf_mex_get_halt_simulation 000000018003e380 f   sfc_mex:sfc_mex.obj
 0001:0003d390       sf_mex_clear_error_message 000000018003e390 f   sfc_mex:sfc_mex.obj
 0001:0003d3b0       sf_mex_get_error_message_for_read 000000018003e3b0 f   sfc_mex:sfc_mex.obj
 0001:0003d3c0       sf_mex_get_error_message_buffer_length 000000018003e3c0 f   sfc_mex:sfc_mex.obj
 0001:0003d4a0       sf_mex_warning_message     000000018003e4a0 f   sfc_mex:sfc_mex.obj
 0001:0003d510       sf_mex_v_errbuf_createf    000000018003e510 f   sfc_mex:sfc_mex.obj
 0001:0003d520       sf_mex_errbuf_createf      000000018003e520 f   sfc_mex:sfc_mex.obj
 0001:0003d550       sf_mex_v_errbuf_catf       000000018003e550 f   sfc_mex:sfc_mex.obj
 0001:0003d590       sf_mex_errbuf_catf         000000018003e590 f   sfc_mex:sfc_mex.obj
 0001:0003d5e0       sf_mex_errbuf_copy         000000018003e5e0 f   sfc_mex:sfc_mex.obj
 0001:0003d5f0       sf_mex_errbuf_clear        000000018003e5f0 f   sfc_mex:sfc_mex.obj
 0001:0003d600       sf_mex_errbuf_isempty      000000018003e600 f   sfc_mex:sfc_mex.obj
 0001:0003d700       sf_mex_set_error_status    000000018003e700 f   sfc_mex:sfc_mex.obj
 0001:0003d750       sf_mex_error_direct_call   000000018003e750 f   sfc_mex:sfc_mex.obj
 0001:0003d770       sf_mex_error_message_no_long_jump 000000018003e770 f   sfc_mex:sfc_mex.obj
 0001:0003d790       sf_mex_long_jump_on_error  000000018003e790 f   sfc_mex:sfc_mex.obj
 0001:0003d7c0       sf_mex_call_matlab         000000018003e7c0 f   sfc_mex:sfc_mex.obj
 0001:0003d8e0       sf_mex_check_builtin       000000018003e8e0 f   sfc_mex:sfc_mex.obj
 0001:0003d980       sf_mex_check_builtin_vs    000000018003e980 f   sfc_mex:sfc_mex.obj
 0001:0003da40       sf_mex_check_enum          000000018003ea40 f   sfc_mex:sfc_mex.obj
 0001:0003dac0       sf_mex_create_enum         000000018003eac0 f   sfc_mex:sfc_mex.obj
 0001:0003db30       sf_mex_get_enum_element    000000018003eb30 f   sfc_mex:sfc_mex.obj
 0001:0003db40       sf_mex_createcellarray     000000018003eb40 f   sfc_mex:sfc_mex.obj
 0001:0003db50       sf_mex_setcell             000000018003eb50 f   sfc_mex:sfc_mex.obj
 0001:0003db60       sf_mex_getcell             000000018003eb60 f   sfc_mex:sfc_mex.obj
 0001:0003db70       sf_mex_dup                 000000018003eb70 f   sfc_mex:sfc_mex.obj
 0001:0003db90       sf_mex_assign              000000018003eb90 f   sfc_mex:sfc_mex.obj
 0001:0003dc10       sf_mex_destroy             000000018003ec10 f   sfc_mex:sfc_mex.obj
 0001:0003dc40       mx_array_has_fi_type       000000018003ec40 f   sfc_mex:sfc_mex.obj
 0001:0003dc70       sf_mex_convert_from_fi     000000018003ec70 f   sfc_mex:sfc_mex.obj
 0001:0003dda0       sf_mex_convert_to_double   000000018003eda0 f   sfc_mex:sfc_mex.obj
 0001:0003dec0       sf_mex_import_fi_vs        000000018003eec0 f   sfc_mex:sfc_mex.obj
 0001:0003e0f0       sf_matrix_matrix_index_ok  000000018003f0f0 f   sfc_mex:sfc_mex.obj
 0001:0003e180       sf_vector_vector_index_ok  000000018003f180 f   sfc_mex:sfc_mex.obj
 0001:0003e1b0       ssGetCurrentInputPortDimensions_wrapper 000000018003f1b0 f   sfc_mex:sfc_mex.obj
 0001:0003e1d0       ssGetCurrentOutputPortDimensions_wrapper 000000018003f1d0 f   sfc_mex:sfc_mex.obj
 0001:0003e1f0       sf_mex_emlrt_context_is_debug_mode 000000018003f1f0 f   sfc_mex:sfc_mex.obj
 0001:0003e200       sf_mex_emlrt_context_set_debug_mode 000000018003f200 f   sfc_mex:sfc_mex.obj
 0001:0003e210       sf_mex_emlrtNameCapturePostProcessR2012a 000000018003f210 f   sfc_mex:sfc_mex.obj
 0001:0003e280       sf_clear_error_manager_info 000000018003f280 f   sfc_mex:sfc_mex.obj
 0001:0003e2e0       sf_mex_stop_simulation_abruptly_wo_error 000000018003f2e0 f   sfc_mex:sfc_mex.obj
 0001:0003e320       sf_mex_error_message       000000018003f320 f   sfc_mex:sfc_mex.obj
 0001:0003e390       sf_react_to_error_in_matlab_call 000000018003f390 f   sfc_mex:sfc_mex.obj
 0001:0003e3c0       sf_mex_addfield            000000018003f3c0 f   sfc_mex:sfc_mex.obj
 0001:0003e460       sf_mex_getfield            000000018003f460 f   sfc_mex:sfc_mex.obj
 0001:0003e760       sf_mex_check_class         000000018003f760 f   sfc_mex:sfc_mex.obj
 0001:0003e800       sf_mex_is_real             000000018003f800 f   sfc_mex:sfc_mex.obj
 0001:0003ec70       sf_mex_decode_encoded_mx_struct_array 000000018003fc70 f   sfc_mex:sfc_mex.obj
 0001:0003ef60       sf_mex_lw_bounds_check     000000018003ff60 f   sfc_mex:sfc_mex.obj
 0001:0003ef90       sf_mex_lw_size_eq_check_1d 000000018003ff90 f   sfc_mex:sfc_mex.obj
 0001:0003efb0       sf_mex_lw_size_eq_check_nd 000000018003ffb0 f   sfc_mex:sfc_mex.obj
 0001:0003f190       sf_mex_lw_dim_size_eq_check 0000000180040190 f   sfc_mex:sfc_mex.obj
 0001:0003f1c0       sf_mex_lw_dim_size_geq_check 00000001800401c0 f   sfc_mex:sfc_mex.obj
 0001:0003f1f0       sf_mex_lw_sub_assign_size_check_nd 00000001800401f0 f   sfc_mex:sfc_mex.obj
 0001:0003f3c0       sf_mex_lw_runtime_error_msgid 00000001800403c0 f   sfc_mex:sfc_mex.obj
 0001:0003f4b0       sf_mex_lw_matrix_matrix_index_check 00000001800404b0 f   sfc_mex:sfc_mex.obj
 0001:0003f4d0       sf_mex_lw_vector_vector_index_check 00000001800404d0 f   sfc_mex:sfc_mex.obj
 0001:0003f510       sf_mex_lw_for_loop_vector_check 0000000180040510 f   sfc_mex:sfc_mex.obj
 0001:0003f5a0       sf_mex_lw_non_negative_check 00000001800405a0 f   sfc_mex:sfc_mex.obj
 0001:0003f5e0       sf_mex_overflow_error      00000001800405e0 f   sfc_mex:sfc_mex.obj
 0001:0003f5f0       sf_mex_dividebyzero_error  00000001800405f0 f   sfc_mex:sfc_mex.obj
 0001:0003f600       sf_mex_unsafe_enum_error   0000000180040600 f   sfc_mex:sfc_mex.obj
 0001:0003f610       sf_emlrtErrHandler         0000000180040610 f   sfc_mex:sfc_mex.obj
 0001:0003f6f0       sf_mex_size_one_check      00000001800406f0 f   sfc_mex:sfc_mex.obj
 0001:0003f710       sf_mex_printf              0000000180040710 f   sfc_mex:sfc_mex.obj
 0001:0003f8e0       sf_mex_check_size          00000001800408e0 f   sfc_mex:sfc_mex.obj
 0001:0003fb80       sf_mex_check_struct        0000000180040b80 f   sfc_mex:sfc_mex.obj
 0001:0003fde0       sf_mex_check_struct_vs     0000000180040de0 f   sfc_mex:sfc_mex.obj
 0001:0003fe70       sf_mex_check_fi            0000000180040e70 f   sfc_mex:sfc_mex.obj
 0001:0003ff70       sf_mex_check_fi_vs         0000000180040f70 f   sfc_mex:sfc_mex.obj
 0001:00040010       sf_echo_expression         0000000180041010 f   sfc_mex:sfc_mex.obj
 0001:00040070       sf_assertion_failed        0000000180041070 f   sfc_mex:sfc_mex.obj
 0001:00040350       sf_mex_evalin              0000000180041350 f   sfc_mex:sfc_mex.obj
 0001:000405c0       sf_mex_export              00000001800415c0 f   sfc_mex:sfc_mex.obj
 0001:00040680       sf_mex_get_ml_var_no_error 0000000180041680 f   sfc_mex:sfc_mex.obj
 0001:00040820       sf_mex_get_ml_var          0000000180041820 f   sfc_mex:sfc_mex.obj
 0001:00040cb0       ml_set_element_value_in_array 0000000180041cb0 f   sfc_mex:sfc_mex.obj
 0001:00041d70       sf_mex_call_impl           0000000180042d70 f   sfc_mex:sfc_mex.obj
 0001:00042190       sf_mex_call_debug          0000000180043190 f   sfc_mex:sfc_mex.obj
 0001:000421c0       sf_mex_call                00000001800431c0 f   sfc_mex:sfc_mex.obj
 0001:00042810       sf_mex_createstruct        0000000180043810 f   sfc_mex:sfc_mex.obj
 0001:00042920       sf_mex_createstructarray   0000000180043920 f   sfc_mex:sfc_mex.obj
 0001:000429a0       sf_mex_get_mx_datatype_from_sf_datatype 00000001800439a0 f   sfc_mex:sfc_mex.obj
 0001:00042cb0       sf_mex_ml_var_sub          0000000180043cb0 f   sfc_mex:sfc_mex.obj
 0001:00042e90       sf_mex_ml_var_subsasgn     0000000180043e90 f   sfc_mex:sfc_mex.obj
 0001:00043290       sf_mex_sub                 0000000180044290 f   sfc_mex:sfc_mex.obj
 0001:000434a0       sf_mex_subsasgn            00000001800444a0 f   sfc_mex:sfc_mex.obj
 0001:000439b0       sf_mex_create              00000001800449b0 f   sfc_mex:sfc_mex.obj
 0001:00044350       sf_mex_import_named        0000000180045350 f   sfc_mex:sfc_mex.obj
 0001:000443b0       sf_mex_import              00000001800453b0 f   sfc_mex:sfc_mex.obj
 0001:00044400       sf_mex_import_vs           0000000180045400 f   sfc_mex:sfc_mex.obj
 0001:00044510       sf_mex_lower_fixpt_mx_array 0000000180045510 f   sfc_mex:sfc_mex.obj
 0001:00044830       sf_debug_chart_instance_initialized_quick 0000000180045830 f   sfc_debug:sfcdebug.obj
 0001:000448b0       sf_debug_disp              00000001800458b0 f   sfc_debug:sfcdebug.obj
 0001:00044b80       sf_debug_data_runtime_size_mismatch_error_check 0000000180045b80 f   sfc_debug:sfcdebug.obj
 0001:00044c30       sf_debug_try_loading_machine 0000000180045c30 f   sfc_debug:sfcdebug.obj
 0001:00044d30       sf_debug_reset_current_state_configuration 0000000180045d30 f   sfc_debug:sfcdebug.obj
 0001:00044db0       sf_debug_store_current_state_configuration 0000000180045db0 f   sfc_debug:sfcdebug.obj
 0001:00044e30       sf_debug_restore_previous_state_configuration 0000000180045e30 f   sfc_debug:sfcdebug.obj
 0001:00044eb0       sf_debug_restore_previous_state_configuration2 0000000180045eb0 f   sfc_debug:sfcdebug.obj
 0001:00044f30       sf_debug_get_event_scope   0000000180045f30 f   sfc_debug:sfcdebug.obj
 0001:000450a0       use_debugger_step_animation 00000001800460a0 f   sfc_debug:sfcdebug.obj
 0001:000450c0       sf_debug_get_script_id     00000001800460c0 f   sfc_debug:sfcdebug.obj
 0001:00045150       sf_debug_set_script_translation 0000000180046150 f   sfc_debug:sfcdebug.obj
 0001:000452d0       sf_debug_extract_message_post_receive_info 00000001800462d0 f   sfc_debug:sfcdebug.obj
 0001:00045490       sf_debug_get_current_machine_id 0000000180046490 f   sfc_debug:sfcdebug.obj
 0001:000454b0       sf_debug_get_current_optional_integer 00000001800464b0 f   sfc_debug:sfcdebug.obj
 0001:000454c0       sf_debug_get_current_machine_number 00000001800464c0 f   sfc_debug:sfcdebug.obj
 0001:000454e0       sf_debug_get_current_machine_name 00000001800464e0 f   sfc_debug:sfcdebug.obj
 0001:00045500       sf_debug_get_current_chart_id 0000000180046500 f   sfc_debug:sfcdebug.obj
 0001:00045540       sf_debug_get_current_chart_number 0000000180046540 f   sfc_debug:sfcdebug.obj
 0001:00045550       sf_debug_get_current_instance_number 0000000180046550 f   sfc_debug:sfcdebug.obj
 0001:00045560       sf_debug_get_current_is_minor_time_step 0000000180046560 f   sfc_debug:sfcdebug.obj
 0001:000455e0       sf_debug_get_current_object_type 00000001800465e0 f   sfc_debug:sfcdebug.obj
 0001:000455f0       sf_debug_get_current_instance_handle 00000001800465f0 f   sfc_debug:sfcdebug.obj
 0001:00045650       sf_debug_get_current_event_type 0000000180046650 f   sfc_debug:sfcdebug.obj
 0001:00045660       sf_debug_get_current_object_id 0000000180046660 f   sfc_debug:sfcdebug.obj
 0001:000456a0       sf_debug_get_current_active_event_type 00000001800466a0 f   sfc_debug:sfcdebug.obj
 0001:000456b0       sf_debug_get_current_active_event_id 00000001800466b0 f   sfc_debug:sfcdebug.obj
 0001:000456f0       sf_debug_get_current_tag_type 00000001800466f0 f   sfc_debug:sfcdebug.obj
 0001:00045700       sf_debug_get_current_simulation_time 0000000180046700 f   sfc_debug:sfcdebug.obj
 0001:00045710       sf_debug_get_current_coverage_percentage 0000000180046710 f   sfc_debug:sfcdebug.obj
 0001:00045720       sf_debug_current_statement_context 0000000180046720 f   sfc_debug:sfcdebug.obj
 0001:000457a0       sf_debug_get_current_statement_info 00000001800467a0 f   sfc_debug:sfcdebug.obj
 0001:00045940       sf_debug_terminate_instance 0000000180046940 f   sfc_debug:sfcdebug.obj
 0001:00045c60       sf_debug_assertion_failed  0000000180046c60 f   sfc_debug:sfcdebug.obj
 0001:00045e30       sf_debug_create_debug_instance_struct 0000000180046e30 f   sfc_debug:sfcdebug.obj
 0001:00045e80       sf_debug_set_number_of_data_with_change_event_for_machine 0000000180046e80 f   sfc_debug:sfcdebug.obj
 0001:00045ed0       sf_debug_set_machine_event_thresholds 0000000180046ed0 f   sfc_debug:sfcdebug.obj
 0001:00045ef0       sf_debug_set_machine_event_scope 0000000180046ef0 f   sfc_debug:sfcdebug.obj
 0001:00045f40       sf_debug_set_machine_data_thresholds 0000000180046f40 f   sfc_debug:sfcdebug.obj
 0001:00045f90       sf_debug_set_machine_data_scope 0000000180046f90 f   sfc_debug:sfcdebug.obj
 0001:00046030       sf_debug_set_machine_data_name 0000000180047030 f   sfc_debug:sfcdebug.obj
 0001:000460e0       sf_debug_set_machine_data_size 00000001800470e0 f   sfc_debug:sfcdebug.obj
 0001:00046230       sf_debug_set_machine_data_type 0000000180047230 f   sfc_debug:sfcdebug.obj
 0001:000463a0       sf_debug_get_chart_data_number 00000001800473a0 f   sfc_debug:sfcdebug.obj
 0001:000463c0       sf_debug_get_chart_event_number 00000001800473c0 f   sfc_debug:sfcdebug.obj
 0001:000463e0       sf_debug_set_chart_state_info 00000001800473e0 f   sfc_debug:sfcdebug.obj
 0001:00046470       sf_debug_set_chart_decomposition 0000000180047470 f   sfc_debug:sfcdebug.obj
 0001:000464e0       sf_debug_set_chart_substate_count 00000001800474e0 f   sfc_debug:sfcdebug.obj
 0001:000465c0       sf_debug_set_chart_substate_index 00000001800475c0 f   sfc_debug:sfcdebug.obj
 0001:00046640       sf_debug_set_chart_state_substate_count 0000000180047640 f   sfc_debug:sfcdebug.obj
 0001:00046760       sf_debug_set_chart_state_substate_index 0000000180047760 f   sfc_debug:sfcdebug.obj
 0001:000467f0       sf_debug_set_number_of_data_with_change_event_for_chart 00000001800477f0 f   sfc_debug:sfcdebug.obj
 0001:00046880       sf_debug_set_number_of_states_with_entry_event_for_chart 0000000180047880 f   sfc_debug:sfcdebug.obj
 0001:00046900       sf_debug_set_number_of_states_with_exit_event_for_chart 0000000180047900 f   sfc_debug:sfcdebug.obj
 0001:00046980       sf_debug_set_chart_disable_implicit_casting 0000000180047980 f   sfc_debug:sfcdebug.obj
 0001:000469f0       sf_debug_set_chart_event_thresholds 00000001800479f0 f   sfc_debug:sfcdebug.obj
 0001:00046a70       sf_debug_set_chart_data_compiled_props 0000000180047a70 f   sfc_debug:sfcdebug.obj
 0001:00046db0       sf_debug_set_chart_data_props 0000000180047db0 f   sfc_debug:sfcdebug.obj
 0001:000470d0       sf_debug_check_fi_license  00000001800480d0 f   sfc_debug:sfcdebug.obj
 0001:00047290       sf_debug_symbol_scope_push 0000000180048290 f   sfc_debug:sfcdebug.obj
 0001:000472d0       sf_debug_symbol_scope_push_eml 00000001800482d0 f   sfc_debug:sfcdebug.obj
 0001:00047320       sf_debug_symbol_scope_pop  0000000180048320 f   sfc_debug:sfcdebug.obj
 0001:00047360       sf_debug_symbol_scope_add_importable 0000000180048360 f   sfc_debug:sfcdebug.obj
 0001:000473e0       sf_debug_symbol_scope_add  00000001800483e0 f   sfc_debug:sfcdebug.obj
 0001:00047460       sf_debug_symbol_scope_add_dyn_importable 0000000180048460 f   sfc_debug:sfcdebug.obj
 0001:00047520       sf_debug_symbol_scope_add_dyn 0000000180048520 f   sfc_debug:sfcdebug.obj
 0001:00047560       sf_debug_symbol_scope_add_eml_importable 0000000180048560 f   sfc_debug:sfcdebug.obj
 0001:000475a0       sf_debug_symbol_scope_add_eml 00000001800485a0 f   sfc_debug:sfcdebug.obj
 0001:000475e0       sf_debug_symbol_scope_add_eml_dyn_importable 00000001800485e0 f   sfc_debug:sfcdebug.obj
 0001:00047640       sf_debug_symbol_scope_add_eml_dyn 0000000180048640 f   sfc_debug:sfcdebug.obj
 0001:000476a0       sf_debug_symbol_switch     00000001800486a0 f   sfc_debug:sfcdebug.obj
 0001:000476c0       sf_debug_symbol_scope_add_verbose 00000001800486c0 f   sfc_debug:sfcdebug.obj
 0001:00047790       sf_debug_set_machine_data_value_ptr 0000000180048790 f   sfc_debug:sfcdebug.obj
 0001:000477d0       sf_debug_set_instance_data_value_ptr 00000001800487d0 f   sfc_debug:sfcdebug.obj
 0001:000478a0       sf_debug_unset_instance_data_value_ptr 00000001800488a0 f   sfc_debug:sfcdebug.obj
 0001:00047950       sf_debug_set_chart_event_scope 0000000180048950 f   sfc_debug:sfcdebug.obj
 0001:000479d0       sf_debug_set_chart_transition_coverage_maps 00000001800489d0 f   sfc_debug:sfcdebug.obj
 0001:00047ad0       sf_debug_set_chart_state_coverage_maps 0000000180048ad0 f   sfc_debug:sfcdebug.obj
 0001:00047ba0       sf_debug_set_instance_transition_coverage_weights 0000000180048ba0 f   sfc_debug:sfcdebug.obj
 0001:00047c30       sf_debug_set_instance_state_coverage_weights 0000000180048c30 f   sfc_debug:sfcdebug.obj
 0001:00047e80       sf_debug_unload_machine    0000000180048e80 f   sfc_debug:sfcdebug.obj
 0001:00047ed0       sf_debug_load_machine      0000000180048ed0 f   sfc_debug:sfcdebug.obj
 0001:00047fe0       sf_debug_set_active_instance_in_data_dictionary 0000000180048fe0 f   sfc_debug:sfcdebug.obj
 0001:000481c0       sf_debug_set_active_instance 00000001800491c0 f   sfc_debug:sfcdebug.obj
 0001:00048320       sf_debug_chart_visiblity_change 0000000180049320 f   sfc_debug:sfcdebug.obj
 0001:00048410       sf_debug_select_chart      0000000180049410 f   sfc_debug:sfcdebug.obj
 0001:00048570       sf_debug_set_instance_cv_ids 0000000180049570 f   sfc_debug:sfcdebug.obj
 0001:000488a0       sf_debug_select_charts     00000001800498a0 f   sfc_debug:sfcdebug.obj
 0001:00048a50       sf_debug_initialized       0000000180049a50 f   sfc_debug:sfcdebug.obj
 0001:00048a70       sf_debug_is_uninterruptible 0000000180049a70 f   sfc_debug:sfcdebug.obj
 0001:00048aa0       sf_debug_initialize_debugger_gui 0000000180049aa0 f   sfc_debug:sfcdebug.obj
 0001:00048e80       sf_debug_resume            0000000180049e80 f   sfc_debug:sfcdebug.obj
 0001:00048ea0       sf_debug_go                0000000180049ea0 f   sfc_debug:sfcdebug.obj
 0001:00048eb0       sf_debug_break             0000000180049eb0 f   sfc_debug:sfcdebug.obj
 0001:00048ec0       sf_debug_step_over         0000000180049ec0 f   sfc_debug:sfcdebug.obj
 0001:00048ed0       sf_debug_step_out          0000000180049ed0 f   sfc_debug:sfcdebug.obj
 0001:00048ee0       sf_debug_set_disable_all_breakpoints 0000000180049ee0 f   sfc_debug:sfcdebug.obj
 0001:00048ef0       sf_debug_disable_all_breakpoints_and_go 0000000180049ef0 f   sfc_debug:sfcdebug.obj
 0001:00048f00       sf_debug_break_on_chart_entry 0000000180049f00 f   sfc_debug:sfcdebug.obj
 0001:00048f10       sf_debug_break_on_event_broadcast 0000000180049f10 f   sfc_debug:sfcdebug.obj
 0001:00048f20       sf_debug_break_on_state_entry 0000000180049f20 f   sfc_debug:sfcdebug.obj
 0001:00048f30       sf_debug_break_between_times 0000000180049f30 f   sfc_debug:sfcdebug.obj
 0001:00048f50       sf_debug_browse_data       0000000180049f50 f   sfc_debug:sfcdebug.obj
 0001:00048f60       sf_debug_watch_data        0000000180049f60 f   sfc_debug:sfcdebug.obj
 0001:00048f90       sf_debug_assign_data       0000000180049f90 f   sfc_debug:sfcdebug.obj
 0001:00048fa0       sf_debug_whos              0000000180049fa0 f   sfc_debug:sfcdebug.obj
 0001:00048fc0       sf_debug_get_consistency_info 0000000180049fc0 f   sfc_debug:sfcdebug.obj
 0001:00048fd0       sf_debug_browse_trace      0000000180049fd0 f   sfc_debug:sfcdebug.obj
 0001:00048fe0       sf_debug_set_breakpoints   0000000180049fe0 f   sfc_debug:sfcdebug.obj
 0001:00049150       sf_debug_set_eml_breakpoints 000000018004a150 f   sfc_debug:sfcdebug.obj
 0001:000492b0       sf_debug_set_script_breakpoints 000000018004a2b0 f   sfc_debug:sfcdebug.obj
 0001:00049330       sf_debug_add_script_breakpoints 000000018004a330 f   sfc_debug:sfcdebug.obj
 0001:000493a0       sf_debug_clear_script_breakpoints 000000018004a3a0 f   sfc_debug:sfcdebug.obj
 0001:00049410       sf_debug_query_script_breakpoints 000000018004a410 f   sfc_debug:sfcdebug.obj
 0001:000494c0       sf_debug_get_eml_script_id 000000018004a4c0 f   sfc_debug:sfcdebug.obj
 0001:00049510       sf_debug_set_watch         000000018004a510 f   sfc_debug:sfcdebug.obj
 0001:00049730       sf_debug_get_instance_handle 000000018004a730 f   sfc_debug:sfcdebug.obj
 0001:000497c0       sf_debug_get_active_states 000000018004a7c0 f   sfc_debug:sfcdebug.obj
 0001:000497d0       sf_debug_set_honor_breakpoints 000000018004a7d0 f   sfc_debug:sfcdebug.obj
 0001:000497e0       sf_debug_get_animation     000000018004a7e0 f   sfc_debug:sfcdebug.obj
 0001:000497f0       sf_debug_set_animation     000000018004a7f0 f   sfc_debug:sfcdebug.obj
 0001:00049800       sf_debug_animate           000000018004a800 f   sfc_debug:sfcdebug.obj
 0001:00049820       sf_debug_cycle_detection_check 000000018004a820 f   sfc_debug:sfcdebug.obj
 0001:00049830       sf_debug_data_range_check  000000018004a830 f   sfc_debug:sfcdebug.obj
 0001:00049840       sf_debug_transition_conflict_check 000000018004a840 f   sfc_debug:sfcdebug.obj
 0001:00049850       sf_debug_state_consistency_check 000000018004a850 f   sfc_debug:sfcdebug.obj
 0001:00049860       sf_debug_data_range_check_enabled 000000018004a860 f   sfc_debug:sfcdebug.obj
 0001:00049880       sf_debug_transition_conflict_check_enabled 000000018004a880 f   sfc_debug:sfcdebug.obj
 0001:000498a0       sf_debug_transition_conflict_check_begin 000000018004a8a0 f   sfc_debug:sfcdebug.obj
 0001:000498c0       sf_debug_transition_conflict_check_end 000000018004a8c0 f   sfc_debug:sfcdebug.obj
 0001:000498e0       sf_debug_stop_debugging    000000018004a8e0 f   sfc_debug:sfcdebug.obj
 0001:00049910       sf_debug_is_cycle_detected 000000018004a910 f   sfc_debug:sfcdebug.obj
 0001:00049920       sf_debug_is_array_bounds_detected 000000018004a920 f   sfc_debug:sfcdebug.obj
 0001:00049930       sf_debug_get_state_vectors_data_size 000000018004a930 f   sfc_debug:sfcdebug.obj
 0001:00049970       sf_debug_get_state_vectors_data 000000018004a970 f   sfc_debug:sfcdebug.obj
 0001:00049a80       sf_debug_set_state_vectors_data 000000018004aa80 f   sfc_debug:sfcdebug.obj
 0001:00049d10       sf_debug_get_script_index  000000018004ad10 f   sfc_debug:sfcdebug.obj
 0001:00049ea0       sf_debug_add_script        000000018004aea0 f   sfc_debug:sfcdebug.obj
 0001:0004a030       cv_eval_point              000000018004b030 f   sfc_debug:sfcdebug.obj
 0001:0004a1a0       cv_eval_testobjective      000000018004b1a0 f   sfc_debug:sfcdebug.obj
 0001:0004a2b0       sf_debug_cv_init_state     000000018004b2b0 f   sfc_debug:sfcdebug.obj
 0001:0004a3e0       sf_debug_cv_init_chart     000000018004b3e0 f   sfc_debug:sfcdebug.obj
 0001:0004a4d0       sf_debug_cv_init_trans     000000018004b4d0 f   sfc_debug:sfcdebug.obj
 0001:0004a5e0       sf_debug_cv_init_saturation 000000018004b5e0 f   sfc_debug:sfcdebug.obj
 0001:0004a6e0       sf_debug_cv_init_testobjectives 000000018004b6e0 f   sfc_debug:sfcdebug.obj
 0001:0004a8c0       cv_eml_init_script         000000018004b8c0 f   sfc_debug:sfcdebug.obj
 0001:0004a9e0       cv_eml_init_fcn            000000018004b9e0 f   sfc_debug:sfcdebug.obj
 0001:0004aaf0       cv_eml_init_testobjective  000000018004baf0 f   sfc_debug:sfcdebug.obj
 0001:0004abd0       cv_eml_init_saturation     000000018004bbd0 f   sfc_debug:sfcdebug.obj
 0001:0004aca0       cv_eml_init_if             000000018004bca0 f   sfc_debug:sfcdebug.obj
 0001:0004ad80       cv_eml_init_for            000000018004bd80 f   sfc_debug:sfcdebug.obj
 0001:0004ae50       cv_eml_init_while          000000018004be50 f   sfc_debug:sfcdebug.obj
 0001:0004af20       cv_eml_init_mcdc           000000018004bf20 f   sfc_debug:sfcdebug.obj
 0001:0004b040       cv_eml_init_switch         000000018004c040 f   sfc_debug:sfcdebug.obj
 0001:0004b140       cv_eml_eval                000000018004c140 f   sfc_debug:sfcdebug.obj
 0001:0004b230       sf_debug_bm_is_a_eml_breakpoint 000000018004c230 f   sfc_debug:sfcdebug.obj
 0001:0004b380       sf_debug_temporal_threshold 000000018004c380 f   sfc_debug:sfcdebug.obj
 0001:0004b6f0       sf_debug_transition_conflict_error 000000018004c6f0 f   sfc_debug:sfcdebug.obj
 0001:0004ba50       sf_debug_state_inconsistency_error 000000018004ca50 f   sfc_debug:sfcdebug.obj
 0001:0004bb70       sf_debug_check_for_state_inconsistency 000000018004cb70 f   sfc_debug:sfcdebug.obj
 0001:0004bbb0       sf_debug_cycle_detecton_error 000000018004cbb0 f   sfc_debug:sfcdebug.obj
 0001:0004c300       sf_debug_size_eq_check_1d  000000018004d300 f   sfc_debug:sfcdebug.obj
 0001:0004c320       sf_debug_size_eq_check_nd  000000018004d320 f   sfc_debug:sfcdebug.obj
 0001:0004c520       sf_debug_dim_size_eq_check 000000018004d520 f   sfc_debug:sfcdebug.obj
 0001:0004c550       sf_debug_dim_size_geq_check 000000018004d550 f   sfc_debug:sfcdebug.obj
 0001:0004c580       sf_debug_sub_assign_size_check_nd 000000018004d580 f   sfc_debug:sfcdebug.obj
 0001:0004c760       sf_debug_matrix_matrix_index_check 000000018004d760 f   sfc_debug:sfcdebug.obj
 0001:0004c7b0       sf_debug_vector_vector_index_check 000000018004d7b0 f   sfc_debug:sfcdebug.obj
 0001:0004c800       sf_debug_for_loop_vector_check 000000018004d800 f   sfc_debug:sfcdebug.obj
 0001:0004c8a0       sf_debug_runtime_error_msgid 000000018004d8a0 f   sfc_debug:sfcdebug.obj
 0001:0004c940       sf_debug_data_array_bounds_error_check 000000018004d940 f   sfc_debug:sfcdebug.obj
 0001:0004ca50       sf_debug_eml_data_array_bounds_error_check 000000018004da50 f   sfc_debug:sfcdebug.obj
 0001:0004cf10       sf_debug_integer_check     000000018004df10 f   sfc_debug:sfcdebug.obj
 0001:0004d000       sf_debug_not_nan_check     000000018004e000 f   sfc_debug:sfcdebug.obj
 0001:0004d0d0       sf_debug_non_negative_check 000000018004e0d0 f   sfc_debug:sfcdebug.obj
 0001:0004d1a0       sf_debug_overflow_detection 000000018004e1a0 f   sfc_debug:sfcdebug.obj
 0001:0004d800       sf_debug_cast_to_real32_T  000000018004e800 f   sfc_debug:sfcdebug.obj
 0001:0004d8d0       sf_debug_cast_to_int8_T    000000018004e8d0 f   sfc_debug:sfcdebug.obj
 0001:0004d9a0       sf_debug_cast_to_uint8_T   000000018004e9a0 f   sfc_debug:sfcdebug.obj
 0001:0004da70       sf_debug_cast_to_int16_T   000000018004ea70 f   sfc_debug:sfcdebug.obj
 0001:0004db40       sf_debug_cast_to_uint16_T  000000018004eb40 f   sfc_debug:sfcdebug.obj
 0001:0004dc10       sf_debug_cast_to_int32_T   000000018004ec10 f   sfc_debug:sfcdebug.obj
 0001:0004dce0       sf_debug_cast_to_uint32_T  000000018004ece0 f   sfc_debug:sfcdebug.obj
 0001:0004ddb0       sf_debug_data_range_error  000000018004edb0 f   sfc_debug:sfcdebug.obj
 0001:0004e0c0       sf_debug_read_before_write_check 000000018004f0c0 f   sfc_debug:sfcdebug.obj
 0001:0004e4f0       sf_debug_data_range_error_wrapper_min_max 000000018004f4f0 f   sfc_debug:sfcdebug.obj
 0001:0004e610       sf_debug_data_range_error_wrapper_min 000000018004f610 f   sfc_debug:sfcdebug.obj
 0001:0004e720       sf_debug_data_range_error_wrapper_max 000000018004f720 f   sfc_debug:sfcdebug.obj
 0001:0004e830       sf_debug_data_range_wrapper 000000018004f830 f   sfc_debug:sfcdebug.obj
 0001:0004e8f0       sf_debug_set_current_status_info 000000018004f8f0 f   sfc_debug:sfcdebug.obj
 0001:0004ec90       sf_debug_register_message_post_receive_info 000000018004fc90 f   sfc_debug:sfcdebug.obj
 0001:0004eee0       sf_debug_call              000000018004fee0 f   sfc_debug:sfcdebug.obj
 0001:0004f840       sf_debug_initialize_machine 0000000180050840 f   sfc_debug:sfcdebug.obj
 0001:0004faf0       sf_debug_initialize_chart  0000000180050af0 f   sfc_debug:sfcdebug.obj
 0001:0004ff40       sf_debug_ensure_script     0000000180050f40 f   sfc_debug:sfcdebug.obj
 0001:0004fff0       cv_eval_saturation         0000000180050ff0 f   sfc_debug:sfcdebug.obj
 0001:00050170       cv_saturation_accum        0000000180051170 f   sfc_debug:sfcdebug.obj
 0001:000502b0       cv_script_init_script      00000001800512b0 f   sfc_debug:sfcdebug.obj
 0001:000503a0       cv_script_init_fcn         00000001800513a0 f   sfc_debug:sfcdebug.obj
 0001:00050460       cv_script_init_testobjective 0000000180051460 f   sfc_debug:sfcdebug.obj
 0001:00050520       cv_script_init_saturation  0000000180051520 f   sfc_debug:sfcdebug.obj
 0001:000505d0       cv_script_init_if          00000001800515d0 f   sfc_debug:sfcdebug.obj
 0001:00050690       cv_script_init_for         0000000180051690 f   sfc_debug:sfcdebug.obj
 0001:00050740       cv_script_init_while       0000000180051740 f   sfc_debug:sfcdebug.obj
 0001:000507f0       cv_script_init_mcdc        00000001800517f0 f   sfc_debug:sfcdebug.obj
 0001:000508f0       cv_script_init_switch      00000001800518f0 f   sfc_debug:sfcdebug.obj
 0001:000509d0       cv_script_eval             00000001800519d0 f   sfc_debug:sfcdebug.obj
 0001:00050aa0       eml_debug_line_call        0000000180051aa0 f   sfc_debug:sfcdebug.obj
 0001:00050c70       sf_debug_terminate         0000000180051c70 f   sfc_debug:sfcdebug.obj
 0001:00050e80       sf_debug_set_script_cv_ids 0000000180051e80 f   sfc_debug:sfcdebug.obj
 0001:00050fb0       sf_debug_api               0000000180051fb0 f   sfc_debug:sfc_api.obj
 0001:000528a0       sf_debug_sm_terminate      00000001800538a0 f   sfc_debug:sfdb_animation.obj
 0001:00052a50       sf_debug_reset_path_objects 0000000180053a50 f   sfc_debug:sfdb_animation.obj
 0001:00052ad0       sf_debug_sm_reset_object_selection_status 0000000180053ad0 f   sfc_debug:sfdb_animation.obj
 0001:00052b70       sf_debug_sm_reset_state_buffer 0000000180053b70 f   sfc_debug:sfdb_animation.obj
 0001:00052c40       sf_debug_sm_store_state_buffer 0000000180053c40 f   sfc_debug:sfdb_animation.obj
 0001:00052cc0       sf_debug_sm_restore_state_buffer1 0000000180053cc0 f   sfc_debug:sfdb_animation.obj
 0001:00052d30       sf_debug_sm_restore_state_buffer2 0000000180053d30 f   sfc_debug:sfdb_animation.obj
 0001:00052da0       sf_debug_sm_chart_active   0000000180053da0 f   sfc_debug:sfdb_animation.obj
 0001:00052df0       sf_debug_sm_select_active_objects 0000000180053df0 f   sfc_debug:sfdb_animation.obj
 0001:000532c0       sf_debug_sm_is_chart_active 00000001800542c0 f   sfc_debug:sfdb_animation.obj
 0001:00053300       sf_debug_sm_is_state_active 0000000180054300 f   sfc_debug:sfdb_animation.obj
 0001:00053540       sf_debug_sm_get_active_states 0000000180054540 f   sfc_debug:sfdb_animation.obj
 0001:00053af0       sf_debug_sm_initialize_instance 0000000180054af0 f   sfc_debug:sfdb_animation.obj
 0001:00053d00       sf_debug_sm_change_object_selection_status 0000000180054d00 f   sfc_debug:sfdb_animation.obj
 0001:00053fd0       cv_create_interface        0000000180054fd0 f   sfc_debug:cv_sfinterface.obj
 0001:000542e0       cv_init_trans              00000001800552e0 f   sfc_debug:cv_sfinterface.obj
 0001:00054330       cv_init_saturation         0000000180055330 f   sfc_debug:cv_sfinterface.obj
 0001:00054370       cv_init_testobjective      0000000180055370 f   sfc_debug:cv_sfinterface.obj
 0001:000543b0       cv_init_state              00000001800553b0 f   sfc_debug:cv_sfinterface.obj
 0001:00054420       cv_init_chart              0000000180055420 f   sfc_debug:cv_sfinterface.obj
 0001:00054470       cv_dec_update_call         0000000180055470 f   sfc_debug:cv_sfinterface.obj
 0001:000544b0       cv_cond_update_call        00000001800554b0 f   sfc_debug:cv_sfinterface.obj
 0001:000544f0       cv_saturation_update_call  00000001800554f0 f   sfc_debug:cv_sfinterface.obj
 0001:00054530       cv_saturation_update_accum 0000000180055530 f   sfc_debug:cv_sfinterface.obj
 0001:00054570       cv_testobjective_update_call 0000000180055570 f   sfc_debug:cv_sfinterface.obj
 0001:000545b0       cv_sigrange_update         00000001800555b0 f   sfc_debug:cv_sfinterface.obj
 0001:000545f0       cvsf_eml_eval              00000001800555f0 f   sfc_debug:cv_sfinterface.obj
 0001:000546d0       cvsf_eml_init_script       00000001800556d0 f   sfc_debug:cv_sfinterface.obj
 0001:00054760       cvsf_eml_init_fcn          0000000180055760 f   sfc_debug:cv_sfinterface.obj
 0001:000547c0       cvsf_eml_init_testobjective 00000001800557c0 f   sfc_debug:cv_sfinterface.obj
 0001:00054820       cvsf_eml_init_saturation   0000000180055820 f   sfc_debug:cv_sfinterface.obj
 0001:00054870       cvsf_eml_init_if           0000000180055870 f   sfc_debug:cv_sfinterface.obj
 0001:000548d0       cvsf_eml_init_for          00000001800558d0 f   sfc_debug:cv_sfinterface.obj
 0001:00054920       cvsf_eml_init_while        0000000180055920 f   sfc_debug:cv_sfinterface.obj
 0001:00054970       cvsf_eml_init_mcdc         0000000180055970 f   sfc_debug:cv_sfinterface.obj
 0001:00054a00       cvsf_eml_init_switch       0000000180055a00 f   sfc_debug:cv_sfinterface.obj
 0001:00054a70       cvsf_script_eval           0000000180055a70 f   sfc_debug:cv_sfinterface.obj
 0001:00054b50       cvsf_script_init_script    0000000180055b50 f   sfc_debug:cv_sfinterface.obj
 0001:00054be0       cvsf_script_init_fcn       0000000180055be0 f   sfc_debug:cv_sfinterface.obj
 0001:00054c40       cvsf_script_init_testobjective 0000000180055c40 f   sfc_debug:cv_sfinterface.obj
 0001:00054ca0       cvsf_script_init_saturation 0000000180055ca0 f   sfc_debug:cv_sfinterface.obj
 0001:00054cf0       cvsf_script_init_if        0000000180055cf0 f   sfc_debug:cv_sfinterface.obj
 0001:00054d50       cvsf_script_init_for       0000000180055d50 f   sfc_debug:cv_sfinterface.obj
 0001:00054da0       cvsf_script_init_while     0000000180055da0 f   sfc_debug:cv_sfinterface.obj
 0001:00054df0       cvsf_script_init_mcdc      0000000180055df0 f   sfc_debug:cv_sfinterface.obj
 0001:00054e80       cvsf_script_init_switch    0000000180055e80 f   sfc_debug:cv_sfinterface.obj
 0001:00054ef0       cv_destroy_interface       0000000180055ef0 f   sfc_debug:cv_sfinterface.obj
 0001:00054f10       cv_create_instance_objects 0000000180055f10 f   sfc_debug:cv_sfinterface.obj
 0001:00055380       cv_is_enabled              0000000180056380 f   sfc_debug:cv_sfinterface.obj
 0001:00055390       sf_debug_cv_initialize_script 0000000180056390 f   sfc_debug:cv_sfinterface.obj
 0001:00055520       sf_debug_cv_initialize_instance 0000000180056520 f   sfc_debug:cv_sfinterface.obj
 0001:000558b0       sf_debug_cv_terminate_chart 00000001800568b0 f   sfc_debug:cv_sfinterface.obj
 0001:000559d0       cv_call_trans_test         00000001800569d0 f   sfc_debug:cv_sfinterface.obj
 0001:000559e0       cv_call_sub_cond_test      00000001800569e0 f   sfc_debug:cv_sfinterface.obj
 0001:00055a20       sf_debug_st_initialize_machine 0000000180056a20 f   sfc_debug:sfdb_data_browse.obj
 0001:00055ad0       sf_debug_st_initialize_instance 0000000180056ad0 f   sfc_debug:sfdb_data_browse.obj
 0001:00055ce0       sf_debug_st_terminate      0000000180056ce0 f   sfc_debug:sfdb_data_browse.obj
 0001:00056080       sf_debug_st_set_data_value_ptr_in_machine 0000000180057080 f   sfc_debug:sfdb_data_browse.obj
 0001:00056110       sf_debug_st_set_data_value_ptr_in_instance 0000000180057110 f   sfc_debug:sfdb_data_browse.obj
 0001:000561f0       sf_debug_st_unset_data_value_ptr_in_machine 00000001800571f0 f   sfc_debug:sfdb_data_browse.obj
 0001:00056260       sf_debug_st_unset_data_value_ptr_in_instance 0000000180057260 f   sfc_debug:sfdb_data_browse.obj
 0001:00056520       sf_debug_mx_value          0000000180057520 f   sfc_debug:sfdb_data_browse.obj
 0001:00056580       sf_debug_mx_packed_vector  0000000180057580 f   sfc_debug:sfdb_data_browse.obj
 0001:00056660       sf_debug_mx_uint_vector    0000000180057660 f   sfc_debug:sfdb_data_browse.obj
 0001:00056710       sf_debug_st_get_double_value_from_void_ptr_vector 0000000180057710 f   sfc_debug:sfdb_data_browse.obj
 0001:000571f0       sf_debug_st_browse_data    00000001800581f0 f   sfc_debug:sfdb_data_browse.obj
 0001:00057a30       sf_debug_hm_initialize_instance 0000000180058a30 f   sfc_debug:sfdb_handle_management.obj
 0001:00057f10       sf_debug_hm_get_object_id  0000000180058f10 f   sfc_debug:sfdb_handle_management.obj
 0001:00058ac0       sf_debug_hm_update_chart_visibility 0000000180059ac0 f   sfc_debug:sfdb_handle_management.obj
 0001:00059cb0       sf_debug_object_is_eml_function 000000018005acb0 f   sfc_debug:sfdb_handle_management.obj
 0001:00059d20       sf_debug_hm_initialize_ids_in_machine 000000018005ad20 f   sfc_debug:sfdb_handle_management.obj
 0001:00059e90       sf_debug_hm_initialize_ids_in_chart 000000018005ae90 f   sfc_debug:sfdb_handle_management.obj
 0001:00059f90       sf_debug_hm_initialize_chart 000000018005af90 f   sfc_debug:sfdb_handle_management.obj
 0001:0005a690       sf_debug_hm_terminate      000000018005b690 f   sfc_debug:sfdb_handle_management.obj
 0001:0005a6f0       sf_debug_hm_initialize_machine 000000018005b6f0 f   sfc_debug:sfdb_handle_management.obj
 0001:0005ae10       sf_debug_ss_initialize     000000018005be10 f   sfc_debug:sfdb_symbol_scope.obj
 0001:0005ae30       sf_debug_ss_terminate      000000018005be30 f   sfc_debug:sfdb_symbol_scope.obj
 0001:0005aec0       sf_debug_ss_push_symbol_scope 000000018005bec0 f   sfc_debug:sfdb_symbol_scope.obj
 0001:0005afc0       sf_debug_ss_push_symbol_scope_eml 000000018005bfc0 f   sfc_debug:sfdb_symbol_scope.obj
 0001:0005b020       sf_debug_ss_pop_symbol_scope 000000018005c020 f   sfc_debug:sfdb_symbol_scope.obj
 0001:0005b0d0       sf_debug_ss_add_symbol     000000018005c0d0 f   sfc_debug:sfdb_symbol_scope.obj
 0001:0005b240       sf_debug_ss_add_symbol_eml 000000018005c240 f   sfc_debug:sfdb_symbol_scope.obj
 0001:0005c140       sf_debug_ss_set_data_value 000000018005d140 f   sfc_debug:sfdb_symbol_scope.obj
 0001:0005c590       getInstanceNumber          000000018005d590 f   sfc_debug:sfdb_symbol_scope.obj
 0001:0005c660       sf_debug_ss_watch_data     000000018005d660 f   sfc_debug:sfdb_symbol_scope.obj
 0001:0005c850       sf_debug_ss_assign_data    000000018005d850 f   sfc_debug:sfdb_symbol_scope.obj
 0001:0005d260       get_data_entry_name        000000018005e260 f   sfc_debug:sfdb_symbol_scope.obj
 0001:0005d2b0       sf_debug_ss_whos           000000018005e2b0 f   sfc_debug:sfdb_symbol_scope.obj
 0001:0005d900       sf_debug_cc_initialize_chart 000000018005e900 f   sfc_debug:sfdb_coverage.obj
 0001:0005e2f0       sf_debug_cc_initialize_instance 000000018005f2f0 f   sfc_debug:sfdb_coverage.obj
 0001:0005f030       sf_debug_cc_terminate      0000000180060030 f   sfc_debug:sfdb_coverage.obj
 0001:0005f120       sf_debug_cc_set_transition_maps 0000000180060120 f   sfc_debug:sfdb_coverage.obj
 0001:0005f250       sf_debug_cc_set_state_maps 0000000180060250 f   sfc_debug:sfdb_coverage.obj
 0001:0005f330       sf_debug_cc_set_transition_weights 0000000180060330 f   sfc_debug:sfdb_coverage.obj
 0001:0005f5f0       sf_debug_cc_set_state_weights 00000001800605f0 f   sfc_debug:sfdb_coverage.obj
 0001:0005f8c0       sf_debug_cc_mark_transition_guard 00000001800608c0 f   sfc_debug:sfdb_coverage.obj
 0001:0005f950       sf_debug_cc_mark_transition_trigger 0000000180060950 f   sfc_debug:sfdb_coverage.obj
 0001:0005f9e0       sf_debug_cc_mark_transition_decision 00000001800609e0 f   sfc_debug:sfdb_coverage.obj
 0001:0005fa50       sf_debug_cc_mark_transition_condition_action 0000000180060a50 f   sfc_debug:sfdb_coverage.obj
 0001:0005faa0       sf_debug_cc_mark_transition_transition_action 0000000180060aa0 f   sfc_debug:sfdb_coverage.obj
 0001:0005faf0       sf_debug_cc_mark_state_entry 0000000180060af0 f   sfc_debug:sfdb_coverage.obj
 0001:0005fb40       sf_debug_cc_mark_state_during 0000000180060b40 f   sfc_debug:sfdb_coverage.obj
 0001:0005fb90       sf_debug_cc_mark_state_exit 0000000180060b90 f   sfc_debug:sfdb_coverage.obj
 0001:0005fbe0       sf_debug_bm_clear_script_breakpoints 0000000180060be0 f   sfc_debug:sfdb_breakpoints.obj
 0001:0005fc10       sf_debug_bm_set_script_breakpoint 0000000180060c10 f   sfc_debug:sfdb_breakpoints.obj
 0001:0005fc90       sf_debug_bm_clear_single_script_breakpoint 0000000180060c90 f   sfc_debug:sfdb_breakpoints.obj
 0001:0005fd10       sf_debug_bm_query_script_breakpoint 0000000180060d10 f   sfc_debug:sfdb_breakpoints.obj
 0001:0005fd60       sf_debug_bm_initialize_scripts 0000000180060d60 f   sfc_debug:sfdb_breakpoints.obj
 0001:000603f0       sf_debug_bm_terminate      00000001800613f0 f   sfc_debug:sfdb_breakpoints.obj
 0001:000606d0       sf_debug_bm_remove_all_breakpoints_in_machine 00000001800616d0 f   sfc_debug:sfdb_breakpoints.obj
 0001:00060730       sf_debug_bm_remove_all_breakpoints_in_chart 0000000180061730 f   sfc_debug:sfdb_breakpoints.obj
 0001:00060880       sf_debug_bm_initialize_global_breakpoints 0000000180061880 f   sfc_debug:sfdb_breakpoints.obj
 0001:00060a00       sf_debug_bm_set_breakpoint 0000000180061a00 f   sfc_debug:sfdb_breakpoints.obj
 0001:00060fc0       sf_debug_bm_set_eml_breakpoint 0000000180061fc0 f   sfc_debug:sfdb_breakpoints.obj
 0001:00061050       sf_debug_bm_initialize_machine_breakpoint_map 0000000180062050 f   sfc_debug:sfdb_breakpoints.obj
 0001:00061470       sf_debug_bm_is_a_breakpoint 0000000180062470 f   sfc_debug:sfdb_breakpoints.obj
 0001:00061990       sf_debug_bm_get_all_breakpoints_in_machine 0000000180062990 f   sfc_debug:sfdb_breakpoints.obj
 0001:00061c90       sf_debug_bm_get_all_breakpoints_in_chart 0000000180062c90 f   sfc_debug:sfdb_breakpoints.obj
 0001:00062820       sf_debug_bm_initialize_machine 0000000180063820 f   sfc_debug:sfdb_breakpoints.obj
 0001:000628f0       sf_debug_bm_initialize_chart 00000001800638f0 f   sfc_debug:sfdb_breakpoints.obj
 0001:00062ce0       sf_debug_sc_terminate      0000000180063ce0 f   sfc_debug:sfdb_state_consistency.obj
 0001:00063000       sf_debug_sc_is_chart_consistent 0000000180064000 f   sfc_debug:sfdb_state_consistency.obj
 0001:000632b0       sf_debug_sc_get_consistency_error_info 00000001800642b0 f   sfc_debug:sfdb_state_consistency.obj
 0001:000636c0       sf_debug_tm_terminate      00000001800646c0 f   sfc_debug:sfdb_call_stack.obj
 0001:00063770       sf_debug_tm_push_chart_instance 0000000180064770 f   sfc_debug:sfdb_call_stack.obj
 0001:000638b0       sf_debug_tm_pop_chart_instance 00000001800648b0 f   sfc_debug:sfdb_call_stack.obj
 0001:00063910       sf_debug_tm_push_trace_node 0000000180064910 f   sfc_debug:sfdb_call_stack.obj
 0001:00063a90       sf_debug_tm_pop_trace_node 0000000180064a90 f   sfc_debug:sfdb_call_stack.obj
 0001:00063b10       sf_debug_tm_get_current_global_trace_index 0000000180064b10 f   sfc_debug:sfdb_call_stack.obj
 0001:00063b20       sf_debug_tm_get_current_local_trace_index 0000000180064b20 f   sfc_debug:sfdb_call_stack.obj
 0001:00063b50       sf_debug_tm_set_cycle_detected_flag 0000000180064b50 f   sfc_debug:sfdb_call_stack.obj
 0001:00063b90       sf_debug_tm_set_cycle_started_flag 0000000180064b90 f   sfc_debug:sfdb_call_stack.obj
 0001:00063bd0       sf_debug_tm_get_chart_number_from_stack 0000000180064bd0 f   sfc_debug:sfdb_call_stack.obj
 0001:00063dd0       sf_debug_tm_browse_trace   0000000180064dd0 f   sfc_debug:sfdb_call_stack.obj
 0001:000640e0       sf_debug_cd_initialize_instance 00000001800650e0 f   sfc_debug:sfdb_cycle_detection.obj
 0001:00064390       sf_debug_cd_mark_processed_transition_in_instance 0000000180065390 f   sfc_debug:sfdb_cycle_detection.obj
 0001:00064430       sf_debug_cd_checksum_push  0000000180065430 f   sfc_debug:sfdb_cycle_detection.obj
 0001:000646e0       sf_debug_cd_checksum_pop   00000001800656e0 f   sfc_debug:sfdb_cycle_detection.obj
 0001:00064750       sf_debug_cd_turn_off_cycle_detection 0000000180065750 f   sfc_debug:sfdb_cycle_detection.obj
 0001:000647a0       sf_debug_cd_terminate      00000001800657a0 f   sfc_debug:sfdb_cycle_detection.obj
 0001:000649d0       md5_initialize_state       00000001800659d0 f   sfc_debug:ckmd5.obj
 0001:00065460       md5_update_state           0000000180066460 f   sfc_debug:ckmd5.obj
 0001:00065480       md5_get_hash               0000000180066480 f   sfc_debug:ckmd5.obj
 0001:000654b0       md5_get_hash_for_a_single_string 00000001800664b0 f   sfc_debug:ckmd5.obj
 0001:00065510       mxGetPr                    0000000180066510 f   libmx:libmx.dll
 0001:00065516       mxSetField_730             0000000180066516 f   libmx:libmx.dll
 0001:0006551c       mxDestroyArray             000000018006651c f   libmx:libmx.dll
 0001:00065522       mxCreateDoubleMatrix_730   0000000180066522 f   libmx:libmx.dll
 0001:00065528       mxCreateDoubleScalar       0000000180066528 f   libmx:libmx.dll
 0001:0006552e       mxCreateString             000000018006652e f   libmx:libmx.dll
 0001:00065534       mxCreateCellMatrix_730     0000000180066534 f   libmx:libmx.dll
 0001:0006553a       mxCreateStructMatrix_730   000000018006653a f   libmx:libmx.dll
 0001:00065540       mxDuplicateArray           0000000180066540 f   libmx:libmx.dll
 0001:00065546       mxCalloc                   0000000180066546 f   libmx:libmx.dll
 0001:0006554c       mxGetClassID               000000018006654c f   libmx:libmx.dll
 0001:00065552       mxIsNumeric                0000000180066552 f   libmx:libmx.dll
 0001:00065558       mxIsChar                   0000000180066558 f   libmx:libmx.dll
 0001:0006555e       mxIsComplex                000000018006655e f   libmx:libmx.dll
 0001:00065564       mxGetM                     0000000180066564 f   libmx:libmx.dll
 0001:0006556a       mxGetN                     000000018006656a f   libmx:libmx.dll
 0001:00065570       mxGetString_730            0000000180066570 f   libmx:libmx.dll
 0001:00065576       mxGetScalar                0000000180066576 f   libmx:libmx.dll
 0001:0006557c       mxGetString_700            000000018006657c f   libmx:libmx.dll
 0001:00065582       mxFree                     0000000180066582 f   libmx:libmx.dll
 0001:00065588       mxArrayToString            0000000180066588 f   libmx:libmx.dll
 0001:0006558e       mxGetNumberOfElements      000000018006658e f   libmx:libmx.dll
 0001:00065594       mxGetField_700             0000000180066594 f   libmx:libmx.dll
 0001:0006559a       mxSetFieldByNumber_700     000000018006659a f   libmx:libmx.dll
 0001:000655a0       mxCreateStructArray_700    00000001800665a0 f   libmx:libmx.dll
 0001:000655a6       mxGetData                  00000001800665a6 f   libmx:libmx.dll
 0001:000655ac       mxCreateNumericArray_700   00000001800665ac f   libmx:libmx.dll
 0001:000655b2       mxIsLogical                00000001800665b2 f   libmx:libmx.dll
 0001:000655b8       mxCreateDoubleMatrix_700   00000001800665b8 f   libmx:libmx.dll
 0001:000655be       mxCreateCellMatrix_700     00000001800665be f   libmx:libmx.dll
 0001:000655c4       mxSetCell_700              00000001800665c4 f   libmx:libmx.dll
 0001:000655ca       mxGetCell_700              00000001800665ca f   libmx:libmx.dll
 0001:000655d0       mxGetClassName             00000001800665d0 f   libmx:libmx.dll
 0001:000655d6       mxSetField_700             00000001800665d6 f   libmx:libmx.dll
 0001:000655dc       mxAddField                 00000001800665dc f   libmx:libmx.dll
 0001:000655e2       mxIsStruct                 00000001800665e2 f   libmx:libmx.dll
 0001:000655e8       mxIsA                      00000001800665e8 f   libmx:libmx.dll
 0001:000655ee       mxIsClass                  00000001800665ee f   libmx:libmx.dll
 0001:000655f4       mxGetLogicals              00000001800665f4 f   libmx:libmx.dll
 0001:000655fa       mxIsSparse                 00000001800665fa f   libmx:libmx.dll
 0001:00065600       mxGetFieldByNumber_700     0000000180066600 f   libmx:libmx.dll
 0001:00065606       mxGetFieldNameByNumber     0000000180066606 f   libmx:libmx.dll
 0001:0006560c       mxGetNumberOfFields        000000018006660c f   libmx:libmx.dll
 0001:00065612       mxCreateStructMatrix_700   0000000180066612 f   libmx:libmx.dll
 0001:00065618       mxGetFieldNumber           0000000180066618 f   libmx:libmx.dll
 0001:0006561e       mxIsNaN                    000000018006661e f   libmx:libmx.dll
 0001:00065624       mxIsEmpty                  0000000180066624 f   libmx:libmx.dll
 0001:0006562a       mxGetImagData              000000018006662a f   libmx:libmx.dll
 0001:00065630       mxArrayClassIDName         0000000180066630 f   libmx:libmx.dll
 0001:00065636       mxCreateNumericMatrix_700  0000000180066636 f   libmx:libmx.dll
 0001:0006563c       mxCalcSingleSubscript_700  000000018006663c f   libmx:libmx.dll
 0001:00065642       mxGetDimensions_700        0000000180066642 f   libmx:libmx.dll
 0001:00065648       mxGetNumberOfDimensions_700 0000000180066648 f   libmx:libmx.dll
 0001:0006564e       mxGetElementSize           000000018006664e f   libmx:libmx.dll
 0001:00065654       mxCreateStringFromNChars_700 0000000180066654 f   libmx:libmx.dll
 0001:0006565a       mxIsLogicalScalarTrue      000000018006665a f   libmx:libmx.dll
 0001:00065660       mxCreateLogicalScalar      0000000180066660 f   libmx:libmx.dll
 0001:00065666       mexErrMsgTxt               0000000180066666 f   libmex:libmex.dll
 0001:0006566c       mexWarnMsgTxt              000000018006666c f   libmex:libmex.dll
 0001:00065672       mexCallMATLAB              0000000180066672 f   libmex:libmex.dll
 0001:00065678       mexUnlock                  0000000180066678 f   libmex:libmex.dll
 0001:0006567e       mexIsLocked                000000018006667e f   libmex:libmex.dll
 0001:00065684       mexMakeArrayPersistent     0000000180066684 f   libmex:libmex.dll
 0001:0006568a       mexLock                    000000018006668a f   libmex:libmex.dll
 0001:00065690       mexMakeMemoryPersistent    0000000180066690 f   libmex:libmex.dll
 0001:00065696       mexSetTrapFlag             0000000180066696 f   libmex:libmex.dll
 0001:0006569c       mexPutVariable             000000018006669c f   libmex:libmex.dll
 0001:000656a2       mexGetVariable             00000001800666a2 f   libmex:libmex.dll
 0001:000656a8       mexFunctionName            00000001800666a8 f   libmex:libmex.dll
 0001:000656ae       ssRegisterDataTypeFxpFSlopeFixExpBias 00000001800666ae f   libfixedpoint:libfixedpoint.dll
 0001:000656b4       ssRegisterDataTypeFxpScaledDouble 00000001800666b4 f   libfixedpoint:libfixedpoint.dll
 0001:000656ba       utMalloc                   00000001800666ba f   libut:libut.dll
 0001:000656c0       utFree                     00000001800666c0 f   libut:libut.dll
 0001:000656c6       utCPUtime                  00000001800666c6 f   libut:libut.dll
 0001:000656cc       utVSNprintf                00000001800666cc f   libut:libut.dll
 0001:000656d2       utCalloc                   00000001800666d2 f   libut:libut.dll
 0001:000656d8       utRealloc                  00000001800666d8 f   libut:libut.dll
 0001:000656de       muDoubleScalarAbs          00000001800666de f   libmwmathutil:libmwmathutil.dll
 0001:000656e4       muDoubleScalarCos          00000001800666e4 f   libmwmathutil:libmwmathutil.dll
 0001:000656ea       muDoubleScalarSin          00000001800666ea f   libmwmathutil:libmwmathutil.dll
 0001:000656f0       emlrtCreateRootTLS         00000001800666f0 f   libemlrt:libemlrt.dll
 0001:000656f6       emlrtDestroyRootTLS        00000001800666f6 f   libemlrt:libemlrt.dll
 0001:000656fc       emlrtCheckBuiltInR2012b    00000001800666fc f   libemlrt:libemlrt.dll
 0001:00065702       emlrtCheckVsBuiltInR2012b  0000000180066702 f   libemlrt:libemlrt.dll
 0001:00065708       emlrtCheckEnumR2012b       0000000180066708 f   libemlrt:libemlrt.dll
 0001:0006570e       emlrtCreateEnumR2012b      000000018006670e f   libemlrt:libemlrt.dll
 0001:00065714       emlrtGetEnumElementR2009a  0000000180066714 f   libemlrt:libemlrt.dll
 0001:0006571a       emlrtCreateReference       000000018006671a f   libemlrt:libemlrt.dll
 0001:00065720       emlrtImportVsFiArrayR2009b 0000000180066720 f   libemlrt:libemlrt.dll
 0001:00065726       emlrtNameCapturePostProcessR2012a 0000000180066726 f   libemlrt:libemlrt.dll
 0001:0006572c       emlrtExtractMessageId      000000018006672c f   libemlrt:libemlrt.dll
 0001:00065732       emlrtTranslateMessageIDtoLCPstring 0000000180066732 f   libemlrt:libemlrt.dll
 0001:00065738       emlrtForLoopVectorIsValidR2011b 0000000180066738 f   libemlrt:libemlrt.dll
 0001:0006573e       emlrtTranslateUTF16MessagetoLCPstring 000000018006673e f   libemlrt:libemlrt.dll
 0001:00065744       emlrtGetEnumUnderlyingArrayR2009a 0000000180066744 f   libemlrt:libemlrt.dll
 0001:0006574a       emlrtIsEnumR2009a          000000018006674a f   libemlrt:libemlrt.dll
 0001:00065750       memset                     0000000180066750 f   MSVCRT:MSVCR110.dll
 0001:00065756       strlen                     0000000180066756 f   MSVCRT:MSVCR110.dll
 0001:0006575c       __GSHandlerCheck           000000018006675c f   MSVCRT:gshandler.obj
 0001:0006577c       __GSHandlerCheckCommon     000000018006677c f   MSVCRT:gshandler.obj
 0001:000657f0       __security_check_cookie    00000001800667f0 f   MSVCRT:amdsecgs.obj
 0001:00065810       __raise_securityfailure    0000000180066810 f   MSVCRT:gs_report.obj
 0001:0006585c       __report_gsfailure         000000018006685c f   MSVCRT:gs_report.obj
 0001:00065930       __report_rangecheckfailure 0000000180066930 f   MSVCRT:gs_report.obj
 0001:00065944       __report_securityfailure   0000000180066944 f   MSVCRT:gs_report.obj
 0001:000659e0       __report_securityfailureEx 00000001800669e0 f   MSVCRT:gs_report.obj
 0001:00065aee       memcpy                     0000000180066aee f   MSVCRT:MSVCR110.dll
 0001:00065af4       strcat                     0000000180066af4 f   MSVCRT:MSVCR110.dll
 0001:00065afa       strcmp                     0000000180066afa f   MSVCRT:MSVCR110.dll
 0001:00065b00       sprintf                    0000000180066b00 f   MSVCRT:MSVCR110.dll
 0001:00065b06       free                       0000000180066b06 f   MSVCRT:MSVCR110.dll
 0001:00065b0c       malloc                     0000000180066b0c f   MSVCRT:MSVCR110.dll
 0001:00065b74       NtCurrentTeb               0000000180066b74 f i MSVCRT:crtdll.obj
 0001:00065b80       _CRT_INIT                  0000000180066b80 f   MSVCRT:crtdll.obj
 0001:00065dcc       _DllMainCRTStartup         0000000180066dcc f   MSVCRT:crtdll.obj
 0001:00065f42       _setjmp                    0000000180066f42 f   MSVCRT:MSVCR110.dll
 0001:00065f48       strncpy                    0000000180066f48 f   MSVCRT:MSVCR110.dll
 0001:00065f60       _alloca_probe              0000000180066f60     MSVCRT:chkstk.obj
 0001:00065f60       __chkstk                   0000000180066f60 f   MSVCRT:chkstk.obj
 0001:00065fae       longjmp                    0000000180066fae f   MSVCRT:MSVCR110.dll
 0001:00065fb4       strncmp                    0000000180066fb4 f   MSVCRT:MSVCR110.dll
 0001:00065fba       ceil                       0000000180066fba f   MSVCRT:MSVCR110.dll
 0001:00065fc0       strrchr                    0000000180066fc0 f   MSVCRT:MSVCR110.dll
 0001:00065fc6       ldexp                      0000000180066fc6 f   MSVCRT:MSVCR110.dll
 0001:00065fcc       __crt_debugger_hook        0000000180066fcc f   MSVCRT:MSVCR110.dll
 0001:00065fd2       __crtUnhandledException    0000000180066fd2 f   MSVCRT:MSVCR110.dll
 0001:00065fd8       __crtTerminateProcess      0000000180066fd8 f   MSVCRT:MSVCR110.dll
 0001:00065fde       __crtCaptureCurrentContext 0000000180066fde f   MSVCRT:MSVCR110.dll
 0001:00065fe4       __crtCapturePreviousContext 0000000180066fe4 f   MSVCRT:MSVCR110.dll
 0001:00065fea       __CppXcptFilter            0000000180066fea f   MSVCRT:MSVCR110.dll
 0001:00065ff0       _amsg_exit                 0000000180066ff0 f   MSVCRT:MSVCR110.dll
 0001:00066000       _FindPESection             0000000180067000 f   MSVCRT:pesect.obj
 0001:00066050       _IsNonwritableInCurrentImage 0000000180067050 f   MSVCRT:pesect.obj
 0001:000660a0       _ValidateImageBase         00000001800670a0 f   MSVCRT:pesect.obj
 0001:000660d0       __atonexitinit             00000001800670d0 f   MSVCRT:atonexit.obj
 0001:00066120       _onexit                    0000000180067120 f   MSVCRT:atonexit.obj
 0001:000661d0       atexit                     00000001800671d0 f   MSVCRT:atonexit.obj
 0001:000661e8       __security_init_cookie     00000001800671e8 f   MSVCRT:gs_support.obj
 0001:000662a0       DllMain                    00000001800672a0 f   MSVCRT:dllmain.obj
 0001:000662c4       _malloc_crt                00000001800672c4 f   MSVCRT:MSVCR110.dll
 0001:000662cc       _RTC_Initialize            00000001800672cc f   MSVCRT:initsect.obj
 0001:00066304       _RTC_Terminate             0000000180067304 f   MSVCRT:initsect.obj
 0001:0006633c       _initterm                  000000018006733c f   MSVCRT:MSVCR110.dll
 0001:00066342       _initterm_e                0000000180067342 f   MSVCRT:MSVCR110.dll
 0001:00066348       __clean_type_info_names    0000000180067348 f   MSVCRT:tncleanup.obj
 0001:00066354       __C_specific_handler       0000000180067354 f   MSVCRT:MSVCR110.dll
 0001:0006635a       _lock                      000000018006735a f   MSVCRT:MSVCR110.dll
 0001:00066360       _unlock                    0000000180067360 f   MSVCRT:MSVCR110.dll
 0001:00066366       _calloc_crt                0000000180067366 f   MSVCRT:MSVCR110.dll
 0001:0006636c       __dllonexit                000000018006736c f   MSVCRT:MSVCR110.dll
 0001:00066372       __clean_type_info_names_internal 0000000180067372 f   MSVCRT:MSVCR110.dll
 0001:00066378       IsDebuggerPresent          0000000180067378 f   kernel32:KERNEL32.dll
 0001:0006637e       IsProcessorFeaturePresent  000000018006737e f   kernel32:KERNEL32.dll
 0001:00066384       EncodePointer              0000000180067384 f   kernel32:KERNEL32.dll
 0001:0006638a       DecodePointer              000000018006738a f   kernel32:KERNEL32.dll
 0001:00066390       QueryPerformanceCounter    0000000180067390 f   kernel32:KERNEL32.dll
 0001:00066396       GetCurrentThreadId         0000000180067396 f   kernel32:KERNEL32.dll
 0001:0006639c       GetSystemTimeAsFileTime    000000018006739c f   kernel32:KERNEL32.dll
 0001:000663a2       GetTickCount64             00000001800673a2 f   kernel32:KERNEL32.dll
 0001:000663a8       DisableThreadLibraryCalls  00000001800673a8 f   kernel32:KERNEL32.dll
 0002:00000000       __imp_DisableThreadLibraryCalls 0000000180068000     kernel32:KERNEL32.dll
 0002:00000008       __imp_GetTickCount64       0000000180068008     kernel32:KERNEL32.dll
 0002:00000010       __imp_GetSystemTimeAsFileTime 0000000180068010     kernel32:KERNEL32.dll
 0002:00000018       __imp_GetCurrentThreadId   0000000180068018     kernel32:KERNEL32.dll
 0002:00000020       __imp_QueryPerformanceCounter 0000000180068020     kernel32:KERNEL32.dll
 0002:00000028       __imp_DecodePointer        0000000180068028     kernel32:KERNEL32.dll
 0002:00000030       __imp_EncodePointer        0000000180068030     kernel32:KERNEL32.dll
[...]
 0004:000034bc       $pdata$get_data_info_helper 00000001800824bc     sfc_debug:sfdb_symbol_scope.obj
 0004:000034c8       $pdata$1$get_data_info_helper 00000001800824c8     sfc_debug:sfdb_symbol_scope.obj
 0004:000034d4       $pdata$2$get_data_info_helper 00000001800824d4     sfc_debug:sfdb_symbol_scope.obj
 0004:000034e0       $pdata$3$get_data_info_helper 00000001800824e0     sfc_debug:sfdb_symbol_scope.obj
 0004:000034ec       $pdata$4$get_data_info_helper 00000001800824ec     sfc_debug:sfdb_symbol_scope.obj
 0004:000034f8       $pdata$5$get_data_info_helper 00000001800824f8     sfc_debug:sfdb_symbol_scope.obj
 0004:00003504       $pdata$6$get_data_info_helper 0000000180082504     sfc_debug:sfdb_symbol_scope.obj
 0004:00003510       $pdata$sf_debug_ss_get_data_info 0000000180082510     sfc_debug:sfdb_symbol_scope.obj
 0004:0000351c       $pdata$sf_debug_ss_set_data_value_try 000000018008251c     sfc_debug:sfdb_symbol_scope.obj
 0004:00003528       $pdata$sf_debug_ss_set_data_value 0000000180082528     sfc_debug:sfdb_symbol_scope.obj
 0004:00003534       $pdata$sf_debug_ss_get_data_value 0000000180082534     sfc_debug:sfdb_symbol_scope.obj
 0004:00003540       $pdata$getInstanceNumber   0000000180082540     sfc_debug:sfdb_symbol_scope.obj
 0004:0000354c       $pdata$sf_debug_ss_watch_data 000000018008254c     sfc_debug:sfdb_symbol_scope.obj
 0004:00003558       $pdata$0$sf_debug_ss_watch_data 0000000180082558     sfc_debug:sfdb_symbol_scope.obj
 0004:00003564       $pdata$1$sf_debug_ss_watch_data 0000000180082564     sfc_debug:sfdb_symbol_scope.obj
 0004:00003570       $pdata$2$sf_debug_ss_watch_data 0000000180082570     sfc_debug:sfdb_symbol_scope.obj
 0004:0000357c       $pdata$sf_debug_ss_assign_data 000000018008257c     sfc_debug:sfdb_symbol_scope.obj
 0004:00003588       $pdata$sf_debug_ss_data_bytes_string 0000000180082588     sfc_debug:sfdb_symbol_scope.obj
 0004:00003594       $pdata$sf_debug_ss_data_class_string 0000000180082594     sfc_debug:sfdb_symbol_scope.obj
 0004:000035a0       $pdata$1$sf_debug_ss_data_class_string 00000001800825a0     sfc_debug:sfdb_symbol_scope.obj
 0004:000035ac       $pdata$2$sf_debug_ss_data_class_string 00000001800825ac     sfc_debug:sfdb_symbol_scope.obj
 0004:000035b8       $pdata$3$sf_debug_ss_data_class_string 00000001800825b8     sfc_debug:sfdb_symbol_scope.obj
 0004:000035c4       $pdata$4$sf_debug_ss_data_class_string 00000001800825c4     sfc_debug:sfdb_symbol_scope.obj
 0004:000035d0       $pdata$sf_debug_ss_data_size_string 00000001800825d0     sfc_debug:sfdb_symbol_scope.obj
 0004:000035dc       $pdata$0$sf_debug_ss_data_size_string 00000001800825dc     sfc_debug:sfdb_symbol_scope.obj
 0004:000035e8       $pdata$1$sf_debug_ss_data_size_string 00000001800825e8     sfc_debug:sfdb_symbol_scope.obj
 0004:000035f4       $pdata$sf_debug_ss_data_create_data_info_struct 00000001800825f4     sfc_debug:sfdb_symbol_scope.obj
 0004:00003600       $pdata$1$sf_debug_ss_data_create_data_info_struct 0000000180082600     sfc_debug:sfdb_symbol_scope.obj
 0004:0000360c       $pdata$2$sf_debug_ss_data_create_data_info_struct 000000018008260c     sfc_debug:sfdb_symbol_scope.obj
 0004:00003618       $pdata$sf_debug_ss_data_create_name_value_pair 0000000180082618     sfc_debug:sfdb_symbol_scope.obj
 0004:00003624       $pdata$same_named_data_in_data_array 0000000180082624     sfc_debug:sfdb_symbol_scope.obj
 0004:00003630       $pdata$sf_debug_ss_whos    0000000180082630     sfc_debug:sfdb_symbol_scope.obj
 0004:0000363c       $pdata$sf_debug_cc_initialize_chart 000000018008263c     sfc_debug:sfdb_coverage.obj
 0004:00003648       $pdata$1$sf_debug_cc_initialize_chart 0000000180082648     sfc_debug:sfdb_coverage.obj
 0004:00003654       $pdata$2$sf_debug_cc_initialize_chart 0000000180082654     sfc_debug:sfdb_coverage.obj
 0004:00003660       $pdata$sf_debug_cc_initialize_instance 0000000180082660     sfc_debug:sfdb_coverage.obj
 0004:0000366c       $pdata$2$sf_debug_cc_initialize_instance 000000018008266c     sfc_debug:sfdb_coverage.obj
 0004:00003678       $pdata$3$sf_debug_cc_initialize_instance 0000000180082678     sfc_debug:sfdb_coverage.obj
 0004:00003684       $pdata$4$sf_debug_cc_initialize_instance 0000000180082684     sfc_debug:sfdb_coverage.obj
 0004:00003690       $pdata$sf_debug_cc_terminate_chart 0000000180082690     sfc_debug:sfdb_coverage.obj
 0004:0000369c       $pdata$0$sf_debug_cc_terminate_chart 000000018008269c     sfc_debug:sfdb_coverage.obj
 0004:000036a8       $pdata$2$sf_debug_cc_terminate_chart 00000001800826a8     sfc_debug:sfdb_coverage.obj
 0004:000036b4       $pdata$3$sf_debug_cc_terminate_chart 00000001800826b4     sfc_debug:sfdb_coverage.obj
 0004:000036c0       $pdata$4$sf_debug_cc_terminate_chart 00000001800826c0     sfc_debug:sfdb_coverage.obj
 0004:000036cc       $pdata$sf_debug_cc_terminate_instance 00000001800826cc     sfc_debug:sfdb_coverage.obj
 0004:000036d8       $pdata$sf_debug_cc_terminate 00000001800826d8     sfc_debug:sfdb_coverage.obj
 0004:000036e4       $pdata$5$sf_debug_cc_terminate 00000001800826e4     sfc_debug:sfdb_coverage.obj
 0004:000036f0       $pdata$6$sf_debug_cc_terminate 00000001800826f0     sfc_debug:sfdb_coverage.obj
 0004:000036fc       $pdata$sf_debug_cc_set_transition_maps 00000001800826fc     sfc_debug:sfdb_coverage.obj
 0004:00003708       $pdata$sf_debug_cc_set_transition_weights 0000000180082708     sfc_debug:sfdb_coverage.obj
 0004:00003714       $pdata$sf_debug_cc_set_state_weights 0000000180082714     sfc_debug:sfdb_coverage.obj
 0004:00003720       $pdata$sf_debug_cc_mark_object_if_needed 0000000180082720     sfc_debug:sfdb_coverage.obj
 0004:0000372c       $pdata$sf_debug_cc_mark_transition_guard 000000018008272c     sfc_debug:sfdb_coverage.obj
 0004:00003738       $pdata$sf_debug_cc_mark_transition_trigger 0000000180082738     sfc_debug:sfdb_coverage.obj
 0004:00003744       $pdata$sf_debug_cc_mark_transition_decision 0000000180082744     sfc_debug:sfdb_coverage.obj
 0004:00003750       $pdata$sf_debug_bm_clear_script_breakpoints 0000000180082750     sfc_debug:sfdb_breakpoints.obj
 0004:0000375c       $pdata$sf_debug_bm_set_script_breakpoint 000000018008275c     sfc_debug:sfdb_breakpoints.obj
 0004:00003768       $pdata$sf_debug_bm_clear_single_script_breakpoint 0000000180082768     sfc_debug:sfdb_breakpoints.obj
 0004:00003774       $pdata$sf_debug_bm_query_script_breakpoint 0000000180082774     sfc_debug:sfdb_breakpoints.obj
 0004:00003780       $pdata$sf_debug_bm_initialize_scripts 0000000180082780     sfc_debug:sfdb_breakpoints.obj
 0004:0000378c       $pdata$0$sf_debug_bm_initialize_scripts 000000018008278c     sfc_debug:sfdb_breakpoints.obj
 0004:00003798       $pdata$2$sf_debug_bm_initialize_scripts 0000000180082798     sfc_debug:sfdb_breakpoints.obj
 0004:000037a4       $pdata$3$sf_debug_bm_initialize_scripts 00000001800827a4     sfc_debug:sfdb_breakpoints.obj
 0004:000037b0       $pdata$4$sf_debug_bm_initialize_scripts 00000001800827b0     sfc_debug:sfdb_breakpoints.obj
 0004:000037bc       $pdata$sf_debug_bm_initialize_eml 00000001800827bc     sfc_debug:sfdb_breakpoints.obj
 0004:000037c8       $pdata$0$sf_debug_bm_initialize_eml 00000001800827c8     sfc_debug:sfdb_breakpoints.obj
 0004:000037d4       $pdata$1$sf_debug_bm_initialize_eml 00000001800827d4     sfc_debug:sfdb_breakpoints.obj
 0004:000037e0       $pdata$sf_debug_bm_terminate 00000001800827e0     sfc_debug:sfdb_breakpoints.obj
 0004:000037ec       $pdata$2$sf_debug_bm_terminate 00000001800827ec     sfc_debug:sfdb_breakpoints.obj
 0004:000037f8       $pdata$6$sf_debug_bm_terminate 00000001800827f8     sfc_debug:sfdb_breakpoints.obj
 0004:00003804       $pdata$7$sf_debug_bm_terminate 0000000180082804     sfc_debug:sfdb_breakpoints.obj
 0004:00003810       $pdata$8$sf_debug_bm_terminate 0000000180082810     sfc_debug:sfdb_breakpoints.obj
 0004:0000381c       $pdata$sf_debug_bm_remove_all_breakpoints_in_machine 000000018008281c     sfc_debug:sfdb_breakpoints.obj
 0004:00003828       $pdata$sf_debug_bm_remove_all_breakpoints_in_chart 0000000180082828     sfc_debug:sfdb_breakpoints.obj
 0004:00003834       $pdata$sf_debug_bm_initialize_global_breakpoints 0000000180082834     sfc_debug:sfdb_breakpoints.obj
 0004:00003840       $pdata$sf_debug_bm_set_breakpoint 0000000180082840     sfc_debug:sfdb_breakpoints.obj
 0004:0000384c       $pdata$0$sf_debug_bm_set_breakpoint 000000018008284c     sfc_debug:sfdb_breakpoints.obj
 0004:00003858       $pdata$1$sf_debug_bm_set_breakpoint 0000000180082858     sfc_debug:sfdb_breakpoints.obj
 0004:00003864       $pdata$2$sf_debug_bm_set_breakpoint 0000000180082864     sfc_debug:sfdb_breakpoints.obj
 0004:00003870       $pdata$3$sf_debug_bm_set_breakpoint 0000000180082870     sfc_debug:sfdb_breakpoints.obj
 0004:0000387c       $pdata$sf_debug_bm_set_eml_breakpoint 000000018008287c     sfc_debug:sfdb_breakpoints.obj
 0004:00003888       $pdata$sf_debug_bm_map_debug_tag_to_breakpoint_tag 0000000180082888     sfc_debug:sfdb_breakpoints.obj
 0004:00003894       $pdata$sf_debug_bm_is_a_eml_breakpoint_impl 0000000180082894     sfc_debug:sfdb_breakpoints.obj
 0004:000038a0       $pdata$sf_debug_bm_is_a_breakpoint 00000001800828a0     sfc_debug:sfdb_breakpoints.obj
 0004:000038ac       $pdata$1$sf_debug_bm_is_a_breakpoint 00000001800828ac     sfc_debug:sfdb_breakpoints.obj
 0004:000038b8       $pdata$2$sf_debug_bm_is_a_breakpoint 00000001800828b8     sfc_debug:sfdb_breakpoints.obj
 0004:000038c4       $pdata$3$sf_debug_bm_is_a_breakpoint 00000001800828c4     sfc_debug:sfdb_breakpoints.obj
 0004:000038d0       $pdata$4$sf_debug_bm_is_a_breakpoint 00000001800828d0     sfc_debug:sfdb_breakpoints.obj
 0004:000038dc       $pdata$5$sf_debug_bm_is_a_breakpoint 00000001800828dc     sfc_debug:sfdb_breakpoints.obj
 0004:000038e8       $pdata$sf_debug_bm_get_all_breakpoints_in_machine 00000001800828e8     sfc_debug:sfdb_breakpoints.obj
 0004:000038f4       $pdata$0$sf_debug_bm_get_all_breakpoints_in_machine 00000001800828f4     sfc_debug:sfdb_breakpoints.obj
 0004:00003900       $pdata$1$sf_debug_bm_get_all_breakpoints_in_machine 0000000180082900     sfc_debug:sfdb_breakpoints.obj
 0004:0000390c       $pdata$2$sf_debug_bm_get_all_breakpoints_in_machine 000000018008290c     sfc_debug:sfdb_breakpoints.obj
 0004:00003918       $pdata$3$sf_debug_bm_get_all_breakpoints_in_machine 0000000180082918     sfc_debug:sfdb_breakpoints.obj
 0004:00003924       $pdata$sf_debug_bm_get_all_breakpoints_in_chart 0000000180082924     sfc_debug:sfdb_breakpoints.obj
 0004:00003930       $pdata$4$sf_debug_bm_get_all_breakpoints_in_chart 0000000180082930     sfc_debug:sfdb_breakpoints.obj
 0004:0000393c       $pdata$5$sf_debug_bm_get_all_breakpoints_in_chart 000000018008293c     sfc_debug:sfdb_breakpoints.obj
 0004:00003948       $pdata$6$sf_debug_bm_get_all_breakpoints_in_chart 0000000180082948     sfc_debug:sfdb_breakpoints.obj
 0004:00003954       $pdata$7$sf_debug_bm_get_all_breakpoints_in_chart 0000000180082954     sfc_debug:sfdb_breakpoints.obj
 0004:00003960       $pdata$8$sf_debug_bm_get_all_breakpoints_in_chart 0000000180082960     sfc_debug:sfdb_breakpoints.obj
 0004:0000396c       $pdata$sf_debug_bm_initialize_machine 000000018008296c     sfc_debug:sfdb_breakpoints.obj
 0004:00003978       $pdata$sf_debug_bm_initialize_chart 0000000180082978     sfc_debug:sfdb_breakpoints.obj
 0004:00003984       $pdata$sf_debug_sc_push_on_error_stack 0000000180082984     sfc_debug:sfdb_state_consistency.obj
 0004:00003990       $pdata$sf_debug_sc_terminate 0000000180082990     sfc_debug:sfdb_state_consistency.obj
 0004:0000399c       $pdata$6$sf_debug_sc_terminate 000000018008299c     sfc_debug:sfdb_state_consistency.obj
 0004:000039a8       $pdata$7$sf_debug_sc_terminate 00000001800829a8     sfc_debug:sfdb_state_consistency.obj
 0004:000039b4       $pdata$sf_debug_sc_is_state_inconsistent 00000001800829b4     sfc_debug:sfdb_state_consistency.obj
 0004:000039c0       $pdata$0$sf_debug_sc_is_state_inconsistent 00000001800829c0     sfc_debug:sfdb_state_consistency.obj
 0004:000039cc       $pdata$1$sf_debug_sc_is_state_inconsistent 00000001800829cc     sfc_debug:sfdb_state_consistency.obj
 0004:000039d8       $pdata$sf_debug_sc_is_chart_consistent 00000001800829d8     sfc_debug:sfdb_state_consistency.obj
 0004:000039e4       $pdata$sf_debug_sc_fill_consistency_info 00000001800829e4     sfc_debug:sfdb_state_consistency.obj
 0004:000039f0       $pdata$1$sf_debug_sc_fill_consistency_info 00000001800829f0     sfc_debug:sfdb_state_consistency.obj
 0004:000039fc       $pdata$2$sf_debug_sc_fill_consistency_info 00000001800829fc     sfc_debug:sfdb_state_consistency.obj
 0004:00003a08       $pdata$sf_debug_sc_get_consistency_error_info 0000000180082a08     sfc_debug:sfdb_state_consistency.obj
 0004:00003a14       $pdata$3$sf_debug_sc_get_consistency_error_info 0000000180082a14     sfc_debug:sfdb_state_consistency.obj
 0004:00003a20       $pdata$4$sf_debug_sc_get_consistency_error_info 0000000180082a20     sfc_debug:sfdb_state_consistency.obj
 0004:00003a2c       $pdata$sf_debug_tm_terminate 0000000180082a2c     sfc_debug:sfdb_call_stack.obj
 0004:00003a38       $pdata$0$sf_debug_tm_terminate 0000000180082a38     sfc_debug:sfdb_call_stack.obj
 0004:00003a44       $pdata$1$sf_debug_tm_terminate 0000000180082a44     sfc_debug:sfdb_call_stack.obj
 0004:00003a50       $pdata$2$sf_debug_tm_terminate 0000000180082a50     sfc_debug:sfdb_call_stack.obj
 0004:00003a5c       $pdata$3$sf_debug_tm_terminate 0000000180082a5c     sfc_debug:sfdb_call_stack.obj
 0004:00003a68       $pdata$sf_debug_tm_push_chart_instance 0000000180082a68     sfc_debug:sfdb_call_stack.obj
 0004:00003a74       $pdata$1$sf_debug_tm_push_chart_instance 0000000180082a74     sfc_debug:sfdb_call_stack.obj
 0004:00003a80       $pdata$2$sf_debug_tm_push_chart_instance 0000000180082a80     sfc_debug:sfdb_call_stack.obj
 0004:00003a8c       $pdata$sf_debug_tm_push_trace_node 0000000180082a8c     sfc_debug:sfdb_call_stack.obj
 0004:00003a98       $pdata$0$sf_debug_tm_push_trace_node 0000000180082a98     sfc_debug:sfdb_call_stack.obj
 0004:00003aa4       $pdata$7$sf_debug_tm_push_trace_node 0000000180082aa4     sfc_debug:sfdb_call_stack.obj
 0004:00003ab0       $pdata$8$sf_debug_tm_push_trace_node 0000000180082ab0     sfc_debug:sfdb_call_stack.obj
 0004:00003abc       $pdata$sf_debug_tm_fill_local_trace 0000000180082abc     sfc_debug:sfdb_call_stack.obj
 0004:00003ac8       $pdata$1$sf_debug_tm_fill_local_trace 0000000180082ac8     sfc_debug:sfdb_call_stack.obj
 0004:00003ad4       $pdata$2$sf_debug_tm_fill_local_trace 0000000180082ad4     sfc_debug:sfdb_call_stack.obj
 0004:00003ae0       $pdata$sf_debug_tm_browse_trace 0000000180082ae0     sfc_debug:sfdb_call_stack.obj
 0004:00003aec       $pdata$4$sf_debug_tm_browse_trace 0000000180082aec     sfc_debug:sfdb_call_stack.obj
 0004:00003af8       $pdata$5$sf_debug_tm_browse_trace 0000000180082af8     sfc_debug:sfdb_call_stack.obj
 0004:00003b04       $pdata$sf_debug_cd_initialize_instance 0000000180082b04     sfc_debug:sfdb_cycle_detection.obj
 0004:00003b10       $pdata$sf_debug_cd_terminate_instance 0000000180082b10     sfc_debug:sfdb_cycle_detection.obj
 0004:00003b1c       $pdata$sf_debug_cd_free_checksum_stack 0000000180082b1c     sfc_debug:sfdb_cycle_detection.obj
 0004:00003b28       $pdata$0$sf_debug_cd_free_checksum_stack 0000000180082b28     sfc_debug:sfdb_cycle_detection.obj
 0004:00003b34       $pdata$1$sf_debug_cd_free_checksum_stack 0000000180082b34     sfc_debug:sfdb_cycle_detection.obj
 0004:00003b40       $pdata$sf_debug_cd_reset_pack_strings 0000000180082b40     sfc_debug:sfdb_cycle_detection.obj
 0004:00003b4c       $pdata$6$sf_debug_cd_reset_pack_strings 0000000180082b4c     sfc_debug:sfdb_cycle_detection.obj
 0004:00003b58       $pdata$7$sf_debug_cd_reset_pack_strings 0000000180082b58     sfc_debug:sfdb_cycle_detection.obj
 0004:00003b64       $pdata$sf_debug_cd_mark_processed_transition_in_instance 0000000180082b64     sfc_debug:sfdb_cycle_detection.obj
 0004:00003b70       $pdata$sf_debug_cd_checksum_push 0000000180082b70     sfc_debug:sfdb_cycle_detection.obj
 0004:00003b7c       $pdata$4$sf_debug_cd_checksum_push 0000000180082b7c     sfc_debug:sfdb_cycle_detection.obj
 0004:00003b88       $pdata$5$sf_debug_cd_checksum_push 0000000180082b88     sfc_debug:sfdb_cycle_detection.obj
 0004:00003b94       $pdata$sf_debug_cd_checksum_pop 0000000180082b94     sfc_debug:sfdb_cycle_detection.obj
 0004:00003ba0       $pdata$0$sf_debug_cd_checksum_pop 0000000180082ba0     sfc_debug:sfdb_cycle_detection.obj
 0004:00003bac       $pdata$1$sf_debug_cd_checksum_pop 0000000180082bac     sfc_debug:sfdb_cycle_detection.obj
 0004:00003bb8       $pdata$sf_debug_cd_turn_off_cycle_detection 0000000180082bb8     sfc_debug:sfdb_cycle_detection.obj
 0004:00003bc4       $pdata$0$sf_debug_cd_turn_off_cycle_detection 0000000180082bc4     sfc_debug:sfdb_cycle_detection.obj
 0004:00003bd0       $pdata$1$sf_debug_cd_turn_off_cycle_detection 0000000180082bd0     sfc_debug:sfdb_cycle_detection.obj
 0004:00003bdc       $pdata$sf_debug_cd_terminate 0000000180082bdc     sfc_debug:sfdb_cycle_detection.obj
 0004:00003be8       $pdata$5$sf_debug_cd_terminate 0000000180082be8     sfc_debug:sfdb_cycle_detection.obj
 0004:00003bf4       $pdata$6$sf_debug_cd_terminate 0000000180082bf4     sfc_debug:sfdb_cycle_detection.obj
 0004:00003c00       $pdata$MD5Transform        0000000180082c00     sfc_debug:ckmd5.obj
 0004:00003c0c       $pdata$md5file_addn        0000000180082c0c     sfc_debug:ckmd5.obj
 0004:00003c18       $pdata$md5file_hash        0000000180082c18     sfc_debug:ckmd5.obj
 0004:00003c24       $pdata$md5_get_hash        0000000180082c24     sfc_debug:ckmd5.obj
 0004:00003c30       $pdata$md5_get_hash_for_a_single_string 0000000180082c30     sfc_debug:ckmd5.obj
 0004:00003c3c       $pdata$__GSHandlerCheck    0000000180082c3c     MSVCRT:gshandler.obj
 0004:00003c48       $pdata$__GSHandlerCheckCommon 0000000180082c48     MSVCRT:gshandler.obj
 0004:00003c60       $pdata$__raise_securityfailure 0000000180082c60     MSVCRT:gs_report.obj
 0004:00003c6c       $pdata$__report_gsfailure  0000000180082c6c     MSVCRT:gs_report.obj
 0004:00003c78       $pdata$__report_rangecheckfailure 0000000180082c78     MSVCRT:gs_report.obj
 0004:00003c84       $pdata$__report_securityfailure 0000000180082c84     MSVCRT:gs_report.obj
 0004:00003c90       $pdata$__report_securityfailureEx 0000000180082c90     MSVCRT:gs_report.obj
 0004:00003c9c       $pdata$pre_c_init          0000000180082c9c     MSVCRT:crtdll.obj
 0004:00003ca8       $pdata$_CRT_INIT           0000000180082ca8     MSVCRT:crtdll.obj
 0004:00003cb4       $pdata$_DllMainCRTStartup  0000000180082cb4     MSVCRT:crtdll.obj
 0004:00003cc0       $pdata$__DllMainCRTStartup 0000000180082cc0     MSVCRT:crtdll.obj
 0004:00003cd8       $pdata$_IsNonwritableInCurrentImage 0000000180082cd8     MSVCRT:pesect.obj
 0004:00003ce4       $pdata$__atonexitinit      0000000180082ce4     MSVCRT:atonexit.obj
 0004:00003cf0       $pdata$_onexit             0000000180082cf0     MSVCRT:atonexit.obj
 0004:00003cfc       $pdata$atexit              0000000180082cfc     MSVCRT:atonexit.obj
 0004:00003d08       $pdata$__security_init_cookie 0000000180082d08     MSVCRT:gs_support.obj
 0004:00003d14       $pdata$DllMain             0000000180082d14     MSVCRT:dllmain.obj
 0004:00003d20       $pdata$_RTC_Initialize     0000000180082d20     MSVCRT:initsect.obj
 0004:00003d2c       $pdata$_RTC_Terminate      0000000180082d2c     MSVCRT:initsect.obj
 0004:00003d38       $pdata$__DllMainCRTStartup$filt$0 0000000180082d38     MSVCRT:crtdll.obj
 0004:00003d44       $pdata$__DllMainCRTStartup$fin$1 0000000180082d44     MSVCRT:crtdll.obj
 0004:00003d50       $pdata$_IsNonwritableInCurrentImage$filt$0 0000000180082d50     MSVCRT:pesect.obj
 0004:00003d5c       $pdata$_onexit$fin$0       0000000180082d5c     MSVCRT:atonexit.obj
