 lab2_next_level_sfun

 Timestamp is 5368e856 (Tue May 06 17:49:10 2014)

 Preferred load address is 0000000180000000

 Start         Length     Name                   Class
 0001:00000000 0006d87eH .text                   CODE
 0001:0006d880 0000007bH .text$x                 CODE
 0002:00000000 00000488H .idata$5                DATA
 0002:00000488 00000008H .CRT$XCA                DATA
 0002:00000490 00000008H .CRT$XCZ                DATA
 0002:00000498 00000008H .CRT$XIA                DATA
 0002:000004a0 00000008H .CRT$XIAA               DATA
 0002:000004a8 00000008H .CRT$XIC                DATA
 0002:000004b0 00000008H .CRT$XIZ                DATA
 0002:000004c0 00004cc0H .rdata                  DATA
 0002:00005180 00000008H .rtc$IAA                DATA
 0002:00005188 00000008H .rtc$IZZ                DATA
 0002:00005190 00000008H .rtc$TAA                DATA
 0002:00005198 00000008H .rtc$TZZ                DATA
 0002:000051a0 00004ca8H .xdata                  DATA
 0002:00009e48 000000a0H .idata$2                DATA
 0002:00009ee8 00000014H .idata$3                DATA
 0002:00009f00 00000488H .idata$4                DATA
 0002:0000a388 00000ab4H .idata$6                DATA
 0002:0000ae40 0000005aH .edata                  DATA
 0003:00000000 00009fd4H .data                   DATA
 0003:00009fe0 00002458H .bss                    DATA
 0004:00000000 00003f18H .pdata                  DATA

  Address         Publics by Value              Rva+Base               Lib:Object

 0000:00000000       ___safe_se_handler_table   0000000000000000     <absolute>
 0000:00000000       ___safe_se_handler_count   0000000000000000     <absolute>
 0000:00000000       __ImageBase                0000000180000000     <linker-defined>
 0001:00000000       sf_c1_lab2_next_level_get_eml_resolved_functions_info 0000000180001000 f   c1_lab2_next_level.obj
 0001:00000590       sf_c1_lab2_next_level_get_check_sum 0000000180001590 f   c1_lab2_next_level.obj
 0001:00000660       c1_lab2_next_level_method_dispatcher 0000000180001660 f   c1_lab2_next_level.obj
 0001:00002d70       sf_c1_lab2_next_level_get_autoinheritance_info 0000000180003d70 f   c1_lab2_next_level.obj
 0001:00003a80       sf_c1_lab2_next_level_third_party_uses_info 0000000180004a80 f   c1_lab2_next_level.obj
 0001:00004f20       sf_internal_get_sim_state_c1_lab2_next_level 0000000180005f20 f   c1_lab2_next_level.obj
 0001:00005070       sf_internal_set_sim_state_c1_lab2_next_level 0000000180006070 f   c1_lab2_next_level.obj
 0001:00005ce0       sf_c2_lab2_next_level_get_eml_resolved_functions_info 0000000180006ce0 f   c2_lab2_next_level.obj
 0001:000067d0       sf_c2_lab2_next_level_get_check_sum 00000001800077d0 f   c2_lab2_next_level.obj
 0001:000068a0       c2_lab2_next_level_method_dispatcher 00000001800078a0 f   c2_lab2_next_level.obj
 0001:00008ea0       sf_c2_lab2_next_level_get_autoinheritance_info 0000000180009ea0 f   c2_lab2_next_level.obj
 0001:00009bf0       sf_c2_lab2_next_level_third_party_uses_info 000000018000abf0 f   c2_lab2_next_level.obj
 0001:0000af60       sf_internal_get_sim_state_c2_lab2_next_level 000000018000bf60 f   c2_lab2_next_level.obj
 0001:0000b0b0       sf_internal_set_sim_state_c2_lab2_next_level 000000018000c0b0 f   c2_lab2_next_level.obj
 0001:0000bc90       sf_c3_lab2_next_level_get_eml_resolved_functions_info 000000018000cc90 f   c3_lab2_next_level.obj
 0001:0000c0c0       sf_c3_lab2_next_level_get_check_sum 000000018000d0c0 f   c3_lab2_next_level.obj
 0001:0000c190       c3_lab2_next_level_method_dispatcher 000000018000d190 f   c3_lab2_next_level.obj
 0001:0000fa30       sf_c3_lab2_next_level_get_autoinheritance_info 0000000180010a30 f   c3_lab2_next_level.obj
 0001:00010780       sf_c3_lab2_next_level_third_party_uses_info 0000000180011780 f   c3_lab2_next_level.obj
 0001:00011af0       sf_internal_get_sim_state_c3_lab2_next_level 0000000180012af0 f   c3_lab2_next_level.obj
 0001:00011c40       sf_internal_set_sim_state_c3_lab2_next_level 0000000180012c40 f   c3_lab2_next_level.obj
 0001:00012820       sf_c5_lab2_next_level_get_eml_resolved_functions_info 0000000180013820 f   c5_lab2_next_level.obj
 0001:00013310       sf_c5_lab2_next_level_get_check_sum 0000000180014310 f   c5_lab2_next_level.obj
 0001:000133e0       c5_lab2_next_level_method_dispatcher 00000001800143e0 f   c5_lab2_next_level.obj
 0001:00018ba0       sf_c5_lab2_next_level_get_autoinheritance_info 0000000180019ba0 f   c5_lab2_next_level.obj
 0001:00019a00       sf_c5_lab2_next_level_third_party_uses_info 000000018001aa00 f   c5_lab2_next_level.obj
 0001:0001af10       sf_internal_get_sim_state_c5_lab2_next_level 000000018001bf10 f   c5_lab2_next_level.obj
 0001:0001b060       sf_internal_set_sim_state_c5_lab2_next_level 000000018001c060 f   c5_lab2_next_level.obj
 0001:0001bd10       sf_c6_lab2_next_level_get_eml_resolved_functions_info 000000018001cd10 f   c6_lab2_next_level.obj
 0001:0001c140       sf_c6_lab2_next_level_get_check_sum 000000018001d140 f   c6_lab2_next_level.obj
 0001:0001c210       c6_lab2_next_level_method_dispatcher 000000018001d210 f   c6_lab2_next_level.obj
 0001:00020b60       sf_c6_lab2_next_level_get_autoinheritance_info 0000000180021b60 f   c6_lab2_next_level.obj
 0001:00021370       sf_c6_lab2_next_level_third_party_uses_info 0000000180022370 f   c6_lab2_next_level.obj
 0001:000221b0       sf_internal_get_sim_state_c6_lab2_next_level 00000001800231b0 f   c6_lab2_next_level.obj
 0001:00022300       sf_internal_set_sim_state_c6_lab2_next_level 0000000180023300 f   c6_lab2_next_level.obj
 0001:00022de0       sf_c7_lab2_next_level_get_eml_resolved_functions_info 0000000180023de0 f   c7_lab2_next_level.obj
 0001:000235d0       sf_c7_lab2_next_level_get_check_sum 00000001800245d0 f   c7_lab2_next_level.obj
 0001:000236a0       c7_lab2_next_level_method_dispatcher 00000001800246a0 f   c7_lab2_next_level.obj
 0001:000252d0       sf_c7_lab2_next_level_get_autoinheritance_info 00000001800262d0 f   c7_lab2_next_level.obj
 0001:00025990       sf_c7_lab2_next_level_third_party_uses_info 0000000180026990 f   c7_lab2_next_level.obj
 0001:00026650       sf_internal_get_sim_state_c7_lab2_next_level 0000000180027650 f   c7_lab2_next_level.obj
 0001:000267a0       sf_internal_set_sim_state_c7_lab2_next_level 00000001800277a0 f   c7_lab2_next_level.obj
 0001:00027240       sf_c9_lab2_next_level_get_eml_resolved_functions_info 0000000180028240 f   c9_lab2_next_level.obj
 0001:00027670       sf_c9_lab2_next_level_get_check_sum 0000000180028670 f   c9_lab2_next_level.obj
 0001:00027740       c9_lab2_next_level_method_dispatcher 0000000180028740 f   c9_lab2_next_level.obj
 0001:0002adb0       sf_c9_lab2_next_level_get_autoinheritance_info 000000018002bdb0 f   c9_lab2_next_level.obj
 0001:0002bb00       sf_c9_lab2_next_level_third_party_uses_info 000000018002cb00 f   c9_lab2_next_level.obj
 0001:0002ce70       sf_internal_get_sim_state_c9_lab2_next_level 000000018002de70 f   c9_lab2_next_level.obj
 0001:0002cfc0       sf_internal_set_sim_state_c9_lab2_next_level 000000018002dfc0 f   c9_lab2_next_level.obj
 0001:0002dba0       sf_c10_lab2_next_level_get_eml_resolved_functions_info 000000018002eba0 f   c10_lab2_next_level.obj
 0001:0002e690       sf_c10_lab2_next_level_get_check_sum 000000018002f690 f   c10_lab2_next_level.obj
 0001:0002e760       c10_lab2_next_level_method_dispatcher 000000018002f760 f   c10_lab2_next_level.obj
 0001:00030ce0       sf_c10_lab2_next_level_get_autoinheritance_info 0000000180031ce0 f   c10_lab2_next_level.obj
 0001:00031a30       sf_c10_lab2_next_level_third_party_uses_info 0000000180032a30 f   c10_lab2_next_level.obj
 0001:00032da0       sf_internal_get_sim_state_c10_lab2_next_level 0000000180033da0 f   c10_lab2_next_level.obj
 0001:00032ef0       sf_internal_set_sim_state_c10_lab2_next_level 0000000180033ef0 f   c10_lab2_next_level.obj
 0001:00033ad0       sf_c11_lab2_next_level_get_eml_resolved_functions_info 0000000180034ad0 f   c11_lab2_next_level.obj
 0001:00033f00       sf_c11_lab2_next_level_get_check_sum 0000000180034f00 f   c11_lab2_next_level.obj
 0001:00033fd0       c11_lab2_next_level_method_dispatcher 0000000180034fd0 f   c11_lab2_next_level.obj
 0001:000376c0       sf_c11_lab2_next_level_get_autoinheritance_info 00000001800386c0 f   c11_lab2_next_level.obj
 0001:00038410       sf_c11_lab2_next_level_third_party_uses_info 0000000180039410 f   c11_lab2_next_level.obj
 0001:00039780       sf_internal_get_sim_state_c11_lab2_next_level 000000018003a780 f   c11_lab2_next_level.obj
 0001:000398d0       sf_internal_set_sim_state_c11_lab2_next_level 000000018003a8d0 f   c11_lab2_next_level.obj
 0001:0003a4b0       mexFunction                000000018003b4b0 f   lab2_next_level_sfun_registry.obj
 0001:0003b650       _ssSetInputPortDirectFeedThroughFcn 000000018003c650 f   lab2_next_level_sfun_registry.obj
 0001:0003b7b0       _ssGetInputPortSignalPtrsFcn 000000018003c7b0 f   lab2_next_level_sfun_registry.obj
 0001:0003b9d0       _ssGetInputPortSignalFcn   000000018003c9d0 f   lab2_next_level_sfun_registry.obj
 0001:0003bbf0       _ssSetInputPortReusableFcn 000000018003cbf0 f   lab2_next_level_sfun_registry.obj
 0001:0003bcd0       _ssSetOutputPortReusableFcn 000000018003ccd0 f   lab2_next_level_sfun_registry.obj
 0001:0003bdb0       ssGetIsZeroCrossControlDisabled 000000018003cdb0 f   lab2_next_level_sfun_registry.obj
 0001:0003be20       ssSetIsInputPortUsedForContZcSignal 000000018003ce20 f   lab2_next_level_sfun_registry.obj
 0001:0003be90       ssSetZcSignalIsZcElementDisc 000000018003ce90 f   lab2_next_level_sfun_registry.obj
 0001:0003bf40       ssSetZcSignalName          000000018003cf40 f   lab2_next_level_sfun_registry.obj
 0001:0003bfb0       ssSetZcSignalWidth         000000018003cfb0 f   lab2_next_level_sfun_registry.obj
 0001:0003c020       ssSetZcSignalZcEventType   000000018003d020 f   lab2_next_level_sfun_registry.obj
 0001:0003c090       ssSetZcSignalType          000000018003d090 f   lab2_next_level_sfun_registry.obj
 0001:0003c100       ssSetZcSignalZcTol         000000018003d100 f   lab2_next_level_sfun_registry.obj
 0001:0003c170       ssSetZcSignalNeedsEventNotification 000000018003d170 f   lab2_next_level_sfun_registry.obj
 0001:0003c1e0       ssCreateAndAddZcSignalInfo 000000018003d1e0 f   lab2_next_level_sfun_registry.obj
 0001:0003c250       ssCloneAndAddZcSignalInfo  000000018003d250 f   lab2_next_level_sfun_registry.obj
 0001:0003c2c0       ssGetNumZcSignals          000000018003d2c0 f   lab2_next_level_sfun_registry.obj
 0001:0003c330       ssGetZcSignalVector        000000018003d330 f   lab2_next_level_sfun_registry.obj
 0001:0003c3a0       ssGetZcSignalName          000000018003d3a0 f   lab2_next_level_sfun_registry.obj
 0001:0003c410       ssGetZcSignalWidth         000000018003d410 f   lab2_next_level_sfun_registry.obj
 0001:0003c480       ssGetZcSignalZcEventType   000000018003d480 f   lab2_next_level_sfun_registry.obj
 0001:0003c4f0       ssGetZcSignalZcEvents      000000018003d4f0 f   lab2_next_level_sfun_registry.obj
 0001:0003c560       ssGetZcSignalType          000000018003d560 f   lab2_next_level_sfun_registry.obj
 0001:0003c5d0       ssGetZcSignalZcTol         000000018003d5d0 f   lab2_next_level_sfun_registry.obj
 0001:0003c650       ssGetZcSignalNeedsEventNotification 000000018003d650 f   lab2_next_level_sfun_registry.obj
 0001:0003c6c0       ssGetZcSignalIsZcElementDisc 000000018003d6c0 f   lab2_next_level_sfun_registry.obj
 0001:0003c760       ssGetIsInputPortElementContinuous 000000018003d760 f   lab2_next_level_sfun_registry.obj
 0001:0003c800       ssGetDTypeIdFromMxArray    000000018003d800 f   lab2_next_level_sfun_registry.obj
 0001:0003c920       ssWriteRTWStr              000000018003d920 f   lab2_next_level_sfun_registry.obj
 0001:0003c980       ssWriteRTWNameValuePair    000000018003d980 f   lab2_next_level_sfun_registry.obj
 0001:0003ce80       ssWriteRTWParamSettings    000000018003de80 f   lab2_next_level_sfun_registry.obj
 0001:0003d570       ssWriteRTWParameters       000000018003e570 f   lab2_next_level_sfun_registry.obj
 0001:0003db40       ssWriteRTWWorkVect         000000018003eb40 f   lab2_next_level_sfun_registry.obj
 0001:0003e030       ssWriteRTWMxVectParam      000000018003f030 f   lab2_next_level_sfun_registry.obj
 0001:0003e0b0       ssWriteRTWMx2dMatParam     000000018003f0b0 f   lab2_next_level_sfun_registry.obj
 0001:0003e140       _ssSetInputPortMatrixDimensions 000000018003f140 f   lab2_next_level_sfun_registry.obj
 0001:0003e240       _ssSetOutputPortMatrixDimensions 000000018003f240 f   lab2_next_level_sfun_registry.obj
 0001:0003e340       _ssSetInputPortVectorDimension 000000018003f340 f   lab2_next_level_sfun_registry.obj
 0001:0003e3f0       _ssSetOutputPortVectorDimension 000000018003f3f0 f   lab2_next_level_sfun_registry.obj
 0001:0003e4a0       ssIsRunTimeParamTunable    000000018003f4a0 f   lab2_next_level_sfun_registry.obj
 0001:0003e510       ssGetSFuncBlockHandle      000000018003f510 f   lab2_next_level_sfun_registry.obj
 0001:0003e580       _ssGetCurrentInputPortWidth 000000018003f580 f   lab2_next_level_sfun_registry.obj
 0001:0003e6a0       _ssGetCurrentOutputPortWidth 000000018003f6a0 f   lab2_next_level_sfun_registry.obj
 0001:0003e7c0       _ssGetCallSystemNumFcnCallDestinations 000000018003f7c0 f   lab2_next_level_sfun_registry.obj
 0001:0003e830       ssWarning                  000000018003f830 f   lab2_next_level_sfun_registry.obj
 0001:0003e920       _ssGetAbsTol               000000018003f920 f   lab2_next_level_sfun_registry.obj
 0001:0003e990       _ssSetStateAbsTol          000000018003f990 f   lab2_next_level_sfun_registry.obj
 0001:0003ea70       sf_process_check_sum_call  000000018003fa70 f   lab2_next_level_sfun_registry.obj
 0001:0003eac0       sf_process_testpoint_info_call 000000018003fac0 f   lab2_next_level_sfun_registry.obj
 0001:0003eb10       sf_process_autoinheritance_call 000000018003fb10 f   lab2_next_level_sfun_registry.obj
 0001:0003ed40       sf_process_get_third_party_uses_info_call 000000018003fd40 f   lab2_next_level_sfun_registry.obj
 0001:0003ef70       sf_process_get_eml_resolved_functions_info_call 000000018003ff70 f   lab2_next_level_sfun_registry.obj
 0001:0003f170       sf_mex_unlock_call         0000000180040170 f   lab2_next_level_sfun_registry.obj
 0001:0003f3e0       sf_machine_global_initializer_called 00000001800403e0 f   lab2_next_level_sfun_registry.obj
 0001:0003f410       sf_machine_global_method_dispatcher 0000000180040410 f   lab2_next_level_sfun_registry.obj
 0001:0003f470       sf_machine_global_terminator 0000000180040470 f   lab2_next_level_sfun_registry.obj
 0001:0003f4c0       sf_register_machine_exported_symbols 00000001800404c0 f   lab2_next_level_sfun_registry.obj
 0001:0003f4e0       callCustomFcn              00000001800404e0 f   lab2_next_level_sfun_registry.obj
 0001:0003f4f0       sf_machine_global_initializer 00000001800404f0 f   lab2_next_level_sfun_registry.obj
 0001:0003f570       ProcessMexSfunctionEveryCall 0000000180040570 f   lab2_next_level_sfun_registry.obj
 0001:000401e0       lab2_next_level_initializer 00000001800411e0 f   lab2_next_level_sfun.obj
 0001:000401f0       lab2_next_level_terminator 00000001800411f0 f   lab2_next_level_sfun.obj
 0001:00040200       load_lab2_next_level_optimization_info 0000000180041200 f   lab2_next_level_sfun.obj
 0001:00040250       unload_lab2_next_level_optimization_info 0000000180041250 f   lab2_next_level_sfun.obj
 0001:00040280       sf_lab2_next_level_method_dispatcher 0000000180041280 f   lab2_next_level_sfun.obj
 0001:000403e0       sf_lab2_next_level_process_testpoint_info_call 00000001800413e0 f   lab2_next_level_sfun.obj
 0001:000405a0       sf_lab2_next_level_process_check_sum_call 00000001800415a0 f   lab2_next_level_sfun.obj
 0001:00040cf0       sf_lab2_next_level_autoinheritance_info 0000000180041cf0 f   lab2_next_level_sfun.obj
 0001:00041200       sf_lab2_next_level_get_eml_resolved_functions_info 0000000180042200 f   lab2_next_level_sfun.obj
 0001:00041590       sf_lab2_next_level_third_party_uses_info 0000000180042590 f   lab2_next_level_sfun.obj
 0001:00041950       lab2_next_level_debug_initialize 0000000180042950 f   lab2_next_level_sfun.obj
 0001:000419d0       lab2_next_level_register_exported_symbols 00000001800429d0 f   lab2_next_level_sfun.obj
 0001:000419e0       sf_send_message_wrapper    00000001800429e0 f   sfc_mex:sfc_sf.obj
 0001:00041a10       sf_receive_message_wrapper 0000000180042a10 f   sfc_mex:sfc_sf.obj
 0001:00041a50       sf_check_out_message_wrapper 0000000180042a50 f   sfc_mex:sfc_sf.obj
 0001:00041a90       sf_check_in_message_wrapper 0000000180042a90 f   sfc_mex:sfc_sf.obj
 0001:00041ad0       sf_no_message_wrapper      0000000180042ad0 f   sfc_mex:sfc_sf.obj
 0001:00041e60       sim_mode_is_rtw_gen        0000000180042e60 f   sfc_mex:sfc_sf.obj
 0001:00041e90       sim_mode_is_external       0000000180042e90 f   sfc_mex:sfc_sf.obj
 0001:00041ea0       sim_mode_is_modelref_sim   0000000180042ea0 f   sfc_mex:sfc_sf.obj
 0001:00041ec0       mdlInitializeSizes         0000000180042ec0 f   sfc_mex:sfc_sf.obj
 0001:00041ee0       mdlInitializeSampleTimes   0000000180042ee0 f   sfc_mex:sfc_sf.obj
 0001:00041f20       mdlZeroCrossings           0000000180042f20 f   sfc_mex:sfc_sf.obj
 0001:00042010       mdlDerivatives             0000000180043010 f   sfc_mex:sfc_sf.obj
 0001:000420d0       mdl_initialize_conditions_processing 00000001800430d0 f   sfc_mex:sfc_sf.obj
 0001:00042100       mdlInitializeConditions    0000000180043100 f   sfc_mex:sfc_sf.obj
 0001:000421c0       mdlGetSimState             00000001800431c0 f   sfc_mex:sfc_sf.obj
 0001:000421d0       mdlSetSimState             00000001800431d0 f   sfc_mex:sfc_sf.obj
 0001:000421e0       mdl_ext_mode_exec_processing 00000001800431e0 f   sfc_mex:sfc_sf.obj
 0001:00042200       mdlExtModeExec             0000000180043200 f   sfc_mex:sfc_sf.obj
 0001:000423a0       mdlTerminate               00000001800433a0 f   sfc_mex:sfc_sf.obj
 0001:00042410       mdlRTW                     0000000180043410 f   sfc_mex:sfc_sf.obj
 0001:00042440       mdlSetWorkWidths           0000000180043440 f   sfc_mex:sfc_sf.obj
 0001:00042450       mdlProcessParameters       0000000180043450 f   sfc_mex:sfc_sf.obj
 0001:00042460       mdl_start_processing       0000000180043460 f   sfc_mex:sfc_sf.obj
 0001:000424c0       mdlStart                   00000001800434c0 f   sfc_mex:sfc_sf.obj
 0001:000425d0       mdlEnable                  00000001800435d0 f   sfc_mex:sfc_sf.obj
 0001:000426b0       mdlDisable                 00000001800436b0 f   sfc_mex:sfc_sf.obj
 0001:00042770       sf_get_chart_instance_ptr  0000000180043770 f   sfc_mex:sfc_sf.obj
 0001:00042790       sf_load_rtw_optimization_info 0000000180043790 f   sfc_mex:sfc_sf.obj
 0001:00042860       sf_update_buildInfo        0000000180043860 f   sfc_mex:sfc_sf.obj
 0001:00042960       sf_rtw_info_uint_prop      0000000180043960 f   sfc_mex:sfc_sf.obj
 0001:00042aa0       sf_is_chart_inlinable      0000000180043aa0 f   sfc_mex:sfc_sf.obj
 0001:00042ac0       sf_mark_output_events_with_multiple_callers 0000000180043ac0 f   sfc_mex:sfc_sf.obj
 0001:00042c50       sf_mark_chart_reusable_outputs 0000000180043c50 f   sfc_mex:sfc_sf.obj
 0001:00042eb0       sf_mark_chart_expressionable_inputs 0000000180043eb0 f   sfc_mex:sfc_sf.obj
 0001:00043110       sf_get_subchart_simstruct  0000000180044110 f   sfc_mex:sfc_sf.obj
 0001:00043160       sf_get_fixpt_data_type_id  0000000180044160 f   sfc_mex:sfc_sf.obj
 0001:000431a0       sf_get_enum_data_type_id   00000001800441a0 f   sfc_mex:sfc_sf.obj
 0001:000431e0       sf_get_param_data_type_id  00000001800441e0 f   sfc_mex:sfc_sf.obj
 0001:00043210       sf_mex_listen_for_ctrl_c_force 0000000180044210 f   sfc_mex:sfc_sf.obj
 0001:00043320       sf_mex_draw_now            0000000180044320 f   sfc_mex:sfc_sf.obj
 0001:00043360       sf_mex_set_debugger_sim_status_listener_fcn 0000000180044360 f   sfc_mex:sfc_sf.obj
 0001:00043370       sf_mex_listen_for_ctrl_c   0000000180044370 f   sfc_mex:sfc_sf.obj
 0001:00043410       sf_mex_get_sfun_param      0000000180044410 f   sfc_mex:sfc_sf.obj
 0001:00043460       sf_get_runtime_param_data  0000000180044460 f   sfc_mex:sfc_sf.obj
 0001:000434a0       sf_call_output_fcn_call    00000001800444a0 f   sfc_mex:sfc_sf.obj
 0001:000435e0       sf_call_output_fcn_enable  00000001800445e0 f   sfc_mex:sfc_sf.obj
 0001:00043670       sf_call_output_fcn_disable 0000000180044670 f   sfc_mex:sfc_sf.obj
 0001:00043700       sf_clear_rtw_identifier    0000000180044700 f   sfc_mex:sfc_sf.obj
 0001:00043f20       sf_set_encoded_dwork_info  0000000180044f20 f   sfc_mex:sfc_sf.obj
 0001:00043f70       sf_get_dwork_info_from_mat_file 0000000180044f70 f   sfc_mex:sfc_sf.obj
 0001:00044130       sf_set_rtw_dwork_info      0000000180045130 f   sfc_mex:sfc_sf.obj
 0001:000442a0       mdlOutputs                 00000001800452a0 f   sfc_mex:sfc_sf.obj
 0001:00044490       sf_mex_mx_is_numeric       0000000180045490 f   sfc_mex:sfc_mex.obj
 0001:000444d0       strcmp_ignore_ws           00000001800454d0 f   sfc_mex:sfc_mex.obj
 0001:00044610       sf_mex_duplicatearraysafe  0000000180045610 f   sfc_mex:sfc_mex.obj
 0001:00044770       sf_set_error_debugger_context_message_fcn 0000000180045770 f   sfc_mex:sfc_mex.obj
 0001:00044780       sf_set_debugger_matlab_error_fcn 0000000180045780 f   sfc_mex:sfc_mex.obj
 0001:000447c0       sf_set_error_prefix_string 00000001800457c0 f   sfc_mex:sfc_mex.obj
 0001:000447f0       sf_get_error_prefix_string 00000001800457f0 f   sfc_mex:sfc_mex.obj
 0001:00044800       sf_mex_enter_parallel_region 0000000180045800 f   sfc_mex:sfc_mex.obj
 0001:00044810       sf_mex_exit_parallel_region 0000000180045810 f   sfc_mex:sfc_mex.obj
 0001:00044820       sf_get_current_jmp_buf_ptr 0000000180045820 f   sfc_mex:sfc_mex.obj
 0001:00044830       sf_set_current_jmp_buf_ptr 0000000180045830 f   sfc_mex:sfc_mex.obj
 0001:00044840       sf_mex_set_halt_simulation 0000000180045840 f   sfc_mex:sfc_mex.obj
 0001:00044850       sf_mex_get_halt_simulation 0000000180045850 f   sfc_mex:sfc_mex.obj
 0001:00044860       sf_mex_clear_error_message 0000000180045860 f   sfc_mex:sfc_mex.obj
 0001:00044880       sf_mex_get_error_message_for_read 0000000180045880 f   sfc_mex:sfc_mex.obj
 0001:00044890       sf_mex_get_error_message_buffer_length 0000000180045890 f   sfc_mex:sfc_mex.obj
 0001:00044970       sf_mex_warning_message     0000000180045970 f   sfc_mex:sfc_mex.obj
 0001:000449e0       sf_mex_v_errbuf_createf    00000001800459e0 f   sfc_mex:sfc_mex.obj
 0001:000449f0       sf_mex_errbuf_createf      00000001800459f0 f   sfc_mex:sfc_mex.obj
 0001:00044a20       sf_mex_v_errbuf_catf       0000000180045a20 f   sfc_mex:sfc_mex.obj
 0001:00044a60       sf_mex_errbuf_catf         0000000180045a60 f   sfc_mex:sfc_mex.obj
 0001:00044ab0       sf_mex_errbuf_copy         0000000180045ab0 f   sfc_mex:sfc_mex.obj
 0001:00044ac0       sf_mex_errbuf_clear        0000000180045ac0 f   sfc_mex:sfc_mex.obj
 0001:00044ad0       sf_mex_errbuf_isempty      0000000180045ad0 f   sfc_mex:sfc_mex.obj
 0001:00044bd0       sf_mex_set_error_status    0000000180045bd0 f   sfc_mex:sfc_mex.obj
 0001:00044c20       sf_mex_error_direct_call   0000000180045c20 f   sfc_mex:sfc_mex.obj
 0001:00044c40       sf_mex_error_message_no_long_jump 0000000180045c40 f   sfc_mex:sfc_mex.obj
 0001:00044c60       sf_mex_long_jump_on_error  0000000180045c60 f   sfc_mex:sfc_mex.obj
 0001:00044c90       sf_mex_call_matlab         0000000180045c90 f   sfc_mex:sfc_mex.obj
 0001:00044db0       sf_mex_check_builtin       0000000180045db0 f   sfc_mex:sfc_mex.obj
 0001:00044e50       sf_mex_check_builtin_vs    0000000180045e50 f   sfc_mex:sfc_mex.obj
 0001:00044f10       sf_mex_check_enum          0000000180045f10 f   sfc_mex:sfc_mex.obj
 0001:00044f90       sf_mex_create_enum         0000000180045f90 f   sfc_mex:sfc_mex.obj
 0001:00045000       sf_mex_get_enum_element    0000000180046000 f   sfc_mex:sfc_mex.obj
 0001:00045010       sf_mex_createcellarray     0000000180046010 f   sfc_mex:sfc_mex.obj
 0001:00045020       sf_mex_setcell             0000000180046020 f   sfc_mex:sfc_mex.obj
 0001:00045030       sf_mex_getcell             0000000180046030 f   sfc_mex:sfc_mex.obj
 0001:00045040       sf_mex_dup                 0000000180046040 f   sfc_mex:sfc_mex.obj
 0001:00045060       sf_mex_assign              0000000180046060 f   sfc_mex:sfc_mex.obj
 0001:000450e0       sf_mex_destroy             00000001800460e0 f   sfc_mex:sfc_mex.obj
 0001:00045110       mx_array_has_fi_type       0000000180046110 f   sfc_mex:sfc_mex.obj
 0001:00045140       sf_mex_convert_from_fi     0000000180046140 f   sfc_mex:sfc_mex.obj
 0001:00045270       sf_mex_convert_to_double   0000000180046270 f   sfc_mex:sfc_mex.obj
 0001:00045390       sf_mex_import_fi_vs        0000000180046390 f   sfc_mex:sfc_mex.obj
 0001:000455c0       sf_matrix_matrix_index_ok  00000001800465c0 f   sfc_mex:sfc_mex.obj
 0001:00045650       sf_vector_vector_index_ok  0000000180046650 f   sfc_mex:sfc_mex.obj
 0001:00045680       ssGetCurrentInputPortDimensions_wrapper 0000000180046680 f   sfc_mex:sfc_mex.obj
 0001:000456a0       ssGetCurrentOutputPortDimensions_wrapper 00000001800466a0 f   sfc_mex:sfc_mex.obj
 0001:000456c0       sf_mex_emlrt_context_is_debug_mode 00000001800466c0 f   sfc_mex:sfc_mex.obj
 0001:000456d0       sf_mex_emlrt_context_set_debug_mode 00000001800466d0 f   sfc_mex:sfc_mex.obj
 0001:000456e0       sf_mex_emlrtNameCapturePostProcessR2012a 00000001800466e0 f   sfc_mex:sfc_mex.obj
 0001:00045750       sf_clear_error_manager_info 0000000180046750 f   sfc_mex:sfc_mex.obj
 0001:000457b0       sf_mex_stop_simulation_abruptly_wo_error 00000001800467b0 f   sfc_mex:sfc_mex.obj
 0001:000457f0       sf_mex_error_message       00000001800467f0 f   sfc_mex:sfc_mex.obj
 0001:00045860       sf_react_to_error_in_matlab_call 0000000180046860 f   sfc_mex:sfc_mex.obj
 0001:00045890       sf_mex_addfield            0000000180046890 f   sfc_mex:sfc_mex.obj
 0001:00045930       sf_mex_getfield            0000000180046930 f   sfc_mex:sfc_mex.obj
 0001:00045c30       sf_mex_check_class         0000000180046c30 f   sfc_mex:sfc_mex.obj
 0001:00045cd0       sf_mex_is_real             0000000180046cd0 f   sfc_mex:sfc_mex.obj
 0001:00046140       sf_mex_decode_encoded_mx_struct_array 0000000180047140 f   sfc_mex:sfc_mex.obj
 0001:00046430       sf_mex_lw_bounds_check     0000000180047430 f   sfc_mex:sfc_mex.obj
 0001:00046460       sf_mex_lw_size_eq_check_1d 0000000180047460 f   sfc_mex:sfc_mex.obj
 0001:00046480       sf_mex_lw_size_eq_check_nd 0000000180047480 f   sfc_mex:sfc_mex.obj
 0001:00046660       sf_mex_lw_dim_size_eq_check 0000000180047660 f   sfc_mex:sfc_mex.obj
 0001:00046690       sf_mex_lw_dim_size_geq_check 0000000180047690 f   sfc_mex:sfc_mex.obj
 0001:000466c0       sf_mex_lw_sub_assign_size_check_nd 00000001800476c0 f   sfc_mex:sfc_mex.obj
 0001:00046890       sf_mex_lw_runtime_error_msgid 0000000180047890 f   sfc_mex:sfc_mex.obj
 0001:00046980       sf_mex_lw_matrix_matrix_index_check 0000000180047980 f   sfc_mex:sfc_mex.obj
 0001:000469a0       sf_mex_lw_vector_vector_index_check 00000001800479a0 f   sfc_mex:sfc_mex.obj
 0001:000469e0       sf_mex_lw_for_loop_vector_check 00000001800479e0 f   sfc_mex:sfc_mex.obj
 0001:00046a70       sf_mex_lw_non_negative_check 0000000180047a70 f   sfc_mex:sfc_mex.obj
 0001:00046ab0       sf_mex_overflow_error      0000000180047ab0 f   sfc_mex:sfc_mex.obj
 0001:00046ac0       sf_mex_dividebyzero_error  0000000180047ac0 f   sfc_mex:sfc_mex.obj
 0001:00046ad0       sf_mex_unsafe_enum_error   0000000180047ad0 f   sfc_mex:sfc_mex.obj
 0001:00046ae0       sf_emlrtErrHandler         0000000180047ae0 f   sfc_mex:sfc_mex.obj
 0001:00046bc0       sf_mex_size_one_check      0000000180047bc0 f   sfc_mex:sfc_mex.obj
 0001:00046be0       sf_mex_printf              0000000180047be0 f   sfc_mex:sfc_mex.obj
 0001:00046db0       sf_mex_check_size          0000000180047db0 f   sfc_mex:sfc_mex.obj
 0001:00047050       sf_mex_check_struct        0000000180048050 f   sfc_mex:sfc_mex.obj
 0001:000472b0       sf_mex_check_struct_vs     00000001800482b0 f   sfc_mex:sfc_mex.obj
 0001:00047340       sf_mex_check_fi            0000000180048340 f   sfc_mex:sfc_mex.obj
 0001:00047440       sf_mex_check_fi_vs         0000000180048440 f   sfc_mex:sfc_mex.obj
 0001:000474e0       sf_echo_expression         00000001800484e0 f   sfc_mex:sfc_mex.obj
 0001:00047540       sf_assertion_failed        0000000180048540 f   sfc_mex:sfc_mex.obj
 0001:00047820       sf_mex_evalin              0000000180048820 f   sfc_mex:sfc_mex.obj
 0001:00047a90       sf_mex_export              0000000180048a90 f   sfc_mex:sfc_mex.obj
 0001:00047b50       sf_mex_get_ml_var_no_error 0000000180048b50 f   sfc_mex:sfc_mex.obj
 0001:00047cf0       sf_mex_get_ml_var          0000000180048cf0 f   sfc_mex:sfc_mex.obj
 0001:00048180       ml_set_element_value_in_array 0000000180049180 f   sfc_mex:sfc_mex.obj
 0001:00049240       sf_mex_call_impl           000000018004a240 f   sfc_mex:sfc_mex.obj
 0001:00049660       sf_mex_call_debug          000000018004a660 f   sfc_mex:sfc_mex.obj
 0001:00049690       sf_mex_call                000000018004a690 f   sfc_mex:sfc_mex.obj
 0001:00049ce0       sf_mex_createstruct        000000018004ace0 f   sfc_mex:sfc_mex.obj
 0001:00049df0       sf_mex_createstructarray   000000018004adf0 f   sfc_mex:sfc_mex.obj
 0001:00049e70       sf_mex_get_mx_datatype_from_sf_datatype 000000018004ae70 f   sfc_mex:sfc_mex.obj
 0001:0004a180       sf_mex_ml_var_sub          000000018004b180 f   sfc_mex:sfc_mex.obj
 0001:0004a360       sf_mex_ml_var_subsasgn     000000018004b360 f   sfc_mex:sfc_mex.obj
 0001:0004a760       sf_mex_sub                 000000018004b760 f   sfc_mex:sfc_mex.obj
 0001:0004a970       sf_mex_subsasgn            000000018004b970 f   sfc_mex:sfc_mex.obj
 0001:0004ae80       sf_mex_create              000000018004be80 f   sfc_mex:sfc_mex.obj
 0001:0004b820       sf_mex_import_named        000000018004c820 f   sfc_mex:sfc_mex.obj
 0001:0004b880       sf_mex_import              000000018004c880 f   sfc_mex:sfc_mex.obj
 0001:0004b8d0       sf_mex_import_vs           000000018004c8d0 f   sfc_mex:sfc_mex.obj
 0001:0004b9e0       sf_mex_lower_fixpt_mx_array 000000018004c9e0 f   sfc_mex:sfc_mex.obj
 0001:0004bd00       sf_debug_chart_instance_initialized_quick 000000018004cd00 f   sfc_debug:sfcdebug.obj
 0001:0004bd80       sf_debug_disp              000000018004cd80 f   sfc_debug:sfcdebug.obj
 0001:0004c050       sf_debug_data_runtime_size_mismatch_error_check 000000018004d050 f   sfc_debug:sfcdebug.obj
 0001:0004c100       sf_debug_try_loading_machine 000000018004d100 f   sfc_debug:sfcdebug.obj
 0001:0004c200       sf_debug_reset_current_state_configuration 000000018004d200 f   sfc_debug:sfcdebug.obj
 0001:0004c280       sf_debug_store_current_state_configuration 000000018004d280 f   sfc_debug:sfcdebug.obj
 0001:0004c300       sf_debug_restore_previous_state_configuration 000000018004d300 f   sfc_debug:sfcdebug.obj
 0001:0004c380       sf_debug_restore_previous_state_configuration2 000000018004d380 f   sfc_debug:sfcdebug.obj
 0001:0004c400       sf_debug_get_event_scope   000000018004d400 f   sfc_debug:sfcdebug.obj
 0001:0004c570       use_debugger_step_animation 000000018004d570 f   sfc_debug:sfcdebug.obj
 0001:0004c590       sf_debug_get_script_id     000000018004d590 f   sfc_debug:sfcdebug.obj
 0001:0004c620       sf_debug_set_script_translation 000000018004d620 f   sfc_debug:sfcdebug.obj
 0001:0004c7a0       sf_debug_extract_message_post_receive_info 000000018004d7a0 f   sfc_debug:sfcdebug.obj
 0001:0004c960       sf_debug_get_current_machine_id 000000018004d960 f   sfc_debug:sfcdebug.obj
 0001:0004c980       sf_debug_get_current_optional_integer 000000018004d980 f   sfc_debug:sfcdebug.obj
 0001:0004c990       sf_debug_get_current_machine_number 000000018004d990 f   sfc_debug:sfcdebug.obj
 0001:0004c9b0       sf_debug_get_current_machine_name 000000018004d9b0 f   sfc_debug:sfcdebug.obj
 0001:0004c9d0       sf_debug_get_current_chart_id 000000018004d9d0 f   sfc_debug:sfcdebug.obj
 0001:0004ca10       sf_debug_get_current_chart_number 000000018004da10 f   sfc_debug:sfcdebug.obj
 0001:0004ca20       sf_debug_get_current_instance_number 000000018004da20 f   sfc_debug:sfcdebug.obj
 0001:0004ca30       sf_debug_get_current_is_minor_time_step 000000018004da30 f   sfc_debug:sfcdebug.obj
 0001:0004cab0       sf_debug_get_current_object_type 000000018004dab0 f   sfc_debug:sfcdebug.obj
 0001:0004cac0       sf_debug_get_current_instance_handle 000000018004dac0 f   sfc_debug:sfcdebug.obj
 0001:0004cb20       sf_debug_get_current_event_type 000000018004db20 f   sfc_debug:sfcdebug.obj
 0001:0004cb30       sf_debug_get_current_object_id 000000018004db30 f   sfc_debug:sfcdebug.obj
 0001:0004cb70       sf_debug_get_current_active_event_type 000000018004db70 f   sfc_debug:sfcdebug.obj
 0001:0004cb80       sf_debug_get_current_active_event_id 000000018004db80 f   sfc_debug:sfcdebug.obj
 0001:0004cbc0       sf_debug_get_current_tag_type 000000018004dbc0 f   sfc_debug:sfcdebug.obj
 0001:0004cbd0       sf_debug_get_current_simulation_time 000000018004dbd0 f   sfc_debug:sfcdebug.obj
 0001:0004cbe0       sf_debug_get_current_coverage_percentage 000000018004dbe0 f   sfc_debug:sfcdebug.obj
 0001:0004cbf0       sf_debug_current_statement_context 000000018004dbf0 f   sfc_debug:sfcdebug.obj
 0001:0004cc70       sf_debug_get_current_statement_info 000000018004dc70 f   sfc_debug:sfcdebug.obj
 0001:0004ce10       sf_debug_terminate_instance 000000018004de10 f   sfc_debug:sfcdebug.obj
 0001:0004d130       sf_debug_assertion_failed  000000018004e130 f   sfc_debug:sfcdebug.obj
 0001:0004d300       sf_debug_create_debug_instance_struct 000000018004e300 f   sfc_debug:sfcdebug.obj
 0001:0004d350       sf_debug_set_number_of_data_with_change_event_for_machine 000000018004e350 f   sfc_debug:sfcdebug.obj
 0001:0004d3a0       sf_debug_set_machine_event_thresholds 000000018004e3a0 f   sfc_debug:sfcdebug.obj
 0001:0004d3c0       sf_debug_set_machine_event_scope 000000018004e3c0 f   sfc_debug:sfcdebug.obj
 0001:0004d410       sf_debug_set_machine_data_thresholds 000000018004e410 f   sfc_debug:sfcdebug.obj
 0001:0004d460       sf_debug_set_machine_data_scope 000000018004e460 f   sfc_debug:sfcdebug.obj
 0001:0004d500       sf_debug_set_machine_data_name 000000018004e500 f   sfc_debug:sfcdebug.obj
 0001:0004d5b0       sf_debug_set_machine_data_size 000000018004e5b0 f   sfc_debug:sfcdebug.obj
 0001:0004d700       sf_debug_set_machine_data_type 000000018004e700 f   sfc_debug:sfcdebug.obj
 0001:0004d870       sf_debug_get_chart_data_number 000000018004e870 f   sfc_debug:sfcdebug.obj
 0001:0004d890       sf_debug_get_chart_event_number 000000018004e890 f   sfc_debug:sfcdebug.obj
 0001:0004d8b0       sf_debug_set_chart_state_info 000000018004e8b0 f   sfc_debug:sfcdebug.obj
 0001:0004d940       sf_debug_set_chart_decomposition 000000018004e940 f   sfc_debug:sfcdebug.obj
 0001:0004d9b0       sf_debug_set_chart_substate_count 000000018004e9b0 f   sfc_debug:sfcdebug.obj
 0001:0004da90       sf_debug_set_chart_substate_index 000000018004ea90 f   sfc_debug:sfcdebug.obj
 0001:0004db10       sf_debug_set_chart_state_substate_count 000000018004eb10 f   sfc_debug:sfcdebug.obj
 0001:0004dc30       sf_debug_set_chart_state_substate_index 000000018004ec30 f   sfc_debug:sfcdebug.obj
 0001:0004dcc0       sf_debug_set_number_of_data_with_change_event_for_chart 000000018004ecc0 f   sfc_debug:sfcdebug.obj
 0001:0004dd50       sf_debug_set_number_of_states_with_entry_event_for_chart 000000018004ed50 f   sfc_debug:sfcdebug.obj
 0001:0004ddd0       sf_debug_set_number_of_states_with_exit_event_for_chart 000000018004edd0 f   sfc_debug:sfcdebug.obj
 0001:0004de50       sf_debug_set_chart_disable_implicit_casting 000000018004ee50 f   sfc_debug:sfcdebug.obj
 0001:0004dec0       sf_debug_set_chart_event_thresholds 000000018004eec0 f   sfc_debug:sfcdebug.obj
 0001:0004df40       sf_debug_set_chart_data_compiled_props 000000018004ef40 f   sfc_debug:sfcdebug.obj
 0001:0004e280       sf_debug_set_chart_data_props 000000018004f280 f   sfc_debug:sfcdebug.obj
 0001:0004e5a0       sf_debug_check_fi_license  000000018004f5a0 f   sfc_debug:sfcdebug.obj
 0001:0004e760       sf_debug_symbol_scope_push 000000018004f760 f   sfc_debug:sfcdebug.obj
 0001:0004e7a0       sf_debug_symbol_scope_push_eml 000000018004f7a0 f   sfc_debug:sfcdebug.obj
 0001:0004e7f0       sf_debug_symbol_scope_pop  000000018004f7f0 f   sfc_debug:sfcdebug.obj
 0001:0004e830       sf_debug_symbol_scope_add_importable 000000018004f830 f   sfc_debug:sfcdebug.obj
 0001:0004e8b0       sf_debug_symbol_scope_add  000000018004f8b0 f   sfc_debug:sfcdebug.obj
 0001:0004e930       sf_debug_symbol_scope_add_dyn_importable 000000018004f930 f   sfc_debug:sfcdebug.obj
 0001:0004e9f0       sf_debug_symbol_scope_add_dyn 000000018004f9f0 f   sfc_debug:sfcdebug.obj
 0001:0004ea30       sf_debug_symbol_scope_add_eml_importable 000000018004fa30 f   sfc_debug:sfcdebug.obj
 0001:0004ea70       sf_debug_symbol_scope_add_eml 000000018004fa70 f   sfc_debug:sfcdebug.obj
 0001:0004eab0       sf_debug_symbol_scope_add_eml_dyn_importable 000000018004fab0 f   sfc_debug:sfcdebug.obj
 0001:0004eb10       sf_debug_symbol_scope_add_eml_dyn 000000018004fb10 f   sfc_debug:sfcdebug.obj
 0001:0004eb70       sf_debug_symbol_switch     000000018004fb70 f   sfc_debug:sfcdebug.obj
 0001:0004eb90       sf_debug_symbol_scope_add_verbose 000000018004fb90 f   sfc_debug:sfcdebug.obj
 0001:0004ec60       sf_debug_set_machine_data_value_ptr 000000018004fc60 f   sfc_debug:sfcdebug.obj
 0001:0004eca0       sf_debug_set_instance_data_value_ptr 000000018004fca0 f   sfc_debug:sfcdebug.obj
 0001:0004ed70       sf_debug_unset_instance_data_value_ptr 000000018004fd70 f   sfc_debug:sfcdebug.obj
 0001:0004ee20       sf_debug_set_chart_event_scope 000000018004fe20 f   sfc_debug:sfcdebug.obj
 0001:0004eea0       sf_debug_set_chart_transition_coverage_maps 000000018004fea0 f   sfc_debug:sfcdebug.obj
 0001:0004efa0       sf_debug_set_chart_state_coverage_maps 000000018004ffa0 f   sfc_debug:sfcdebug.obj
 0001:0004f070       sf_debug_set_instance_transition_coverage_weights 0000000180050070 f   sfc_debug:sfcdebug.obj
 0001:0004f100       sf_debug_set_instance_state_coverage_weights 0000000180050100 f   sfc_debug:sfcdebug.obj
 0001:0004f350       sf_debug_unload_machine    0000000180050350 f   sfc_debug:sfcdebug.obj
 0001:0004f3a0       sf_debug_load_machine      00000001800503a0 f   sfc_debug:sfcdebug.obj
 0001:0004f4b0       sf_debug_set_active_instance_in_data_dictionary 00000001800504b0 f   sfc_debug:sfcdebug.obj
 0001:0004f690       sf_debug_set_active_instance 0000000180050690 f   sfc_debug:sfcdebug.obj
 0001:0004f7f0       sf_debug_chart_visiblity_change 00000001800507f0 f   sfc_debug:sfcdebug.obj
 0001:0004f8e0       sf_debug_select_chart      00000001800508e0 f   sfc_debug:sfcdebug.obj
 0001:0004fa40       sf_debug_set_instance_cv_ids 0000000180050a40 f   sfc_debug:sfcdebug.obj
 0001:0004fd70       sf_debug_select_charts     0000000180050d70 f   sfc_debug:sfcdebug.obj
 0001:0004ff20       sf_debug_initialized       0000000180050f20 f   sfc_debug:sfcdebug.obj
 0001:0004ff40       sf_debug_is_uninterruptible 0000000180050f40 f   sfc_debug:sfcdebug.obj
 0001:0004ff70       sf_debug_initialize_debugger_gui 0000000180050f70 f   sfc_debug:sfcdebug.obj
 0001:00050350       sf_debug_resume            0000000180051350 f   sfc_debug:sfcdebug.obj
 0001:00050370       sf_debug_go                0000000180051370 f   sfc_debug:sfcdebug.obj
 0001:00050380       sf_debug_break             0000000180051380 f   sfc_debug:sfcdebug.obj
 0001:00050390       sf_debug_step_over         0000000180051390 f   sfc_debug:sfcdebug.obj
 0001:000503a0       sf_debug_step_out          00000001800513a0 f   sfc_debug:sfcdebug.obj
 0001:000503b0       sf_debug_set_disable_all_breakpoints 00000001800513b0 f   sfc_debug:sfcdebug.obj
 0001:000503c0       sf_debug_disable_all_breakpoints_and_go 00000001800513c0 f   sfc_debug:sfcdebug.obj
 0001:000503d0       sf_debug_break_on_chart_entry 00000001800513d0 f   sfc_debug:sfcdebug.obj
 0001:000503e0       sf_debug_break_on_event_broadcast 00000001800513e0 f   sfc_debug:sfcdebug.obj
 0001:000503f0       sf_debug_break_on_state_entry 00000001800513f0 f   sfc_debug:sfcdebug.obj
 0001:00050400       sf_debug_break_between_times 0000000180051400 f   sfc_debug:sfcdebug.obj
 0001:00050420       sf_debug_browse_data       0000000180051420 f   sfc_debug:sfcdebug.obj
 0001:00050430       sf_debug_watch_data        0000000180051430 f   sfc_debug:sfcdebug.obj
 0001:00050460       sf_debug_assign_data       0000000180051460 f   sfc_debug:sfcdebug.obj
 0001:00050470       sf_debug_whos              0000000180051470 f   sfc_debug:sfcdebug.obj
 0001:00050490       sf_debug_get_consistency_info 0000000180051490 f   sfc_debug:sfcdebug.obj
 0001:000504a0       sf_debug_browse_trace      00000001800514a0 f   sfc_debug:sfcdebug.obj
 0001:000504b0       sf_debug_set_breakpoints   00000001800514b0 f   sfc_debug:sfcdebug.obj
 0001:00050620       sf_debug_set_eml_breakpoints 0000000180051620 f   sfc_debug:sfcdebug.obj
 0001:00050780       sf_debug_set_script_breakpoints 0000000180051780 f   sfc_debug:sfcdebug.obj
 0001:00050800       sf_debug_add_script_breakpoints 0000000180051800 f   sfc_debug:sfcdebug.obj
 0001:00050870       sf_debug_clear_script_breakpoints 0000000180051870 f   sfc_debug:sfcdebug.obj
 0001:000508e0       sf_debug_query_script_breakpoints 00000001800518e0 f   sfc_debug:sfcdebug.obj
 0001:00050990       sf_debug_get_eml_script_id 0000000180051990 f   sfc_debug:sfcdebug.obj
 0001:000509e0       sf_debug_set_watch         00000001800519e0 f   sfc_debug:sfcdebug.obj
 0001:00050c00       sf_debug_get_instance_handle 0000000180051c00 f   sfc_debug:sfcdebug.obj
 0001:00050c90       sf_debug_get_active_states 0000000180051c90 f   sfc_debug:sfcdebug.obj
 0001:00050ca0       sf_debug_set_honor_breakpoints 0000000180051ca0 f   sfc_debug:sfcdebug.obj
 0001:00050cb0       sf_debug_get_animation     0000000180051cb0 f   sfc_debug:sfcdebug.obj
 0001:00050cc0       sf_debug_set_animation     0000000180051cc0 f   sfc_debug:sfcdebug.obj
 0001:00050cd0       sf_debug_animate           0000000180051cd0 f   sfc_debug:sfcdebug.obj
 0001:00050cf0       sf_debug_cycle_detection_check 0000000180051cf0 f   sfc_debug:sfcdebug.obj
 0001:00050d00       sf_debug_data_range_check  0000000180051d00 f   sfc_debug:sfcdebug.obj
 0001:00050d10       sf_debug_transition_conflict_check 0000000180051d10 f   sfc_debug:sfcdebug.obj
 0001:00050d20       sf_debug_state_consistency_check 0000000180051d20 f   sfc_debug:sfcdebug.obj
 0001:00050d30       sf_debug_data_range_check_enabled 0000000180051d30 f   sfc_debug:sfcdebug.obj
 0001:00050d50       sf_debug_transition_conflict_check_enabled 0000000180051d50 f   sfc_debug:sfcdebug.obj
 0001:00050d70       sf_debug_transition_conflict_check_begin 0000000180051d70 f   sfc_debug:sfcdebug.obj
 0001:00050d90       sf_debug_transition_conflict_check_end 0000000180051d90 f   sfc_debug:sfcdebug.obj
 0001:00050db0       sf_debug_stop_debugging    0000000180051db0 f   sfc_debug:sfcdebug.obj
 0001:00050de0       sf_debug_is_cycle_detected 0000000180051de0 f   sfc_debug:sfcdebug.obj
 0001:00050df0       sf_debug_is_array_bounds_detected 0000000180051df0 f   sfc_debug:sfcdebug.obj
 0001:00050e00       sf_debug_get_state_vectors_data_size 0000000180051e00 f   sfc_debug:sfcdebug.obj
 0001:00050e40       sf_debug_get_state_vectors_data 0000000180051e40 f   sfc_debug:sfcdebug.obj
 0001:00050f50       sf_debug_set_state_vectors_data 0000000180051f50 f   sfc_debug:sfcdebug.obj
 0001:000511e0       sf_debug_get_script_index  00000001800521e0 f   sfc_debug:sfcdebug.obj
 0001:00051370       sf_debug_add_script        0000000180052370 f   sfc_debug:sfcdebug.obj
 0001:00051500       cv_eval_point              0000000180052500 f   sfc_debug:sfcdebug.obj
 0001:00051670       cv_eval_testobjective      0000000180052670 f   sfc_debug:sfcdebug.obj
 0001:00051780       sf_debug_cv_init_state     0000000180052780 f   sfc_debug:sfcdebug.obj
 0001:000518b0       sf_debug_cv_init_chart     00000001800528b0 f   sfc_debug:sfcdebug.obj
 0001:000519a0       sf_debug_cv_init_trans     00000001800529a0 f   sfc_debug:sfcdebug.obj
 0001:00051ab0       sf_debug_cv_init_saturation 0000000180052ab0 f   sfc_debug:sfcdebug.obj
 0001:00051bb0       sf_debug_cv_init_testobjectives 0000000180052bb0 f   sfc_debug:sfcdebug.obj
 0001:00051d90       cv_eml_init_script         0000000180052d90 f   sfc_debug:sfcdebug.obj
 0001:00051eb0       cv_eml_init_fcn            0000000180052eb0 f   sfc_debug:sfcdebug.obj
 0001:00051fc0       cv_eml_init_testobjective  0000000180052fc0 f   sfc_debug:sfcdebug.obj
 0001:000520a0       cv_eml_init_saturation     00000001800530a0 f   sfc_debug:sfcdebug.obj
 0001:00052170       cv_eml_init_if             0000000180053170 f   sfc_debug:sfcdebug.obj
 0001:00052250       cv_eml_init_for            0000000180053250 f   sfc_debug:sfcdebug.obj
 0001:00052320       cv_eml_init_while          0000000180053320 f   sfc_debug:sfcdebug.obj
 0001:000523f0       cv_eml_init_mcdc           00000001800533f0 f   sfc_debug:sfcdebug.obj
 0001:00052510       cv_eml_init_switch         0000000180053510 f   sfc_debug:sfcdebug.obj
 0001:00052610       cv_eml_eval                0000000180053610 f   sfc_debug:sfcdebug.obj
 0001:00052700       sf_debug_bm_is_a_eml_breakpoint 0000000180053700 f   sfc_debug:sfcdebug.obj
 0001:00052850       sf_debug_temporal_threshold 0000000180053850 f   sfc_debug:sfcdebug.obj
 0001:00052bc0       sf_debug_transition_conflict_error 0000000180053bc0 f   sfc_debug:sfcdebug.obj
 0001:00052f20       sf_debug_state_inconsistency_error 0000000180053f20 f   sfc_debug:sfcdebug.obj
 0001:00053040       sf_debug_check_for_state_inconsistency 0000000180054040 f   sfc_debug:sfcdebug.obj
 0001:00053080       sf_debug_cycle_detecton_error 0000000180054080 f   sfc_debug:sfcdebug.obj
 0001:000537d0       sf_debug_size_eq_check_1d  00000001800547d0 f   sfc_debug:sfcdebug.obj
 0001:000537f0       sf_debug_size_eq_check_nd  00000001800547f0 f   sfc_debug:sfcdebug.obj
 0001:000539f0       sf_debug_dim_size_eq_check 00000001800549f0 f   sfc_debug:sfcdebug.obj
 0001:00053a20       sf_debug_dim_size_geq_check 0000000180054a20 f   sfc_debug:sfcdebug.obj
 0001:00053a50       sf_debug_sub_assign_size_check_nd 0000000180054a50 f   sfc_debug:sfcdebug.obj
 0001:00053c30       sf_debug_matrix_matrix_index_check 0000000180054c30 f   sfc_debug:sfcdebug.obj
 0001:00053c80       sf_debug_vector_vector_index_check 0000000180054c80 f   sfc_debug:sfcdebug.obj
 0001:00053cd0       sf_debug_for_loop_vector_check 0000000180054cd0 f   sfc_debug:sfcdebug.obj
 0001:00053d70       sf_debug_runtime_error_msgid 0000000180054d70 f   sfc_debug:sfcdebug.obj
 0001:00053e10       sf_debug_data_array_bounds_error_check 0000000180054e10 f   sfc_debug:sfcdebug.obj
 0001:00053f20       sf_debug_eml_data_array_bounds_error_check 0000000180054f20 f   sfc_debug:sfcdebug.obj
 0001:000543e0       sf_debug_integer_check     00000001800553e0 f   sfc_debug:sfcdebug.obj
 0001:000544d0       sf_debug_not_nan_check     00000001800554d0 f   sfc_debug:sfcdebug.obj
 0001:000545a0       sf_debug_non_negative_check 00000001800555a0 f   sfc_debug:sfcdebug.obj
 0001:00054670       sf_debug_overflow_detection 0000000180055670 f   sfc_debug:sfcdebug.obj
 0001:00054cd0       sf_debug_cast_to_real32_T  0000000180055cd0 f   sfc_debug:sfcdebug.obj
 0001:00054da0       sf_debug_cast_to_int8_T    0000000180055da0 f   sfc_debug:sfcdebug.obj
 0001:00054e70       sf_debug_cast_to_uint8_T   0000000180055e70 f   sfc_debug:sfcdebug.obj
 0001:00054f40       sf_debug_cast_to_int16_T   0000000180055f40 f   sfc_debug:sfcdebug.obj
 0001:00055010       sf_debug_cast_to_uint16_T  0000000180056010 f   sfc_debug:sfcdebug.obj
 0001:000550e0       sf_debug_cast_to_int32_T   00000001800560e0 f   sfc_debug:sfcdebug.obj
 0001:000551b0       sf_debug_cast_to_uint32_T  00000001800561b0 f   sfc_debug:sfcdebug.obj
 0001:00055280       sf_debug_data_range_error  0000000180056280 f   sfc_debug:sfcdebug.obj
 0001:00055590       sf_debug_read_before_write_check 0000000180056590 f   sfc_debug:sfcdebug.obj
 0001:000559c0       sf_debug_data_range_error_wrapper_min_max 00000001800569c0 f   sfc_debug:sfcdebug.obj
 0001:00055ae0       sf_debug_data_range_error_wrapper_min 0000000180056ae0 f   sfc_debug:sfcdebug.obj
 0001:00055bf0       sf_debug_data_range_error_wrapper_max 0000000180056bf0 f   sfc_debug:sfcdebug.obj
 0001:00055d00       sf_debug_data_range_wrapper 0000000180056d00 f   sfc_debug:sfcdebug.obj
 0001:00055dc0       sf_debug_set_current_status_info 0000000180056dc0 f   sfc_debug:sfcdebug.obj
 0001:00056160       sf_debug_register_message_post_receive_info 0000000180057160 f   sfc_debug:sfcdebug.obj
 0001:000563b0       sf_debug_call              00000001800573b0 f   sfc_debug:sfcdebug.obj
 0001:00056d10       sf_debug_initialize_machine 0000000180057d10 f   sfc_debug:sfcdebug.obj
 0001:00056fc0       sf_debug_initialize_chart  0000000180057fc0 f   sfc_debug:sfcdebug.obj
 0001:00057410       sf_debug_ensure_script     0000000180058410 f   sfc_debug:sfcdebug.obj
 0001:000574c0       cv_eval_saturation         00000001800584c0 f   sfc_debug:sfcdebug.obj
 0001:00057640       cv_saturation_accum        0000000180058640 f   sfc_debug:sfcdebug.obj
 0001:00057780       cv_script_init_script      0000000180058780 f   sfc_debug:sfcdebug.obj
 0001:00057870       cv_script_init_fcn         0000000180058870 f   sfc_debug:sfcdebug.obj
 0001:00057930       cv_script_init_testobjective 0000000180058930 f   sfc_debug:sfcdebug.obj
 0001:000579f0       cv_script_init_saturation  00000001800589f0 f   sfc_debug:sfcdebug.obj
 0001:00057aa0       cv_script_init_if          0000000180058aa0 f   sfc_debug:sfcdebug.obj
 0001:00057b60       cv_script_init_for         0000000180058b60 f   sfc_debug:sfcdebug.obj
 0001:00057c10       cv_script_init_while       0000000180058c10 f   sfc_debug:sfcdebug.obj
 0001:00057cc0       cv_script_init_mcdc        0000000180058cc0 f   sfc_debug:sfcdebug.obj
 0001:00057dc0       cv_script_init_switch      0000000180058dc0 f   sfc_debug:sfcdebug.obj
 0001:00057ea0       cv_script_eval             0000000180058ea0 f   sfc_debug:sfcdebug.obj
 0001:00057f70       eml_debug_line_call        0000000180058f70 f   sfc_debug:sfcdebug.obj
 0001:00058140       sf_debug_terminate         0000000180059140 f   sfc_debug:sfcdebug.obj
 0001:00058350       sf_debug_set_script_cv_ids 0000000180059350 f   sfc_debug:sfcdebug.obj
 0001:00058480       sf_debug_api               0000000180059480 f   sfc_debug:sfc_api.obj
 0001:00059d70       sf_debug_sm_terminate      000000018005ad70 f   sfc_debug:sfdb_animation.obj
 0001:00059f20       sf_debug_reset_path_objects 000000018005af20 f   sfc_debug:sfdb_animation.obj
 0001:00059fa0       sf_debug_sm_reset_object_selection_status 000000018005afa0 f   sfc_debug:sfdb_animation.obj
 0001:0005a040       sf_debug_sm_reset_state_buffer 000000018005b040 f   sfc_debug:sfdb_animation.obj
 0001:0005a110       sf_debug_sm_store_state_buffer 000000018005b110 f   sfc_debug:sfdb_animation.obj
 0001:0005a190       sf_debug_sm_restore_state_buffer1 000000018005b190 f   sfc_debug:sfdb_animation.obj
 0001:0005a200       sf_debug_sm_restore_state_buffer2 000000018005b200 f   sfc_debug:sfdb_animation.obj
 0001:0005a270       sf_debug_sm_chart_active   000000018005b270 f   sfc_debug:sfdb_animation.obj
 0001:0005a2c0       sf_debug_sm_select_active_objects 000000018005b2c0 f   sfc_debug:sfdb_animation.obj
 0001:0005a790       sf_debug_sm_is_chart_active 000000018005b790 f   sfc_debug:sfdb_animation.obj
 0001:0005a7d0       sf_debug_sm_is_state_active 000000018005b7d0 f   sfc_debug:sfdb_animation.obj
 0001:0005aa10       sf_debug_sm_get_active_states 000000018005ba10 f   sfc_debug:sfdb_animation.obj
 0001:0005afc0       sf_debug_sm_initialize_instance 000000018005bfc0 f   sfc_debug:sfdb_animation.obj
 0001:0005b1d0       sf_debug_sm_change_object_selection_status 000000018005c1d0 f   sfc_debug:sfdb_animation.obj
 0001:0005b4a0       cv_create_interface        000000018005c4a0 f   sfc_debug:cv_sfinterface.obj
 0001:0005b7b0       cv_init_trans              000000018005c7b0 f   sfc_debug:cv_sfinterface.obj
 0001:0005b800       cv_init_saturation         000000018005c800 f   sfc_debug:cv_sfinterface.obj
 0001:0005b840       cv_init_testobjective      000000018005c840 f   sfc_debug:cv_sfinterface.obj
 0001:0005b880       cv_init_state              000000018005c880 f   sfc_debug:cv_sfinterface.obj
 0001:0005b8f0       cv_init_chart              000000018005c8f0 f   sfc_debug:cv_sfinterface.obj
 0001:0005b940       cv_dec_update_call         000000018005c940 f   sfc_debug:cv_sfinterface.obj
 0001:0005b980       cv_cond_update_call        000000018005c980 f   sfc_debug:cv_sfinterface.obj
 0001:0005b9c0       cv_saturation_update_call  000000018005c9c0 f   sfc_debug:cv_sfinterface.obj
 0001:0005ba00       cv_saturation_update_accum 000000018005ca00 f   sfc_debug:cv_sfinterface.obj
 0001:0005ba40       cv_testobjective_update_call 000000018005ca40 f   sfc_debug:cv_sfinterface.obj
 0001:0005ba80       cv_sigrange_update         000000018005ca80 f   sfc_debug:cv_sfinterface.obj
 0001:0005bac0       cvsf_eml_eval              000000018005cac0 f   sfc_debug:cv_sfinterface.obj
 0001:0005bba0       cvsf_eml_init_script       000000018005cba0 f   sfc_debug:cv_sfinterface.obj
 0001:0005bc30       cvsf_eml_init_fcn          000000018005cc30 f   sfc_debug:cv_sfinterface.obj
 0001:0005bc90       cvsf_eml_init_testobjective 000000018005cc90 f   sfc_debug:cv_sfinterface.obj
 0001:0005bcf0       cvsf_eml_init_saturation   000000018005ccf0 f   sfc_debug:cv_sfinterface.obj
 0001:0005bd40       cvsf_eml_init_if           000000018005cd40 f   sfc_debug:cv_sfinterface.obj
 0001:0005bda0       cvsf_eml_init_for          000000018005cda0 f   sfc_debug:cv_sfinterface.obj
 0001:0005bdf0       cvsf_eml_init_while        000000018005cdf0 f   sfc_debug:cv_sfinterface.obj
 0001:0005be40       cvsf_eml_init_mcdc         000000018005ce40 f   sfc_debug:cv_sfinterface.obj
 0001:0005bed0       cvsf_eml_init_switch       000000018005ced0 f   sfc_debug:cv_sfinterface.obj
 0001:0005bf40       cvsf_script_eval           000000018005cf40 f   sfc_debug:cv_sfinterface.obj
 0001:0005c020       cvsf_script_init_script    000000018005d020 f   sfc_debug:cv_sfinterface.obj
 0001:0005c0b0       cvsf_script_init_fcn       000000018005d0b0 f   sfc_debug:cv_sfinterface.obj
 0001:0005c110       cvsf_script_init_testobjective 000000018005d110 f   sfc_debug:cv_sfinterface.obj
 0001:0005c170       cvsf_script_init_saturation 000000018005d170 f   sfc_debug:cv_sfinterface.obj
 0001:0005c1c0       cvsf_script_init_if        000000018005d1c0 f   sfc_debug:cv_sfinterface.obj
 0001:0005c220       cvsf_script_init_for       000000018005d220 f   sfc_debug:cv_sfinterface.obj
 0001:0005c270       cvsf_script_init_while     000000018005d270 f   sfc_debug:cv_sfinterface.obj
 0001:0005c2c0       cvsf_script_init_mcdc      000000018005d2c0 f   sfc_debug:cv_sfinterface.obj
 0001:0005c350       cvsf_script_init_switch    000000018005d350 f   sfc_debug:cv_sfinterface.obj
 0001:0005c3c0       cv_destroy_interface       000000018005d3c0 f   sfc_debug:cv_sfinterface.obj
 0001:0005c3e0       cv_create_instance_objects 000000018005d3e0 f   sfc_debug:cv_sfinterface.obj
 0001:0005c850       cv_is_enabled              000000018005d850 f   sfc_debug:cv_sfinterface.obj
 0001:0005c860       sf_debug_cv_initialize_script 000000018005d860 f   sfc_debug:cv_sfinterface.obj
 0001:0005c9f0       sf_debug_cv_initialize_instance 000000018005d9f0 f   sfc_debug:cv_sfinterface.obj
 0001:0005cd80       sf_debug_cv_terminate_chart 000000018005dd80 f   sfc_debug:cv_sfinterface.obj
 0001:0005cea0       cv_call_trans_test         000000018005dea0 f   sfc_debug:cv_sfinterface.obj
 0001:0005ceb0       cv_call_sub_cond_test      000000018005deb0 f   sfc_debug:cv_sfinterface.obj
 0001:0005cef0       sf_debug_st_initialize_machine 000000018005def0 f   sfc_debug:sfdb_data_browse.obj
 0001:0005cfa0       sf_debug_st_initialize_instance 000000018005dfa0 f   sfc_debug:sfdb_data_browse.obj
 0001:0005d1b0       sf_debug_st_terminate      000000018005e1b0 f   sfc_debug:sfdb_data_browse.obj
 0001:0005d550       sf_debug_st_set_data_value_ptr_in_machine 000000018005e550 f   sfc_debug:sfdb_data_browse.obj
 0001:0005d5e0       sf_debug_st_set_data_value_ptr_in_instance 000000018005e5e0 f   sfc_debug:sfdb_data_browse.obj
 0001:0005d6c0       sf_debug_st_unset_data_value_ptr_in_machine 000000018005e6c0 f   sfc_debug:sfdb_data_browse.obj
 0001:0005d730       sf_debug_st_unset_data_value_ptr_in_instance 000000018005e730 f   sfc_debug:sfdb_data_browse.obj
 0001:0005d9f0       sf_debug_mx_value          000000018005e9f0 f   sfc_debug:sfdb_data_browse.obj
 0001:0005da50       sf_debug_mx_packed_vector  000000018005ea50 f   sfc_debug:sfdb_data_browse.obj
 0001:0005db30       sf_debug_mx_uint_vector    000000018005eb30 f   sfc_debug:sfdb_data_browse.obj
 0001:0005dbe0       sf_debug_st_get_double_value_from_void_ptr_vector 000000018005ebe0 f   sfc_debug:sfdb_data_browse.obj
 0001:0005e6c0       sf_debug_st_browse_data    000000018005f6c0 f   sfc_debug:sfdb_data_browse.obj
 0001:0005ef00       sf_debug_hm_initialize_instance 000000018005ff00 f   sfc_debug:sfdb_handle_management.obj
 0001:0005f3e0       sf_debug_hm_get_object_id  00000001800603e0 f   sfc_debug:sfdb_handle_management.obj
 0001:0005ff90       sf_debug_hm_update_chart_visibility 0000000180060f90 f   sfc_debug:sfdb_handle_management.obj
 0001:00061180       sf_debug_object_is_eml_function 0000000180062180 f   sfc_debug:sfdb_handle_management.obj
 0001:000611f0       sf_debug_hm_initialize_ids_in_machine 00000001800621f0 f   sfc_debug:sfdb_handle_management.obj
 0001:00061360       sf_debug_hm_initialize_ids_in_chart 0000000180062360 f   sfc_debug:sfdb_handle_management.obj
 0001:00061460       sf_debug_hm_initialize_chart 0000000180062460 f   sfc_debug:sfdb_handle_management.obj
 0001:00061b60       sf_debug_hm_terminate      0000000180062b60 f   sfc_debug:sfdb_handle_management.obj
 0001:00061bc0       sf_debug_hm_initialize_machine 0000000180062bc0 f   sfc_debug:sfdb_handle_management.obj
 0001:000622e0       sf_debug_ss_initialize     00000001800632e0 f   sfc_debug:sfdb_symbol_scope.obj
 0001:00062300       sf_debug_ss_terminate      0000000180063300 f   sfc_debug:sfdb_symbol_scope.obj
 0001:00062390       sf_debug_ss_push_symbol_scope 0000000180063390 f   sfc_debug:sfdb_symbol_scope.obj
 0001:00062490       sf_debug_ss_push_symbol_scope_eml 0000000180063490 f   sfc_debug:sfdb_symbol_scope.obj
 0001:000624f0       sf_debug_ss_pop_symbol_scope 00000001800634f0 f   sfc_debug:sfdb_symbol_scope.obj
 0001:000625a0       sf_debug_ss_add_symbol     00000001800635a0 f   sfc_debug:sfdb_symbol_scope.obj
 0001:00062710       sf_debug_ss_add_symbol_eml 0000000180063710 f   sfc_debug:sfdb_symbol_scope.obj
 0001:00063610       sf_debug_ss_set_data_value 0000000180064610 f   sfc_debug:sfdb_symbol_scope.obj
 0001:00063a60       getInstanceNumber          0000000180064a60 f   sfc_debug:sfdb_symbol_scope.obj
 0001:00063b30       sf_debug_ss_watch_data     0000000180064b30 f   sfc_debug:sfdb_symbol_scope.obj
 0001:00063d20       sf_debug_ss_assign_data    0000000180064d20 f   sfc_debug:sfdb_symbol_scope.obj
 0001:00064730       get_data_entry_name        0000000180065730 f   sfc_debug:sfdb_symbol_scope.obj
 0001:00064780       sf_debug_ss_whos           0000000180065780 f   sfc_debug:sfdb_symbol_scope.obj
 0001:00064dd0       sf_debug_cc_initialize_chart 0000000180065dd0 f   sfc_debug:sfdb_coverage.obj
 0001:000657c0       sf_debug_cc_initialize_instance 00000001800667c0 f   sfc_debug:sfdb_coverage.obj
 0001:00066500       sf_debug_cc_terminate      0000000180067500 f   sfc_debug:sfdb_coverage.obj
 0001:000665f0       sf_debug_cc_set_transition_maps 00000001800675f0 f   sfc_debug:sfdb_coverage.obj
 0001:00066720       sf_debug_cc_set_state_maps 0000000180067720 f   sfc_debug:sfdb_coverage.obj
 0001:00066800       sf_debug_cc_set_transition_weights 0000000180067800 f   sfc_debug:sfdb_coverage.obj
 0001:00066ac0       sf_debug_cc_set_state_weights 0000000180067ac0 f   sfc_debug:sfdb_coverage.obj
 0001:00066d90       sf_debug_cc_mark_transition_guard 0000000180067d90 f   sfc_debug:sfdb_coverage.obj
 0001:00066e20       sf_debug_cc_mark_transition_trigger 0000000180067e20 f   sfc_debug:sfdb_coverage.obj
 0001:00066eb0       sf_debug_cc_mark_transition_decision 0000000180067eb0 f   sfc_debug:sfdb_coverage.obj
 0001:00066f20       sf_debug_cc_mark_transition_condition_action 0000000180067f20 f   sfc_debug:sfdb_coverage.obj
 0001:00066f70       sf_debug_cc_mark_transition_transition_action 0000000180067f70 f   sfc_debug:sfdb_coverage.obj
 0001:00066fc0       sf_debug_cc_mark_state_entry 0000000180067fc0 f   sfc_debug:sfdb_coverage.obj
 0001:00067010       sf_debug_cc_mark_state_during 0000000180068010 f   sfc_debug:sfdb_coverage.obj
 0001:00067060       sf_debug_cc_mark_state_exit 0000000180068060 f   sfc_debug:sfdb_coverage.obj
 0001:000670b0       sf_debug_bm_clear_script_breakpoints 00000001800680b0 f   sfc_debug:sfdb_breakpoints.obj
 0001:000670e0       sf_debug_bm_set_script_breakpoint 00000001800680e0 f   sfc_debug:sfdb_breakpoints.obj
 0001:00067160       sf_debug_bm_clear_single_script_breakpoint 0000000180068160 f   sfc_debug:sfdb_breakpoints.obj
 0001:000671e0       sf_debug_bm_query_script_breakpoint 00000001800681e0 f   sfc_debug:sfdb_breakpoints.obj
 0001:00067230       sf_debug_bm_initialize_scripts 0000000180068230 f   sfc_debug:sfdb_breakpoints.obj
 0001:000678c0       sf_debug_bm_terminate      00000001800688c0 f   sfc_debug:sfdb_breakpoints.obj
 0001:00067ba0       sf_debug_bm_remove_all_breakpoints_in_machine 0000000180068ba0 f   sfc_debug:sfdb_breakpoints.obj
 0001:00067c00       sf_debug_bm_remove_all_breakpoints_in_chart 0000000180068c00 f   sfc_debug:sfdb_breakpoints.obj
 0001:00067d50       sf_debug_bm_initialize_global_breakpoints 0000000180068d50 f   sfc_debug:sfdb_breakpoints.obj
 0001:00067ed0       sf_debug_bm_set_breakpoint 0000000180068ed0 f   sfc_debug:sfdb_breakpoints.obj
 0001:00068490       sf_debug_bm_set_eml_breakpoint 0000000180069490 f   sfc_debug:sfdb_breakpoints.obj
 0001:00068520       sf_debug_bm_initialize_machine_breakpoint_map 0000000180069520 f   sfc_debug:sfdb_breakpoints.obj
 0001:00068940       sf_debug_bm_is_a_breakpoint 0000000180069940 f   sfc_debug:sfdb_breakpoints.obj
 0001:00068e60       sf_debug_bm_get_all_breakpoints_in_machine 0000000180069e60 f   sfc_debug:sfdb_breakpoints.obj
 0001:00069160       sf_debug_bm_get_all_breakpoints_in_chart 000000018006a160 f   sfc_debug:sfdb_breakpoints.obj
 0001:00069cf0       sf_debug_bm_initialize_machine 000000018006acf0 f   sfc_debug:sfdb_breakpoints.obj
 0001:00069dc0       sf_debug_bm_initialize_chart 000000018006adc0 f   sfc_debug:sfdb_breakpoints.obj
 0001:0006a1b0       sf_debug_sc_terminate      000000018006b1b0 f   sfc_debug:sfdb_state_consistency.obj
 0001:0006a4d0       sf_debug_sc_is_chart_consistent 000000018006b4d0 f   sfc_debug:sfdb_state_consistency.obj
 0001:0006a780       sf_debug_sc_get_consistency_error_info 000000018006b780 f   sfc_debug:sfdb_state_consistency.obj
 0001:0006ab90       sf_debug_tm_terminate      000000018006bb90 f   sfc_debug:sfdb_call_stack.obj
 0001:0006ac40       sf_debug_tm_push_chart_instance 000000018006bc40 f   sfc_debug:sfdb_call_stack.obj
 0001:0006ad80       sf_debug_tm_pop_chart_instance 000000018006bd80 f   sfc_debug:sfdb_call_stack.obj
 0001:0006ade0       sf_debug_tm_push_trace_node 000000018006bde0 f   sfc_debug:sfdb_call_stack.obj
 0001:0006af60       sf_debug_tm_pop_trace_node 000000018006bf60 f   sfc_debug:sfdb_call_stack.obj
 0001:0006afe0       sf_debug_tm_get_current_global_trace_index 000000018006bfe0 f   sfc_debug:sfdb_call_stack.obj
 0001:0006aff0       sf_debug_tm_get_current_local_trace_index 000000018006bff0 f   sfc_debug:sfdb_call_stack.obj
 0001:0006b020       sf_debug_tm_set_cycle_detected_flag 000000018006c020 f   sfc_debug:sfdb_call_stack.obj
 0001:0006b060       sf_debug_tm_set_cycle_started_flag 000000018006c060 f   sfc_debug:sfdb_call_stack.obj
 0001:0006b0a0       sf_debug_tm_get_chart_number_from_stack 000000018006c0a0 f   sfc_debug:sfdb_call_stack.obj
 0001:0006b2a0       sf_debug_tm_browse_trace   000000018006c2a0 f   sfc_debug:sfdb_call_stack.obj
 0001:0006b5b0       sf_debug_cd_initialize_instance 000000018006c5b0 f   sfc_debug:sfdb_cycle_detection.obj
 0001:0006b860       sf_debug_cd_mark_processed_transition_in_instance 000000018006c860 f   sfc_debug:sfdb_cycle_detection.obj
 0001:0006b900       sf_debug_cd_checksum_push  000000018006c900 f   sfc_debug:sfdb_cycle_detection.obj
 0001:0006bbb0       sf_debug_cd_checksum_pop   000000018006cbb0 f   sfc_debug:sfdb_cycle_detection.obj
 0001:0006bc20       sf_debug_cd_turn_off_cycle_detection 000000018006cc20 f   sfc_debug:sfdb_cycle_detection.obj
 0001:0006bc70       sf_debug_cd_terminate      000000018006cc70 f   sfc_debug:sfdb_cycle_detection.obj
 0001:0006bea0       md5_initialize_state       000000018006cea0 f   sfc_debug:ckmd5.obj
 0001:0006c930       md5_update_state           000000018006d930 f   sfc_debug:ckmd5.obj
 0001:0006c950       md5_get_hash               000000018006d950 f   sfc_debug:ckmd5.obj
 0001:0006c980       md5_get_hash_for_a_single_string 000000018006d980 f   sfc_debug:ckmd5.obj
 0001:0006c9e0       mxGetPr                    000000018006d9e0 f   libmx:libmx.dll
 0001:0006c9e6       mxSetField_730             000000018006d9e6 f   libmx:libmx.dll
 0001:0006c9ec       mxDestroyArray             000000018006d9ec f   libmx:libmx.dll
 0001:0006c9f2       mxCreateDoubleMatrix_730   000000018006d9f2 f   libmx:libmx.dll
 0001:0006c9f8       mxCreateDoubleScalar       000000018006d9f8 f   libmx:libmx.dll
 0001:0006c9fe       mxCreateString             000000018006d9fe f   libmx:libmx.dll
 0001:0006ca04       mxCreateCellMatrix_730     000000018006da04 f   libmx:libmx.dll
 0001:0006ca0a       mxCreateStructMatrix_730   000000018006da0a f   libmx:libmx.dll
 0001:0006ca10       mxDuplicateArray           000000018006da10 f   libmx:libmx.dll
 0001:0006ca16       mxCalloc                   000000018006da16 f   libmx:libmx.dll
 0001:0006ca1c       mxGetClassID               000000018006da1c f   libmx:libmx.dll
 0001:0006ca22       mxIsNumeric                000000018006da22 f   libmx:libmx.dll
 0001:0006ca28       mxIsChar                   000000018006da28 f   libmx:libmx.dll
 0001:0006ca2e       mxIsComplex                000000018006da2e f   libmx:libmx.dll
 0001:0006ca34       mxGetM                     000000018006da34 f   libmx:libmx.dll
 0001:0006ca3a       mxGetN                     000000018006da3a f   libmx:libmx.dll
 0001:0006ca40       mxGetString_730            000000018006da40 f   libmx:libmx.dll
 0001:0006ca46       mxGetScalar                000000018006da46 f   libmx:libmx.dll
 0001:0006ca4c       mxGetString_700            000000018006da4c f   libmx:libmx.dll
 0001:0006ca52       mxFree                     000000018006da52 f   libmx:libmx.dll
 0001:0006ca58       mxArrayToString            000000018006da58 f   libmx:libmx.dll
 0001:0006ca5e       mxGetNumberOfElements      000000018006da5e f   libmx:libmx.dll
 0001:0006ca64       mxGetField_700             000000018006da64 f   libmx:libmx.dll
 0001:0006ca6a       mxSetFieldByNumber_700     000000018006da6a f   libmx:libmx.dll
 0001:0006ca70       mxCreateStructArray_700    000000018006da70 f   libmx:libmx.dll
 0001:0006ca76       mxGetData                  000000018006da76 f   libmx:libmx.dll
 0001:0006ca7c       mxCreateNumericArray_700   000000018006da7c f   libmx:libmx.dll
 0001:0006ca82       mxIsLogical                000000018006da82 f   libmx:libmx.dll
 0001:0006ca88       mxCreateDoubleMatrix_700   000000018006da88 f   libmx:libmx.dll
 0001:0006ca8e       mxCreateCellMatrix_700     000000018006da8e f   libmx:libmx.dll
 0001:0006ca94       mxSetCell_700              000000018006da94 f   libmx:libmx.dll
 0001:0006ca9a       mxGetCell_700              000000018006da9a f   libmx:libmx.dll
 0001:0006caa0       mxGetClassName             000000018006daa0 f   libmx:libmx.dll
 0001:0006caa6       mxSetField_700             000000018006daa6 f   libmx:libmx.dll
 0001:0006caac       mxAddField                 000000018006daac f   libmx:libmx.dll
 0001:0006cab2       mxIsStruct                 000000018006dab2 f   libmx:libmx.dll
 0001:0006cab8       mxIsA                      000000018006dab8 f   libmx:libmx.dll
 0001:0006cabe       mxIsClass                  000000018006dabe f   libmx:libmx.dll
 0001:0006cac4       mxGetLogicals              000000018006dac4 f   libmx:libmx.dll
 0001:0006caca       mxIsSparse                 000000018006daca f   libmx:libmx.dll
 0001:0006cad0       mxGetFieldByNumber_700     000000018006dad0 f   libmx:libmx.dll
 0001:0006cad6       mxGetFieldNameByNumber     000000018006dad6 f   libmx:libmx.dll
 0001:0006cadc       mxGetNumberOfFields        000000018006dadc f   libmx:libmx.dll
 0001:0006cae2       mxCreateStructMatrix_700   000000018006dae2 f   libmx:libmx.dll
 0001:0006cae8       mxGetFieldNumber           000000018006dae8 f   libmx:libmx.dll
 0001:0006caee       mxIsNaN                    000000018006daee f   libmx:libmx.dll
 0001:0006caf4       mxIsEmpty                  000000018006daf4 f   libmx:libmx.dll
 0001:0006cafa       mxGetImagData              000000018006dafa f   libmx:libmx.dll
 0001:0006cb00       mxArrayClassIDName         000000018006db00 f   libmx:libmx.dll
 0001:0006cb06       mxCreateNumericMatrix_700  000000018006db06 f   libmx:libmx.dll
 0001:0006cb0c       mxCalcSingleSubscript_700  000000018006db0c f   libmx:libmx.dll
 0001:0006cb12       mxGetDimensions_700        000000018006db12 f   libmx:libmx.dll
 0001:0006cb18       mxGetNumberOfDimensions_700 000000018006db18 f   libmx:libmx.dll
 0001:0006cb1e       mxGetElementSize           000000018006db1e f   libmx:libmx.dll
 0001:0006cb24       mxCreateStringFromNChars_700 000000018006db24 f   libmx:libmx.dll
 0001:0006cb2a       mxIsLogicalScalarTrue      000000018006db2a f   libmx:libmx.dll
 0001:0006cb30       mxCreateLogicalScalar      000000018006db30 f   libmx:libmx.dll
 0001:0006cb36       mexErrMsgTxt               000000018006db36 f   libmex:libmex.dll
 0001:0006cb3c       mexWarnMsgTxt              000000018006db3c f   libmex:libmex.dll
 0001:0006cb42       mexCallMATLAB              000000018006db42 f   libmex:libmex.dll
 0001:0006cb48       mexUnlock                  000000018006db48 f   libmex:libmex.dll
 0001:0006cb4e       mexIsLocked                000000018006db4e f   libmex:libmex.dll
 0001:0006cb54       mexMakeArrayPersistent     000000018006db54 f   libmex:libmex.dll
 0001:0006cb5a       mexLock                    000000018006db5a f   libmex:libmex.dll
 0001:0006cb60       mexMakeMemoryPersistent    000000018006db60 f   libmex:libmex.dll
 0001:0006cb66       mexSetTrapFlag             000000018006db66 f   libmex:libmex.dll
 0001:0006cb6c       mexPutVariable             000000018006db6c f   libmex:libmex.dll
 0001:0006cb72       mexGetVariable             000000018006db72 f   libmex:libmex.dll
 0001:0006cb78       mexFunctionName            000000018006db78 f   libmex:libmex.dll
 0001:0006cb7e       ssRegisterDataTypeFxpFSlopeFixExpBias 000000018006db7e f   libfixedpoint:libfixedpoint.dll
 0001:0006cb84       ssRegisterDataTypeFxpScaledDouble 000000018006db84 f   libfixedpoint:libfixedpoint.dll
 0001:0006cb8a       utMalloc                   000000018006db8a f   libut:libut.dll
 0001:0006cb90       utFree                     000000018006db90 f   libut:libut.dll
 0001:0006cb96       utCPUtime                  000000018006db96 f   libut:libut.dll
 0001:0006cb9c       utVSNprintf                000000018006db9c f   libut:libut.dll
 0001:0006cba2       utCalloc                   000000018006dba2 f   libut:libut.dll
 0001:0006cba8       utRealloc                  000000018006dba8 f   libut:libut.dll
 0001:0006cbae       muDoubleScalarAbs          000000018006dbae f   libmwmathutil:libmwmathutil.dll
 0001:0006cbb4       muDoubleScalarCos          000000018006dbb4 f   libmwmathutil:libmwmathutil.dll
 0001:0006cbba       muDoubleScalarSin          000000018006dbba f   libmwmathutil:libmwmathutil.dll
 0001:0006cbc0       emlrtCreateRootTLS         000000018006dbc0 f   libemlrt:libemlrt.dll
 0001:0006cbc6       emlrtDestroyRootTLS        000000018006dbc6 f   libemlrt:libemlrt.dll
 0001:0006cbcc       emlrtCheckBuiltInR2012b    000000018006dbcc f   libemlrt:libemlrt.dll
 0001:0006cbd2       emlrtCheckVsBuiltInR2012b  000000018006dbd2 f   libemlrt:libemlrt.dll
 0001:0006cbd8       emlrtCheckEnumR2012b       000000018006dbd8 f   libemlrt:libemlrt.dll
 0001:0006cbde       emlrtCreateEnumR2012b      000000018006dbde f   libemlrt:libemlrt.dll
 0001:0006cbe4       emlrtGetEnumElementR2009a  000000018006dbe4 f   libemlrt:libemlrt.dll
 0001:0006cbea       emlrtCreateReference       000000018006dbea f   libemlrt:libemlrt.dll
 0001:0006cbf0       emlrtImportVsFiArrayR2009b 000000018006dbf0 f   libemlrt:libemlrt.dll
 0001:0006cbf6       emlrtNameCapturePostProcessR2012a 000000018006dbf6 f   libemlrt:libemlrt.dll
 0001:0006cbfc       emlrtExtractMessageId      000000018006dbfc f   libemlrt:libemlrt.dll
 0001:0006cc02       emlrtTranslateMessageIDtoLCPstring 000000018006dc02 f   libemlrt:libemlrt.dll
 0001:0006cc08       emlrtForLoopVectorIsValidR2011b 000000018006dc08 f   libemlrt:libemlrt.dll
 0001:0006cc0e       emlrtTranslateUTF16MessagetoLCPstring 000000018006dc0e f   libemlrt:libemlrt.dll
 0001:0006cc14       emlrtGetEnumUnderlyingArrayR2009a 000000018006dc14 f   libemlrt:libemlrt.dll
 0001:0006cc1a       emlrtIsEnumR2009a          000000018006dc1a f   libemlrt:libemlrt.dll
 0001:0006cc20       memset                     000000018006dc20 f   MSVCRT:MSVCR110.dll
 0001:0006cc26       strlen                     000000018006dc26 f   MSVCRT:MSVCR110.dll
 0001:0006cc2c       __GSHandlerCheck           000000018006dc2c f   MSVCRT:gshandler.obj
 0001:0006cc4c       __GSHandlerCheckCommon     000000018006dc4c f   MSVCRT:gshandler.obj
 0001:0006ccc0       __security_check_cookie    000000018006dcc0 f   MSVCRT:amdsecgs.obj
 0001:0006cce0       __raise_securityfailure    000000018006dce0 f   MSVCRT:gs_report.obj
 0001:0006cd2c       __report_gsfailure         000000018006dd2c f   MSVCRT:gs_report.obj
 0001:0006ce00       __report_rangecheckfailure 000000018006de00 f   MSVCRT:gs_report.obj
 0001:0006ce14       __report_securityfailure   000000018006de14 f   MSVCRT:gs_report.obj
 0001:0006ceb0       __report_securityfailureEx 000000018006deb0 f   MSVCRT:gs_report.obj
 0001:0006cfbe       memcpy                     000000018006dfbe f   MSVCRT:MSVCR110.dll
 0001:0006cfc4       strcat                     000000018006dfc4 f   MSVCRT:MSVCR110.dll
 0001:0006cfca       strcmp                     000000018006dfca f   MSVCRT:MSVCR110.dll
 0001:0006cfd0       sprintf                    000000018006dfd0 f   MSVCRT:MSVCR110.dll
 0001:0006cfd6       free                       000000018006dfd6 f   MSVCRT:MSVCR110.dll
 0001:0006cfdc       malloc                     000000018006dfdc f   MSVCRT:MSVCR110.dll
 0001:0006d044       NtCurrentTeb               000000018006e044 f i MSVCRT:crtdll.obj
 0001:0006d050       _CRT_INIT                  000000018006e050 f   MSVCRT:crtdll.obj
 0001:0006d29c       _DllMainCRTStartup         000000018006e29c f   MSVCRT:crtdll.obj
 0001:0006d412       _setjmp                    000000018006e412 f   MSVCRT:MSVCR110.dll
 0001:0006d418       strncpy                    000000018006e418 f   MSVCRT:MSVCR110.dll
 0001:0006d430       __chkstk                   000000018006e430 f   MSVCRT:chkstk.obj
 0001:0006d430       _alloca_probe              000000018006e430     MSVCRT:chkstk.obj
 0001:0006d47e       longjmp                    000000018006e47e f   MSVCRT:MSVCR110.dll
 0001:0006d484       strncmp                    000000018006e484 f   MSVCRT:MSVCR110.dll
 0001:0006d48a       ceil                       000000018006e48a f   MSVCRT:MSVCR110.dll
 0001:0006d490       strrchr                    000000018006e490 f   MSVCRT:MSVCR110.dll
 0001:0006d496       ldexp                      000000018006e496 f   MSVCRT:MSVCR110.dll
 0001:0006d49c       __crt_debugger_hook        000000018006e49c f   MSVCRT:MSVCR110.dll
 0001:0006d4a2       __crtUnhandledException    000000018006e4a2 f   MSVCRT:MSVCR110.dll
 0001:0006d4a8       __crtTerminateProcess      000000018006e4a8 f   MSVCRT:MSVCR110.dll
 0001:0006d4ae       __crtCaptureCurrentContext 000000018006e4ae f   MSVCRT:MSVCR110.dll
 0001:0006d4b4       __crtCapturePreviousContext 000000018006e4b4 f   MSVCRT:MSVCR110.dll
 0001:0006d4ba       __CppXcptFilter            000000018006e4ba f   MSVCRT:MSVCR110.dll
 0001:0006d4c0       _amsg_exit                 000000018006e4c0 f   MSVCRT:MSVCR110.dll
 0001:0006d4d0       _FindPESection             000000018006e4d0 f   MSVCRT:pesect.obj
 0001:0006d520       _IsNonwritableInCurrentImage 000000018006e520 f   MSVCRT:pesect.obj
 0001:0006d570       _ValidateImageBase         000000018006e570 f   MSVCRT:pesect.obj
 0001:0006d5a0       __atonexitinit             000000018006e5a0 f   MSVCRT:atonexit.obj
 0001:0006d5f0       _onexit                    000000018006e5f0 f   MSVCRT:atonexit.obj
 0001:0006d6a0       atexit                     000000018006e6a0 f   MSVCRT:atonexit.obj
 0001:0006d6b8       __security_init_cookie     000000018006e6b8 f   MSVCRT:gs_support.obj
 0001:0006d770       DllMain                    000000018006e770 f   MSVCRT:dllmain.obj
 0001:0006d794       _malloc_crt                000000018006e794 f   MSVCRT:MSVCR110.dll
 0001:0006d79c       _RTC_Initialize            000000018006e79c f   MSVCRT:initsect.obj
 0001:0006d7d4       _RTC_Terminate             000000018006e7d4 f   MSVCRT:initsect.obj
 0001:0006d80c       _initterm                  000000018006e80c f   MSVCRT:MSVCR110.dll
 0001:0006d812       _initterm_e                000000018006e812 f   MSVCRT:MSVCR110.dll
 0001:0006d818       __clean_type_info_names    000000018006e818 f   MSVCRT:tncleanup.obj
 0001:0006d824       __C_specific_handler       000000018006e824 f   MSVCRT:MSVCR110.dll
 0001:0006d82a       _lock                      000000018006e82a f   MSVCRT:MSVCR110.dll
 0001:0006d830       _unlock                    000000018006e830 f   MSVCRT:MSVCR110.dll
 0001:0006d836       _calloc_crt                000000018006e836 f   MSVCRT:MSVCR110.dll
 0001:0006d83c       __dllonexit                000000018006e83c f   MSVCRT:MSVCR110.dll
 0001:0006d842       __clean_type_info_names_internal 000000018006e842 f   MSVCRT:MSVCR110.dll
 0001:0006d848       IsDebuggerPresent          000000018006e848 f   kernel32:KERNEL32.dll
 0001:0006d84e       IsProcessorFeaturePresent  000000018006e84e f   kernel32:KERNEL32.dll
 0001:0006d854       EncodePointer              000000018006e854 f   kernel32:KERNEL32.dll
 0001:0006d85a       DecodePointer              000000018006e85a f   kernel32:KERNEL32.dll
 0001:0006d860       QueryPerformanceCounter    000000018006e860 f   kernel32:KERNEL32.dll
 0001:0006d866       GetCurrentThreadId         000000018006e866 f   kernel32:KERNEL32.dll
 0001:0006d86c       GetSystemTimeAsFileTime    000000018006e86c f   kernel32:KERNEL32.dll
 0001:0006d872       GetTickCount64             000000018006e872 f   kernel32:KERNEL32.dll
[...]
 0004:0000366c       $pdata$get_data_info_helper 000000018008a66c     sfc_debug:sfdb_symbol_scope.obj
 0004:00003678       $pdata$1$get_data_info_helper 000000018008a678     sfc_debug:sfdb_symbol_scope.obj
 0004:00003684       $pdata$2$get_data_info_helper 000000018008a684     sfc_debug:sfdb_symbol_scope.obj
 0004:00003690       $pdata$3$get_data_info_helper 000000018008a690     sfc_debug:sfdb_symbol_scope.obj
 0004:0000369c       $pdata$4$get_data_info_helper 000000018008a69c     sfc_debug:sfdb_symbol_scope.obj
 0004:000036a8       $pdata$5$get_data_info_helper 000000018008a6a8     sfc_debug:sfdb_symbol_scope.obj
 0004:000036b4       $pdata$6$get_data_info_helper 000000018008a6b4     sfc_debug:sfdb_symbol_scope.obj
 0004:000036c0       $pdata$sf_debug_ss_get_data_info 000000018008a6c0     sfc_debug:sfdb_symbol_scope.obj
 0004:000036cc       $pdata$sf_debug_ss_set_data_value_try 000000018008a6cc     sfc_debug:sfdb_symbol_scope.obj
 0004:000036d8       $pdata$sf_debug_ss_set_data_value 000000018008a6d8     sfc_debug:sfdb_symbol_scope.obj
 0004:000036e4       $pdata$sf_debug_ss_get_data_value 000000018008a6e4     sfc_debug:sfdb_symbol_scope.obj
 0004:000036f0       $pdata$getInstanceNumber   000000018008a6f0     sfc_debug:sfdb_symbol_scope.obj
 0004:000036fc       $pdata$sf_debug_ss_watch_data 000000018008a6fc     sfc_debug:sfdb_symbol_scope.obj
 0004:00003708       $pdata$0$sf_debug_ss_watch_data 000000018008a708     sfc_debug:sfdb_symbol_scope.obj
 0004:00003714       $pdata$1$sf_debug_ss_watch_data 000000018008a714     sfc_debug:sfdb_symbol_scope.obj
 0004:00003720       $pdata$2$sf_debug_ss_watch_data 000000018008a720     sfc_debug:sfdb_symbol_scope.obj
 0004:0000372c       $pdata$sf_debug_ss_assign_data 000000018008a72c     sfc_debug:sfdb_symbol_scope.obj
 0004:00003738       $pdata$sf_debug_ss_data_bytes_string 000000018008a738     sfc_debug:sfdb_symbol_scope.obj
 0004:00003744       $pdata$sf_debug_ss_data_class_string 000000018008a744     sfc_debug:sfdb_symbol_scope.obj
 0004:00003750       $pdata$1$sf_debug_ss_data_class_string 000000018008a750     sfc_debug:sfdb_symbol_scope.obj
 0004:0000375c       $pdata$2$sf_debug_ss_data_class_string 000000018008a75c     sfc_debug:sfdb_symbol_scope.obj
 0004:00003768       $pdata$3$sf_debug_ss_data_class_string 000000018008a768     sfc_debug:sfdb_symbol_scope.obj
 0004:00003774       $pdata$4$sf_debug_ss_data_class_string 000000018008a774     sfc_debug:sfdb_symbol_scope.obj
 0004:00003780       $pdata$sf_debug_ss_data_size_string 000000018008a780     sfc_debug:sfdb_symbol_scope.obj
 0004:0000378c       $pdata$0$sf_debug_ss_data_size_string 000000018008a78c     sfc_debug:sfdb_symbol_scope.obj
 0004:00003798       $pdata$1$sf_debug_ss_data_size_string 000000018008a798     sfc_debug:sfdb_symbol_scope.obj
 0004:000037a4       $pdata$sf_debug_ss_data_create_data_info_struct 000000018008a7a4     sfc_debug:sfdb_symbol_scope.obj
 0004:000037b0       $pdata$1$sf_debug_ss_data_create_data_info_struct 000000018008a7b0     sfc_debug:sfdb_symbol_scope.obj
 0004:000037bc       $pdata$2$sf_debug_ss_data_create_data_info_struct 000000018008a7bc     sfc_debug:sfdb_symbol_scope.obj
 0004:000037c8       $pdata$sf_debug_ss_data_create_name_value_pair 000000018008a7c8     sfc_debug:sfdb_symbol_scope.obj
 0004:000037d4       $pdata$same_named_data_in_data_array 000000018008a7d4     sfc_debug:sfdb_symbol_scope.obj
 0004:000037e0       $pdata$sf_debug_ss_whos    000000018008a7e0     sfc_debug:sfdb_symbol_scope.obj
 0004:000037ec       $pdata$sf_debug_cc_initialize_chart 000000018008a7ec     sfc_debug:sfdb_coverage.obj
 0004:000037f8       $pdata$1$sf_debug_cc_initialize_chart 000000018008a7f8     sfc_debug:sfdb_coverage.obj
 0004:00003804       $pdata$2$sf_debug_cc_initialize_chart 000000018008a804     sfc_debug:sfdb_coverage.obj
 0004:00003810       $pdata$sf_debug_cc_initialize_instance 000000018008a810     sfc_debug:sfdb_coverage.obj
 0004:0000381c       $pdata$2$sf_debug_cc_initialize_instance 000000018008a81c     sfc_debug:sfdb_coverage.obj
 0004:00003828       $pdata$3$sf_debug_cc_initialize_instance 000000018008a828     sfc_debug:sfdb_coverage.obj
 0004:00003834       $pdata$4$sf_debug_cc_initialize_instance 000000018008a834     sfc_debug:sfdb_coverage.obj
 0004:00003840       $pdata$sf_debug_cc_terminate_chart 000000018008a840     sfc_debug:sfdb_coverage.obj
 0004:0000384c       $pdata$0$sf_debug_cc_terminate_chart 000000018008a84c     sfc_debug:sfdb_coverage.obj
 0004:00003858       $pdata$2$sf_debug_cc_terminate_chart 000000018008a858     sfc_debug:sfdb_coverage.obj
 0004:00003864       $pdata$3$sf_debug_cc_terminate_chart 000000018008a864     sfc_debug:sfdb_coverage.obj
 0004:00003870       $pdata$4$sf_debug_cc_terminate_chart 000000018008a870     sfc_debug:sfdb_coverage.obj
 0004:0000387c       $pdata$sf_debug_cc_terminate_instance 000000018008a87c     sfc_debug:sfdb_coverage.obj
 0004:00003888       $pdata$sf_debug_cc_terminate 000000018008a888     sfc_debug:sfdb_coverage.obj
 0004:00003894       $pdata$5$sf_debug_cc_terminate 000000018008a894     sfc_debug:sfdb_coverage.obj
 0004:000038a0       $pdata$6$sf_debug_cc_terminate 000000018008a8a0     sfc_debug:sfdb_coverage.obj
 0004:000038ac       $pdata$sf_debug_cc_set_transition_maps 000000018008a8ac     sfc_debug:sfdb_coverage.obj
 0004:000038b8       $pdata$sf_debug_cc_set_transition_weights 000000018008a8b8     sfc_debug:sfdb_coverage.obj
 0004:000038c4       $pdata$sf_debug_cc_set_state_weights 000000018008a8c4     sfc_debug:sfdb_coverage.obj
 0004:000038d0       $pdata$sf_debug_cc_mark_object_if_needed 000000018008a8d0     sfc_debug:sfdb_coverage.obj
 0004:000038dc       $pdata$sf_debug_cc_mark_transition_guard 000000018008a8dc     sfc_debug:sfdb_coverage.obj
 0004:000038e8       $pdata$sf_debug_cc_mark_transition_trigger 000000018008a8e8     sfc_debug:sfdb_coverage.obj
 0004:000038f4       $pdata$sf_debug_cc_mark_transition_decision 000000018008a8f4     sfc_debug:sfdb_coverage.obj
 0004:00003900       $pdata$sf_debug_bm_clear_script_breakpoints 000000018008a900     sfc_debug:sfdb_breakpoints.obj
 0004:0000390c       $pdata$sf_debug_bm_set_script_breakpoint 000000018008a90c     sfc_debug:sfdb_breakpoints.obj
 0004:00003918       $pdata$sf_debug_bm_clear_single_script_breakpoint 000000018008a918     sfc_debug:sfdb_breakpoints.obj
 0004:00003924       $pdata$sf_debug_bm_query_script_breakpoint 000000018008a924     sfc_debug:sfdb_breakpoints.obj
 0004:00003930       $pdata$sf_debug_bm_initialize_scripts 000000018008a930     sfc_debug:sfdb_breakpoints.obj
 0004:0000393c       $pdata$0$sf_debug_bm_initialize_scripts 000000018008a93c     sfc_debug:sfdb_breakpoints.obj
 0004:00003948       $pdata$2$sf_debug_bm_initialize_scripts 000000018008a948     sfc_debug:sfdb_breakpoints.obj
 0004:00003954       $pdata$3$sf_debug_bm_initialize_scripts 000000018008a954     sfc_debug:sfdb_breakpoints.obj
 0004:00003960       $pdata$4$sf_debug_bm_initialize_scripts 000000018008a960     sfc_debug:sfdb_breakpoints.obj
 0004:0000396c       $pdata$sf_debug_bm_initialize_eml 000000018008a96c     sfc_debug:sfdb_breakpoints.obj
 0004:00003978       $pdata$0$sf_debug_bm_initialize_eml 000000018008a978     sfc_debug:sfdb_breakpoints.obj
 0004:00003984       $pdata$1$sf_debug_bm_initialize_eml 000000018008a984     sfc_debug:sfdb_breakpoints.obj
 0004:00003990       $pdata$sf_debug_bm_terminate 000000018008a990     sfc_debug:sfdb_breakpoints.obj
 0004:0000399c       $pdata$2$sf_debug_bm_terminate 000000018008a99c     sfc_debug:sfdb_breakpoints.obj
 0004:000039a8       $pdata$6$sf_debug_bm_terminate 000000018008a9a8     sfc_debug:sfdb_breakpoints.obj
 0004:000039b4       $pdata$7$sf_debug_bm_terminate 000000018008a9b4     sfc_debug:sfdb_breakpoints.obj
 0004:000039c0       $pdata$8$sf_debug_bm_terminate 000000018008a9c0     sfc_debug:sfdb_breakpoints.obj
 0004:000039cc       $pdata$sf_debug_bm_remove_all_breakpoints_in_machine 000000018008a9cc     sfc_debug:sfdb_breakpoints.obj
 0004:000039d8       $pdata$sf_debug_bm_remove_all_breakpoints_in_chart 000000018008a9d8     sfc_debug:sfdb_breakpoints.obj
 0004:000039e4       $pdata$sf_debug_bm_initialize_global_breakpoints 000000018008a9e4     sfc_debug:sfdb_breakpoints.obj
 0004:000039f0       $pdata$sf_debug_bm_set_breakpoint 000000018008a9f0     sfc_debug:sfdb_breakpoints.obj
 0004:000039fc       $pdata$0$sf_debug_bm_set_breakpoint 000000018008a9fc     sfc_debug:sfdb_breakpoints.obj
 0004:00003a08       $pdata$1$sf_debug_bm_set_breakpoint 000000018008aa08     sfc_debug:sfdb_breakpoints.obj
 0004:00003a14       $pdata$2$sf_debug_bm_set_breakpoint 000000018008aa14     sfc_debug:sfdb_breakpoints.obj
 0004:00003a20       $pdata$3$sf_debug_bm_set_breakpoint 000000018008aa20     sfc_debug:sfdb_breakpoints.obj
 0004:00003a2c       $pdata$sf_debug_bm_set_eml_breakpoint 000000018008aa2c     sfc_debug:sfdb_breakpoints.obj
 0004:00003a38       $pdata$sf_debug_bm_map_debug_tag_to_breakpoint_tag 000000018008aa38     sfc_debug:sfdb_breakpoints.obj
 0004:00003a44       $pdata$sf_debug_bm_is_a_eml_breakpoint_impl 000000018008aa44     sfc_debug:sfdb_breakpoints.obj
 0004:00003a50       $pdata$sf_debug_bm_is_a_breakpoint 000000018008aa50     sfc_debug:sfdb_breakpoints.obj
 0004:00003a5c       $pdata$1$sf_debug_bm_is_a_breakpoint 000000018008aa5c     sfc_debug:sfdb_breakpoints.obj
 0004:00003a68       $pdata$2$sf_debug_bm_is_a_breakpoint 000000018008aa68     sfc_debug:sfdb_breakpoints.obj
 0004:00003a74       $pdata$3$sf_debug_bm_is_a_breakpoint 000000018008aa74     sfc_debug:sfdb_breakpoints.obj
 0004:00003a80       $pdata$4$sf_debug_bm_is_a_breakpoint 000000018008aa80     sfc_debug:sfdb_breakpoints.obj
 0004:00003a8c       $pdata$5$sf_debug_bm_is_a_breakpoint 000000018008aa8c     sfc_debug:sfdb_breakpoints.obj
 0004:00003a98       $pdata$sf_debug_bm_get_all_breakpoints_in_machine 000000018008aa98     sfc_debug:sfdb_breakpoints.obj
 0004:00003aa4       $pdata$0$sf_debug_bm_get_all_breakpoints_in_machine 000000018008aaa4     sfc_debug:sfdb_breakpoints.obj
 0004:00003ab0       $pdata$1$sf_debug_bm_get_all_breakpoints_in_machine 000000018008aab0     sfc_debug:sfdb_breakpoints.obj
 0004:00003abc       $pdata$2$sf_debug_bm_get_all_breakpoints_in_machine 000000018008aabc     sfc_debug:sfdb_breakpoints.obj
 0004:00003ac8       $pdata$3$sf_debug_bm_get_all_breakpoints_in_machine 000000018008aac8     sfc_debug:sfdb_breakpoints.obj
 0004:00003ad4       $pdata$sf_debug_bm_get_all_breakpoints_in_chart 000000018008aad4     sfc_debug:sfdb_breakpoints.obj
 0004:00003ae0       $pdata$4$sf_debug_bm_get_all_breakpoints_in_chart 000000018008aae0     sfc_debug:sfdb_breakpoints.obj
 0004:00003aec       $pdata$5$sf_debug_bm_get_all_breakpoints_in_chart 000000018008aaec     sfc_debug:sfdb_breakpoints.obj
 0004:00003af8       $pdata$6$sf_debug_bm_get_all_breakpoints_in_chart 000000018008aaf8     sfc_debug:sfdb_breakpoints.obj
 0004:00003b04       $pdata$7$sf_debug_bm_get_all_breakpoints_in_chart 000000018008ab04     sfc_debug:sfdb_breakpoints.obj
 0004:00003b10       $pdata$8$sf_debug_bm_get_all_breakpoints_in_chart 000000018008ab10     sfc_debug:sfdb_breakpoints.obj
 0004:00003b1c       $pdata$sf_debug_bm_initialize_machine 000000018008ab1c     sfc_debug:sfdb_breakpoints.obj
 0004:00003b28       $pdata$sf_debug_bm_initialize_chart 000000018008ab28     sfc_debug:sfdb_breakpoints.obj
 0004:00003b34       $pdata$sf_debug_sc_push_on_error_stack 000000018008ab34     sfc_debug:sfdb_state_consistency.obj
 0004:00003b40       $pdata$sf_debug_sc_terminate 000000018008ab40     sfc_debug:sfdb_state_consistency.obj
 0004:00003b4c       $pdata$6$sf_debug_sc_terminate 000000018008ab4c     sfc_debug:sfdb_state_consistency.obj
 0004:00003b58       $pdata$7$sf_debug_sc_terminate 000000018008ab58     sfc_debug:sfdb_state_consistency.obj
 0004:00003b64       $pdata$sf_debug_sc_is_state_inconsistent 000000018008ab64     sfc_debug:sfdb_state_consistency.obj
 0004:00003b70       $pdata$0$sf_debug_sc_is_state_inconsistent 000000018008ab70     sfc_debug:sfdb_state_consistency.obj
 0004:00003b7c       $pdata$1$sf_debug_sc_is_state_inconsistent 000000018008ab7c     sfc_debug:sfdb_state_consistency.obj
 0004:00003b88       $pdata$sf_debug_sc_is_chart_consistent 000000018008ab88     sfc_debug:sfdb_state_consistency.obj
 0004:00003b94       $pdata$sf_debug_sc_fill_consistency_info 000000018008ab94     sfc_debug:sfdb_state_consistency.obj
 0004:00003ba0       $pdata$1$sf_debug_sc_fill_consistency_info 000000018008aba0     sfc_debug:sfdb_state_consistency.obj
 0004:00003bac       $pdata$2$sf_debug_sc_fill_consistency_info 000000018008abac     sfc_debug:sfdb_state_consistency.obj
 0004:00003bb8       $pdata$sf_debug_sc_get_consistency_error_info 000000018008abb8     sfc_debug:sfdb_state_consistency.obj
 0004:00003bc4       $pdata$3$sf_debug_sc_get_consistency_error_info 000000018008abc4     sfc_debug:sfdb_state_consistency.obj
 0004:00003bd0       $pdata$4$sf_debug_sc_get_consistency_error_info 000000018008abd0     sfc_debug:sfdb_state_consistency.obj
 0004:00003bdc       $pdata$sf_debug_tm_terminate 000000018008abdc     sfc_debug:sfdb_call_stack.obj
 0004:00003be8       $pdata$0$sf_debug_tm_terminate 000000018008abe8     sfc_debug:sfdb_call_stack.obj
 0004:00003bf4       $pdata$1$sf_debug_tm_terminate 000000018008abf4     sfc_debug:sfdb_call_stack.obj
 0004:00003c00       $pdata$2$sf_debug_tm_terminate 000000018008ac00     sfc_debug:sfdb_call_stack.obj
 0004:00003c0c       $pdata$3$sf_debug_tm_terminate 000000018008ac0c     sfc_debug:sfdb_call_stack.obj
 0004:00003c18       $pdata$sf_debug_tm_push_chart_instance 000000018008ac18     sfc_debug:sfdb_call_stack.obj
 0004:00003c24       $pdata$1$sf_debug_tm_push_chart_instance 000000018008ac24     sfc_debug:sfdb_call_stack.obj
 0004:00003c30       $pdata$2$sf_debug_tm_push_chart_instance 000000018008ac30     sfc_debug:sfdb_call_stack.obj
 0004:00003c3c       $pdata$sf_debug_tm_push_trace_node 000000018008ac3c     sfc_debug:sfdb_call_stack.obj
 0004:00003c48       $pdata$0$sf_debug_tm_push_trace_node 000000018008ac48     sfc_debug:sfdb_call_stack.obj
 0004:00003c54       $pdata$7$sf_debug_tm_push_trace_node 000000018008ac54     sfc_debug:sfdb_call_stack.obj
 0004:00003c60       $pdata$8$sf_debug_tm_push_trace_node 000000018008ac60     sfc_debug:sfdb_call_stack.obj
 0004:00003c6c       $pdata$sf_debug_tm_fill_local_trace 000000018008ac6c     sfc_debug:sfdb_call_stack.obj
 0004:00003c78       $pdata$1$sf_debug_tm_fill_local_trace 000000018008ac78     sfc_debug:sfdb_call_stack.obj
 0004:00003c84       $pdata$2$sf_debug_tm_fill_local_trace 000000018008ac84     sfc_debug:sfdb_call_stack.obj
 0004:00003c90       $pdata$sf_debug_tm_browse_trace 000000018008ac90     sfc_debug:sfdb_call_stack.obj
 0004:00003c9c       $pdata$4$sf_debug_tm_browse_trace 000000018008ac9c     sfc_debug:sfdb_call_stack.obj
 0004:00003ca8       $pdata$5$sf_debug_tm_browse_trace 000000018008aca8     sfc_debug:sfdb_call_stack.obj
 0004:00003cb4       $pdata$sf_debug_cd_initialize_instance 000000018008acb4     sfc_debug:sfdb_cycle_detection.obj
 0004:00003cc0       $pdata$sf_debug_cd_terminate_instance 000000018008acc0     sfc_debug:sfdb_cycle_detection.obj
 0004:00003ccc       $pdata$sf_debug_cd_free_checksum_stack 000000018008accc     sfc_debug:sfdb_cycle_detection.obj
 0004:00003cd8       $pdata$0$sf_debug_cd_free_checksum_stack 000000018008acd8     sfc_debug:sfdb_cycle_detection.obj
 0004:00003ce4       $pdata$1$sf_debug_cd_free_checksum_stack 000000018008ace4     sfc_debug:sfdb_cycle_detection.obj
 0004:00003cf0       $pdata$sf_debug_cd_reset_pack_strings 000000018008acf0     sfc_debug:sfdb_cycle_detection.obj
 0004:00003cfc       $pdata$6$sf_debug_cd_reset_pack_strings 000000018008acfc     sfc_debug:sfdb_cycle_detection.obj
 0004:00003d08       $pdata$7$sf_debug_cd_reset_pack_strings 000000018008ad08     sfc_debug:sfdb_cycle_detection.obj
 0004:00003d14       $pdata$sf_debug_cd_mark_processed_transition_in_instance 000000018008ad14     sfc_debug:sfdb_cycle_detection.obj
 0004:00003d20       $pdata$sf_debug_cd_checksum_push 000000018008ad20     sfc_debug:sfdb_cycle_detection.obj
 0004:00003d2c       $pdata$4$sf_debug_cd_checksum_push 000000018008ad2c     sfc_debug:sfdb_cycle_detection.obj
 0004:00003d38       $pdata$5$sf_debug_cd_checksum_push 000000018008ad38     sfc_debug:sfdb_cycle_detection.obj
 0004:00003d44       $pdata$sf_debug_cd_checksum_pop 000000018008ad44     sfc_debug:sfdb_cycle_detection.obj
 0004:00003d50       $pdata$0$sf_debug_cd_checksum_pop 000000018008ad50     sfc_debug:sfdb_cycle_detection.obj
 0004:00003d5c       $pdata$1$sf_debug_cd_checksum_pop 000000018008ad5c     sfc_debug:sfdb_cycle_detection.obj
 0004:00003d68       $pdata$sf_debug_cd_turn_off_cycle_detection 000000018008ad68     sfc_debug:sfdb_cycle_detection.obj
 0004:00003d74       $pdata$0$sf_debug_cd_turn_off_cycle_detection 000000018008ad74     sfc_debug:sfdb_cycle_detection.obj
 0004:00003d80       $pdata$1$sf_debug_cd_turn_off_cycle_detection 000000018008ad80     sfc_debug:sfdb_cycle_detection.obj
 0004:00003d8c       $pdata$sf_debug_cd_terminate 000000018008ad8c     sfc_debug:sfdb_cycle_detection.obj
 0004:00003d98       $pdata$5$sf_debug_cd_terminate 000000018008ad98     sfc_debug:sfdb_cycle_detection.obj
 0004:00003da4       $pdata$6$sf_debug_cd_terminate 000000018008ada4     sfc_debug:sfdb_cycle_detection.obj
 0004:00003db0       $pdata$MD5Transform        000000018008adb0     sfc_debug:ckmd5.obj
 0004:00003dbc       $pdata$md5file_addn        000000018008adbc     sfc_debug:ckmd5.obj
 0004:00003dc8       $pdata$md5file_hash        000000018008adc8     sfc_debug:ckmd5.obj
 0004:00003dd4       $pdata$md5_get_hash        000000018008add4     sfc_debug:ckmd5.obj
 0004:00003de0       $pdata$md5_get_hash_for_a_single_string 000000018008ade0     sfc_debug:ckmd5.obj
 0004:00003dec       $pdata$__GSHandlerCheck    000000018008adec     MSVCRT:gshandler.obj
 0004:00003df8       $pdata$__GSHandlerCheckCommon 000000018008adf8     MSVCRT:gshandler.obj
 0004:00003e10       $pdata$__raise_securityfailure 000000018008ae10     MSVCRT:gs_report.obj
 0004:00003e1c       $pdata$__report_gsfailure  000000018008ae1c     MSVCRT:gs_report.obj
 0004:00003e28       $pdata$__report_rangecheckfailure 000000018008ae28     MSVCRT:gs_report.obj
 0004:00003e34       $pdata$__report_securityfailure 000000018008ae34     MSVCRT:gs_report.obj
 0004:00003e40       $pdata$__report_securityfailureEx 000000018008ae40     MSVCRT:gs_report.obj
 0004:00003e4c       $pdata$pre_c_init          000000018008ae4c     MSVCRT:crtdll.obj
 0004:00003e58       $pdata$_CRT_INIT           000000018008ae58     MSVCRT:crtdll.obj
 0004:00003e64       $pdata$_DllMainCRTStartup  000000018008ae64     MSVCRT:crtdll.obj
 0004:00003e70       $pdata$__DllMainCRTStartup 000000018008ae70     MSVCRT:crtdll.obj
 0004:00003e88       $pdata$_IsNonwritableInCurrentImage 000000018008ae88     MSVCRT:pesect.obj
 0004:00003e94       $pdata$__atonexitinit      000000018008ae94     MSVCRT:atonexit.obj
 0004:00003ea0       $pdata$_onexit             000000018008aea0     MSVCRT:atonexit.obj
 0004:00003eac       $pdata$atexit              000000018008aeac     MSVCRT:atonexit.obj
 0004:00003eb8       $pdata$__security_init_cookie 000000018008aeb8     MSVCRT:gs_support.obj
 0004:00003ec4       $pdata$DllMain             000000018008aec4     MSVCRT:dllmain.obj
 0004:00003ed0       $pdata$_RTC_Initialize     000000018008aed0     MSVCRT:initsect.obj
 0004:00003edc       $pdata$_RTC_Terminate      000000018008aedc     MSVCRT:initsect.obj
 0004:00003ee8       $pdata$__DllMainCRTStartup$filt$0 000000018008aee8     MSVCRT:crtdll.obj
 0004:00003ef4       $pdata$__DllMainCRTStartup$fin$1 000000018008aef4     MSVCRT:crtdll.obj
 0004:00003f00       $pdata$_IsNonwritableInCurrentImage$filt$0 000000018008af00     MSVCRT:pesect.obj
 0004:00003f0c       $pdata$_onexit$fin$0       000000018008af0c     MSVCRT:atonexit.obj
