 lab2_points_sfun

 Timestamp is 535edd2e (Tue Apr 29 02:58:54 2014)

 Preferred load address is 0000000180000000

 Start         Length     Name                   Class
 0001:00000000 00042e7eH .text                   CODE
 0001:00042e80 0000007bH .text$x                 CODE
 0002:00000000 00000488H .idata$5                DATA
 0002:00000488 00000008H .CRT$XCA                DATA
 0002:00000490 00000008H .CRT$XCZ                DATA
 0002:00000498 00000008H .CRT$XIA                DATA
 0002:000004a0 00000008H .CRT$XIAA               DATA
 0002:000004a8 00000008H .CRT$XIC                DATA
 0002:000004b0 00000008H .CRT$XIZ                DATA
 0002:000004c0 00004c10H .rdata                  DATA
 0002:000050d0 00000008H .rtc$IAA                DATA
 0002:000050d8 00000008H .rtc$IZZ                DATA
 0002:000050e0 00000008H .rtc$TAA                DATA
 0002:000050e8 00000008H .rtc$TZZ                DATA
 0002:000050f0 00004440H .xdata                  DATA
 0002:00009530 000000a0H .idata$2                DATA
 0002:000095d0 00000014H .idata$3                DATA
 0002:000095e8 00000488H .idata$4                DATA
 0002:00009a70 00000ab6H .idata$6                DATA
 0002:0000a530 00000056H .edata                  DATA
 0003:00000000 00003dc4H .data                   DATA
 0003:00003de0 00002438H .bss                    DATA
 0004:00000000 000034b0H .pdata                  DATA

  Address         Publics by Value              Rva+Base               Lib:Object

 0000:00000000       ___safe_se_handler_count   0000000000000000     <absolute>
 0000:00000000       ___safe_se_handler_table   0000000000000000     <absolute>
 0000:00000000       __ImageBase                0000000180000000     <linker-defined>
 0001:00000000       sf_c1_lab2_points_get_eml_resolved_functions_info 0000000180001000 f   c1_lab2_points.obj
 0001:00000430       sf_c1_lab2_points_get_check_sum 0000000180001430 f   c1_lab2_points.obj
 0001:00000500       c1_lab2_points_method_dispatcher 0000000180001500 f   c1_lab2_points.obj
 0001:00004e50       sf_c1_lab2_points_get_autoinheritance_info 0000000180005e50 f   c1_lab2_points.obj
 0001:00005660       sf_c1_lab2_points_third_party_uses_info 0000000180006660 f   c1_lab2_points.obj
 0001:000064a0       sf_internal_get_sim_state_c1_lab2_points 00000001800074a0 f   c1_lab2_points.obj
 0001:000065f0       sf_internal_set_sim_state_c1_lab2_points 00000001800075f0 f   c1_lab2_points.obj
 0001:000070d0       sf_c2_lab2_points_get_eml_resolved_functions_info 00000001800080d0 f   c2_lab2_points.obj
 0001:00007c80       sf_c2_lab2_points_get_check_sum 0000000180008c80 f   c2_lab2_points.obj
 0001:00007d50       c2_lab2_points_method_dispatcher 0000000180008d50 f   c2_lab2_points.obj
 0001:00009f60       sf_c2_lab2_points_get_autoinheritance_info 000000018000af60 f   c2_lab2_points.obj
 0001:0000a770       sf_c2_lab2_points_third_party_uses_info 000000018000b770 f   c2_lab2_points.obj
 0001:0000b690       sf_internal_get_sim_state_c2_lab2_points 000000018000c690 f   c2_lab2_points.obj
 0001:0000b7e0       sf_internal_set_sim_state_c2_lab2_points 000000018000c7e0 f   c2_lab2_points.obj
 0001:0000c300       sf_c5_lab2_points_get_eml_resolved_functions_info 000000018000d300 f   c5_lab2_points.obj
 0001:0000c7d0       sf_c5_lab2_points_get_check_sum 000000018000d7d0 f   c5_lab2_points.obj
 0001:0000c8a0       c5_lab2_points_method_dispatcher 000000018000d8a0 f   c5_lab2_points.obj
 0001:0000e220       sf_c5_lab2_points_get_autoinheritance_info 000000018000f220 f   c5_lab2_points.obj
 0001:0000e8e0       sf_c5_lab2_points_third_party_uses_info 000000018000f8e0 f   c5_lab2_points.obj
 0001:0000f5a0       sf_internal_get_sim_state_c5_lab2_points 00000001800105a0 f   c5_lab2_points.obj
 0001:0000f6f0       sf_internal_set_sim_state_c5_lab2_points 00000001800106f0 f   c5_lab2_points.obj
 0001:00010190       mexFunction                0000000180011190 f   lab2_points_sfun_registry.obj
 0001:00011330       _ssSetInputPortDirectFeedThroughFcn 0000000180012330 f   lab2_points_sfun_registry.obj
 0001:00011490       _ssGetInputPortSignalPtrsFcn 0000000180012490 f   lab2_points_sfun_registry.obj
 0001:000116b0       _ssGetInputPortSignalFcn   00000001800126b0 f   lab2_points_sfun_registry.obj
 0001:000118d0       _ssSetInputPortReusableFcn 00000001800128d0 f   lab2_points_sfun_registry.obj
 0001:000119b0       _ssSetOutputPortReusableFcn 00000001800129b0 f   lab2_points_sfun_registry.obj
 0001:00011a90       ssGetIsZeroCrossControlDisabled 0000000180012a90 f   lab2_points_sfun_registry.obj
 0001:00011b00       ssSetIsInputPortUsedForContZcSignal 0000000180012b00 f   lab2_points_sfun_registry.obj
 0001:00011b70       ssSetZcSignalIsZcElementDisc 0000000180012b70 f   lab2_points_sfun_registry.obj
 0001:00011c20       ssSetZcSignalName          0000000180012c20 f   lab2_points_sfun_registry.obj
 0001:00011c90       ssSetZcSignalWidth         0000000180012c90 f   lab2_points_sfun_registry.obj
 0001:00011d00       ssSetZcSignalZcEventType   0000000180012d00 f   lab2_points_sfun_registry.obj
 0001:00011d70       ssSetZcSignalType          0000000180012d70 f   lab2_points_sfun_registry.obj
 0001:00011de0       ssSetZcSignalZcTol         0000000180012de0 f   lab2_points_sfun_registry.obj
 0001:00011e50       ssSetZcSignalNeedsEventNotification 0000000180012e50 f   lab2_points_sfun_registry.obj
 0001:00011ec0       ssCreateAndAddZcSignalInfo 0000000180012ec0 f   lab2_points_sfun_registry.obj
 0001:00011f30       ssCloneAndAddZcSignalInfo  0000000180012f30 f   lab2_points_sfun_registry.obj
 0001:00011fa0       ssGetNumZcSignals          0000000180012fa0 f   lab2_points_sfun_registry.obj
 0001:00012010       ssGetZcSignalVector        0000000180013010 f   lab2_points_sfun_registry.obj
 0001:00012080       ssGetZcSignalName          0000000180013080 f   lab2_points_sfun_registry.obj
 0001:000120f0       ssGetZcSignalWidth         00000001800130f0 f   lab2_points_sfun_registry.obj
 0001:00012160       ssGetZcSignalZcEventType   0000000180013160 f   lab2_points_sfun_registry.obj
 0001:000121d0       ssGetZcSignalZcEvents      00000001800131d0 f   lab2_points_sfun_registry.obj
 0001:00012240       ssGetZcSignalType          0000000180013240 f   lab2_points_sfun_registry.obj
 0001:000122b0       ssGetZcSignalZcTol         00000001800132b0 f   lab2_points_sfun_registry.obj
 0001:00012330       ssGetZcSignalNeedsEventNotification 0000000180013330 f   lab2_points_sfun_registry.obj
 0001:000123a0       ssGetZcSignalIsZcElementDisc 00000001800133a0 f   lab2_points_sfun_registry.obj
 0001:00012440       ssGetIsInputPortElementContinuous 0000000180013440 f   lab2_points_sfun_registry.obj
 0001:000124e0       ssGetDTypeIdFromMxArray    00000001800134e0 f   lab2_points_sfun_registry.obj
 0001:00012600       ssWriteRTWStr              0000000180013600 f   lab2_points_sfun_registry.obj
 0001:00012660       ssWriteRTWNameValuePair    0000000180013660 f   lab2_points_sfun_registry.obj
 0001:00012b60       ssWriteRTWParamSettings    0000000180013b60 f   lab2_points_sfun_registry.obj
 0001:00013250       ssWriteRTWParameters       0000000180014250 f   lab2_points_sfun_registry.obj
 0001:00013820       ssWriteRTWWorkVect         0000000180014820 f   lab2_points_sfun_registry.obj
 0001:00013d10       ssWriteRTWMxVectParam      0000000180014d10 f   lab2_points_sfun_registry.obj
 0001:00013d90       ssWriteRTWMx2dMatParam     0000000180014d90 f   lab2_points_sfun_registry.obj
 0001:00013e20       _ssSetInputPortMatrixDimensions 0000000180014e20 f   lab2_points_sfun_registry.obj
 0001:00013f20       _ssSetOutputPortMatrixDimensions 0000000180014f20 f   lab2_points_sfun_registry.obj
 0001:00014020       _ssSetInputPortVectorDimension 0000000180015020 f   lab2_points_sfun_registry.obj
 0001:000140d0       _ssSetOutputPortVectorDimension 00000001800150d0 f   lab2_points_sfun_registry.obj
 0001:00014180       ssIsRunTimeParamTunable    0000000180015180 f   lab2_points_sfun_registry.obj
 0001:000141f0       ssGetSFuncBlockHandle      00000001800151f0 f   lab2_points_sfun_registry.obj
 0001:00014260       _ssGetCurrentInputPortWidth 0000000180015260 f   lab2_points_sfun_registry.obj
 0001:00014380       _ssGetCurrentOutputPortWidth 0000000180015380 f   lab2_points_sfun_registry.obj
 0001:000144a0       _ssGetCallSystemNumFcnCallDestinations 00000001800154a0 f   lab2_points_sfun_registry.obj
 0001:00014510       ssWarning                  0000000180015510 f   lab2_points_sfun_registry.obj
 0001:00014600       _ssGetAbsTol               0000000180015600 f   lab2_points_sfun_registry.obj
 0001:00014670       _ssSetStateAbsTol          0000000180015670 f   lab2_points_sfun_registry.obj
 0001:00014750       sf_process_check_sum_call  0000000180015750 f   lab2_points_sfun_registry.obj
 0001:000147a0       sf_process_testpoint_info_call 00000001800157a0 f   lab2_points_sfun_registry.obj
 0001:000147f0       sf_process_autoinheritance_call 00000001800157f0 f   lab2_points_sfun_registry.obj
 0001:00014a20       sf_process_get_third_party_uses_info_call 0000000180015a20 f   lab2_points_sfun_registry.obj
 0001:00014c50       sf_process_get_eml_resolved_functions_info_call 0000000180015c50 f   lab2_points_sfun_registry.obj
 0001:00014e50       sf_mex_unlock_call         0000000180015e50 f   lab2_points_sfun_registry.obj
 0001:000150c0       sf_machine_global_initializer_called 00000001800160c0 f   lab2_points_sfun_registry.obj
 0001:000150f0       sf_machine_global_method_dispatcher 00000001800160f0 f   lab2_points_sfun_registry.obj
 0001:00015150       sf_machine_global_terminator 0000000180016150 f   lab2_points_sfun_registry.obj
 0001:000151a0       sf_register_machine_exported_symbols 00000001800161a0 f   lab2_points_sfun_registry.obj
 0001:000151c0       callCustomFcn              00000001800161c0 f   lab2_points_sfun_registry.obj
 0001:000151d0       sf_machine_global_initializer 00000001800161d0 f   lab2_points_sfun_registry.obj
 0001:00015250       ProcessMexSfunctionEveryCall 0000000180016250 f   lab2_points_sfun_registry.obj
 0001:00015ec0       lab2_points_initializer    0000000180016ec0 f   lab2_points_sfun.obj
 0001:00015ed0       lab2_points_terminator     0000000180016ed0 f   lab2_points_sfun.obj
 0001:00015ee0       load_lab2_points_optimization_info 0000000180016ee0 f   lab2_points_sfun.obj
 0001:00015f30       unload_lab2_points_optimization_info 0000000180016f30 f   lab2_points_sfun.obj
 0001:00015f60       sf_lab2_points_method_dispatcher 0000000180016f60 f   lab2_points_sfun.obj
 0001:00015ff0       sf_lab2_points_process_testpoint_info_call 0000000180016ff0 f   lab2_points_sfun.obj
 0001:000161b0       sf_lab2_points_process_check_sum_call 00000001800171b0 f   lab2_points_sfun.obj
 0001:00016860       sf_lab2_points_autoinheritance_info 0000000180017860 f   lab2_points_sfun.obj
 0001:00016b10       sf_lab2_points_get_eml_resolved_functions_info 0000000180017b10 f   lab2_points_sfun.obj
 0001:00016d10       sf_lab2_points_third_party_uses_info 0000000180017d10 f   lab2_points_sfun.obj
 0001:00016f50       lab2_points_debug_initialize 0000000180017f50 f   lab2_points_sfun.obj
 0001:00016fd0       lab2_points_register_exported_symbols 0000000180017fd0 f   lab2_points_sfun.obj
 0001:00016fe0       sf_send_message_wrapper    0000000180017fe0 f   sfc_mex:sfc_sf.obj
 0001:00017010       sf_receive_message_wrapper 0000000180018010 f   sfc_mex:sfc_sf.obj
 0001:00017050       sf_check_out_message_wrapper 0000000180018050 f   sfc_mex:sfc_sf.obj
 0001:00017090       sf_check_in_message_wrapper 0000000180018090 f   sfc_mex:sfc_sf.obj
 0001:000170d0       sf_no_message_wrapper      00000001800180d0 f   sfc_mex:sfc_sf.obj
 0001:00017460       sim_mode_is_rtw_gen        0000000180018460 f   sfc_mex:sfc_sf.obj
 0001:00017490       sim_mode_is_external       0000000180018490 f   sfc_mex:sfc_sf.obj
 0001:000174a0       sim_mode_is_modelref_sim   00000001800184a0 f   sfc_mex:sfc_sf.obj
 0001:000174c0       mdlInitializeSizes         00000001800184c0 f   sfc_mex:sfc_sf.obj
 0001:000174e0       mdlInitializeSampleTimes   00000001800184e0 f   sfc_mex:sfc_sf.obj
 0001:00017520       mdlZeroCrossings           0000000180018520 f   sfc_mex:sfc_sf.obj
 0001:00017610       mdlDerivatives             0000000180018610 f   sfc_mex:sfc_sf.obj
 0001:000176d0       mdl_initialize_conditions_processing 00000001800186d0 f   sfc_mex:sfc_sf.obj
 0001:00017700       mdlInitializeConditions    0000000180018700 f   sfc_mex:sfc_sf.obj
 0001:000177c0       mdlGetSimState             00000001800187c0 f   sfc_mex:sfc_sf.obj
 0001:000177d0       mdlSetSimState             00000001800187d0 f   sfc_mex:sfc_sf.obj
 0001:000177e0       mdl_ext_mode_exec_processing 00000001800187e0 f   sfc_mex:sfc_sf.obj
 0001:00017800       mdlExtModeExec             0000000180018800 f   sfc_mex:sfc_sf.obj
 0001:000179a0       mdlTerminate               00000001800189a0 f   sfc_mex:sfc_sf.obj
 0001:00017a10       mdlRTW                     0000000180018a10 f   sfc_mex:sfc_sf.obj
 0001:00017a40       mdlSetWorkWidths           0000000180018a40 f   sfc_mex:sfc_sf.obj
 0001:00017a50       mdlProcessParameters       0000000180018a50 f   sfc_mex:sfc_sf.obj
 0001:00017a60       mdl_start_processing       0000000180018a60 f   sfc_mex:sfc_sf.obj
 0001:00017ac0       mdlStart                   0000000180018ac0 f   sfc_mex:sfc_sf.obj
 0001:00017bd0       mdlEnable                  0000000180018bd0 f   sfc_mex:sfc_sf.obj
 0001:00017cb0       mdlDisable                 0000000180018cb0 f   sfc_mex:sfc_sf.obj
 0001:00017d70       sf_get_chart_instance_ptr  0000000180018d70 f   sfc_mex:sfc_sf.obj
 0001:00017d90       sf_load_rtw_optimization_info 0000000180018d90 f   sfc_mex:sfc_sf.obj
 0001:00017e60       sf_update_buildInfo        0000000180018e60 f   sfc_mex:sfc_sf.obj
 0001:00017f60       sf_rtw_info_uint_prop      0000000180018f60 f   sfc_mex:sfc_sf.obj
 0001:000180a0       sf_is_chart_inlinable      00000001800190a0 f   sfc_mex:sfc_sf.obj
 0001:000180c0       sf_mark_output_events_with_multiple_callers 00000001800190c0 f   sfc_mex:sfc_sf.obj
 0001:00018250       sf_mark_chart_reusable_outputs 0000000180019250 f   sfc_mex:sfc_sf.obj
 0001:000184b0       sf_mark_chart_expressionable_inputs 00000001800194b0 f   sfc_mex:sfc_sf.obj
 0001:00018710       sf_get_subchart_simstruct  0000000180019710 f   sfc_mex:sfc_sf.obj
 0001:00018760       sf_get_fixpt_data_type_id  0000000180019760 f   sfc_mex:sfc_sf.obj
 0001:000187a0       sf_get_enum_data_type_id   00000001800197a0 f   sfc_mex:sfc_sf.obj
 0001:000187e0       sf_get_param_data_type_id  00000001800197e0 f   sfc_mex:sfc_sf.obj
 0001:00018810       sf_mex_listen_for_ctrl_c_force 0000000180019810 f   sfc_mex:sfc_sf.obj
 0001:00018920       sf_mex_draw_now            0000000180019920 f   sfc_mex:sfc_sf.obj
 0001:00018960       sf_mex_set_debugger_sim_status_listener_fcn 0000000180019960 f   sfc_mex:sfc_sf.obj
 0001:00018970       sf_mex_listen_for_ctrl_c   0000000180019970 f   sfc_mex:sfc_sf.obj
 0001:00018a10       sf_mex_get_sfun_param      0000000180019a10 f   sfc_mex:sfc_sf.obj
 0001:00018a60       sf_get_runtime_param_data  0000000180019a60 f   sfc_mex:sfc_sf.obj
 0001:00018aa0       sf_call_output_fcn_call    0000000180019aa0 f   sfc_mex:sfc_sf.obj
 0001:00018be0       sf_call_output_fcn_enable  0000000180019be0 f   sfc_mex:sfc_sf.obj
 0001:00018c70       sf_call_output_fcn_disable 0000000180019c70 f   sfc_mex:sfc_sf.obj
 0001:00018d00       sf_clear_rtw_identifier    0000000180019d00 f   sfc_mex:sfc_sf.obj
 0001:00019520       sf_set_encoded_dwork_info  000000018001a520 f   sfc_mex:sfc_sf.obj
 0001:00019570       sf_get_dwork_info_from_mat_file 000000018001a570 f   sfc_mex:sfc_sf.obj
 0001:00019730       sf_set_rtw_dwork_info      000000018001a730 f   sfc_mex:sfc_sf.obj
 0001:000198a0       mdlOutputs                 000000018001a8a0 f   sfc_mex:sfc_sf.obj
 0001:00019a90       sf_mex_mx_is_numeric       000000018001aa90 f   sfc_mex:sfc_mex.obj
 0001:00019ad0       strcmp_ignore_ws           000000018001aad0 f   sfc_mex:sfc_mex.obj
 0001:00019c10       sf_mex_duplicatearraysafe  000000018001ac10 f   sfc_mex:sfc_mex.obj
 0001:00019d70       sf_set_error_debugger_context_message_fcn 000000018001ad70 f   sfc_mex:sfc_mex.obj
 0001:00019d80       sf_set_debugger_matlab_error_fcn 000000018001ad80 f   sfc_mex:sfc_mex.obj
 0001:00019dc0       sf_set_error_prefix_string 000000018001adc0 f   sfc_mex:sfc_mex.obj
 0001:00019df0       sf_get_error_prefix_string 000000018001adf0 f   sfc_mex:sfc_mex.obj
 0001:00019e00       sf_mex_enter_parallel_region 000000018001ae00 f   sfc_mex:sfc_mex.obj
 0001:00019e10       sf_mex_exit_parallel_region 000000018001ae10 f   sfc_mex:sfc_mex.obj
 0001:00019e20       sf_get_current_jmp_buf_ptr 000000018001ae20 f   sfc_mex:sfc_mex.obj
 0001:00019e30       sf_set_current_jmp_buf_ptr 000000018001ae30 f   sfc_mex:sfc_mex.obj
 0001:00019e40       sf_mex_set_halt_simulation 000000018001ae40 f   sfc_mex:sfc_mex.obj
 0001:00019e50       sf_mex_get_halt_simulation 000000018001ae50 f   sfc_mex:sfc_mex.obj
 0001:00019e60       sf_mex_clear_error_message 000000018001ae60 f   sfc_mex:sfc_mex.obj
 0001:00019e80       sf_mex_get_error_message_for_read 000000018001ae80 f   sfc_mex:sfc_mex.obj
 0001:00019e90       sf_mex_get_error_message_buffer_length 000000018001ae90 f   sfc_mex:sfc_mex.obj
 0001:00019f70       sf_mex_warning_message     000000018001af70 f   sfc_mex:sfc_mex.obj
 0001:00019fe0       sf_mex_v_errbuf_createf    000000018001afe0 f   sfc_mex:sfc_mex.obj
 0001:00019ff0       sf_mex_errbuf_createf      000000018001aff0 f   sfc_mex:sfc_mex.obj
 0001:0001a020       sf_mex_v_errbuf_catf       000000018001b020 f   sfc_mex:sfc_mex.obj
 0001:0001a060       sf_mex_errbuf_catf         000000018001b060 f   sfc_mex:sfc_mex.obj
 0001:0001a0b0       sf_mex_errbuf_copy         000000018001b0b0 f   sfc_mex:sfc_mex.obj
 0001:0001a0c0       sf_mex_errbuf_clear        000000018001b0c0 f   sfc_mex:sfc_mex.obj
 0001:0001a0d0       sf_mex_errbuf_isempty      000000018001b0d0 f   sfc_mex:sfc_mex.obj
 0001:0001a1d0       sf_mex_set_error_status    000000018001b1d0 f   sfc_mex:sfc_mex.obj
 0001:0001a220       sf_mex_error_direct_call   000000018001b220 f   sfc_mex:sfc_mex.obj
 0001:0001a240       sf_mex_error_message_no_long_jump 000000018001b240 f   sfc_mex:sfc_mex.obj
 0001:0001a260       sf_mex_long_jump_on_error  000000018001b260 f   sfc_mex:sfc_mex.obj
 0001:0001a290       sf_mex_call_matlab         000000018001b290 f   sfc_mex:sfc_mex.obj
 0001:0001a3b0       sf_mex_check_builtin       000000018001b3b0 f   sfc_mex:sfc_mex.obj
 0001:0001a450       sf_mex_check_builtin_vs    000000018001b450 f   sfc_mex:sfc_mex.obj
 0001:0001a510       sf_mex_check_enum          000000018001b510 f   sfc_mex:sfc_mex.obj
 0001:0001a590       sf_mex_create_enum         000000018001b590 f   sfc_mex:sfc_mex.obj
 0001:0001a600       sf_mex_get_enum_element    000000018001b600 f   sfc_mex:sfc_mex.obj
 0001:0001a610       sf_mex_createcellarray     000000018001b610 f   sfc_mex:sfc_mex.obj
 0001:0001a620       sf_mex_setcell             000000018001b620 f   sfc_mex:sfc_mex.obj
 0001:0001a630       sf_mex_getcell             000000018001b630 f   sfc_mex:sfc_mex.obj
 0001:0001a640       sf_mex_dup                 000000018001b640 f   sfc_mex:sfc_mex.obj
 0001:0001a660       sf_mex_assign              000000018001b660 f   sfc_mex:sfc_mex.obj
 0001:0001a6e0       sf_mex_destroy             000000018001b6e0 f   sfc_mex:sfc_mex.obj
 0001:0001a710       mx_array_has_fi_type       000000018001b710 f   sfc_mex:sfc_mex.obj
 0001:0001a740       sf_mex_convert_from_fi     000000018001b740 f   sfc_mex:sfc_mex.obj
 0001:0001a870       sf_mex_convert_to_double   000000018001b870 f   sfc_mex:sfc_mex.obj
 0001:0001a990       sf_mex_import_fi_vs        000000018001b990 f   sfc_mex:sfc_mex.obj
 0001:0001abc0       sf_matrix_matrix_index_ok  000000018001bbc0 f   sfc_mex:sfc_mex.obj
 0001:0001ac50       sf_vector_vector_index_ok  000000018001bc50 f   sfc_mex:sfc_mex.obj
 0001:0001ac80       ssGetCurrentInputPortDimensions_wrapper 000000018001bc80 f   sfc_mex:sfc_mex.obj
 0001:0001aca0       ssGetCurrentOutputPortDimensions_wrapper 000000018001bca0 f   sfc_mex:sfc_mex.obj
 0001:0001acc0       sf_mex_emlrt_context_is_debug_mode 000000018001bcc0 f   sfc_mex:sfc_mex.obj
 0001:0001acd0       sf_mex_emlrt_context_set_debug_mode 000000018001bcd0 f   sfc_mex:sfc_mex.obj
 0001:0001ace0       sf_mex_emlrtNameCapturePostProcessR2012a 000000018001bce0 f   sfc_mex:sfc_mex.obj
 0001:0001ad50       sf_clear_error_manager_info 000000018001bd50 f   sfc_mex:sfc_mex.obj
 0001:0001adb0       sf_mex_stop_simulation_abruptly_wo_error 000000018001bdb0 f   sfc_mex:sfc_mex.obj
 0001:0001adf0       sf_mex_error_message       000000018001bdf0 f   sfc_mex:sfc_mex.obj
 0001:0001ae60       sf_react_to_error_in_matlab_call 000000018001be60 f   sfc_mex:sfc_mex.obj
 0001:0001ae90       sf_mex_addfield            000000018001be90 f   sfc_mex:sfc_mex.obj
 0001:0001af30       sf_mex_getfield            000000018001bf30 f   sfc_mex:sfc_mex.obj
 0001:0001b230       sf_mex_check_class         000000018001c230 f   sfc_mex:sfc_mex.obj
 0001:0001b2d0       sf_mex_is_real             000000018001c2d0 f   sfc_mex:sfc_mex.obj
 0001:0001b740       sf_mex_decode_encoded_mx_struct_array 000000018001c740 f   sfc_mex:sfc_mex.obj
 0001:0001ba30       sf_mex_lw_bounds_check     000000018001ca30 f   sfc_mex:sfc_mex.obj
 0001:0001ba60       sf_mex_lw_size_eq_check_1d 000000018001ca60 f   sfc_mex:sfc_mex.obj
 0001:0001ba80       sf_mex_lw_size_eq_check_nd 000000018001ca80 f   sfc_mex:sfc_mex.obj
 0001:0001bc60       sf_mex_lw_dim_size_eq_check 000000018001cc60 f   sfc_mex:sfc_mex.obj
 0001:0001bc90       sf_mex_lw_dim_size_geq_check 000000018001cc90 f   sfc_mex:sfc_mex.obj
 0001:0001bcc0       sf_mex_lw_sub_assign_size_check_nd 000000018001ccc0 f   sfc_mex:sfc_mex.obj
 0001:0001be90       sf_mex_lw_runtime_error_msgid 000000018001ce90 f   sfc_mex:sfc_mex.obj
 0001:0001bf80       sf_mex_lw_matrix_matrix_index_check 000000018001cf80 f   sfc_mex:sfc_mex.obj
 0001:0001bfa0       sf_mex_lw_vector_vector_index_check 000000018001cfa0 f   sfc_mex:sfc_mex.obj
 0001:0001bfe0       sf_mex_lw_for_loop_vector_check 000000018001cfe0 f   sfc_mex:sfc_mex.obj
 0001:0001c070       sf_mex_lw_non_negative_check 000000018001d070 f   sfc_mex:sfc_mex.obj
 0001:0001c0b0       sf_mex_overflow_error      000000018001d0b0 f   sfc_mex:sfc_mex.obj
 0001:0001c0c0       sf_mex_dividebyzero_error  000000018001d0c0 f   sfc_mex:sfc_mex.obj
 0001:0001c0d0       sf_mex_unsafe_enum_error   000000018001d0d0 f   sfc_mex:sfc_mex.obj
 0001:0001c0e0       sf_emlrtErrHandler         000000018001d0e0 f   sfc_mex:sfc_mex.obj
 0001:0001c1c0       sf_mex_size_one_check      000000018001d1c0 f   sfc_mex:sfc_mex.obj
 0001:0001c1e0       sf_mex_printf              000000018001d1e0 f   sfc_mex:sfc_mex.obj
 0001:0001c3b0       sf_mex_check_size          000000018001d3b0 f   sfc_mex:sfc_mex.obj
 0001:0001c650       sf_mex_check_struct        000000018001d650 f   sfc_mex:sfc_mex.obj
 0001:0001c8b0       sf_mex_check_struct_vs     000000018001d8b0 f   sfc_mex:sfc_mex.obj
 0001:0001c940       sf_mex_check_fi            000000018001d940 f   sfc_mex:sfc_mex.obj
 0001:0001ca40       sf_mex_check_fi_vs         000000018001da40 f   sfc_mex:sfc_mex.obj
 0001:0001cae0       sf_echo_expression         000000018001dae0 f   sfc_mex:sfc_mex.obj
 0001:0001cb40       sf_assertion_failed        000000018001db40 f   sfc_mex:sfc_mex.obj
 0001:0001ce20       sf_mex_evalin              000000018001de20 f   sfc_mex:sfc_mex.obj
 0001:0001d090       sf_mex_export              000000018001e090 f   sfc_mex:sfc_mex.obj
 0001:0001d150       sf_mex_get_ml_var_no_error 000000018001e150 f   sfc_mex:sfc_mex.obj
 0001:0001d2f0       sf_mex_get_ml_var          000000018001e2f0 f   sfc_mex:sfc_mex.obj
 0001:0001d780       ml_set_element_value_in_array 000000018001e780 f   sfc_mex:sfc_mex.obj
 0001:0001e840       sf_mex_call_impl           000000018001f840 f   sfc_mex:sfc_mex.obj
 0001:0001ec60       sf_mex_call_debug          000000018001fc60 f   sfc_mex:sfc_mex.obj
 0001:0001ec90       sf_mex_call                000000018001fc90 f   sfc_mex:sfc_mex.obj
 0001:0001f2e0       sf_mex_createstruct        00000001800202e0 f   sfc_mex:sfc_mex.obj
 0001:0001f3f0       sf_mex_createstructarray   00000001800203f0 f   sfc_mex:sfc_mex.obj
 0001:0001f470       sf_mex_get_mx_datatype_from_sf_datatype 0000000180020470 f   sfc_mex:sfc_mex.obj
 0001:0001f780       sf_mex_ml_var_sub          0000000180020780 f   sfc_mex:sfc_mex.obj
 0001:0001f960       sf_mex_ml_var_subsasgn     0000000180020960 f   sfc_mex:sfc_mex.obj
 0001:0001fd60       sf_mex_sub                 0000000180020d60 f   sfc_mex:sfc_mex.obj
 0001:0001ff70       sf_mex_subsasgn            0000000180020f70 f   sfc_mex:sfc_mex.obj
 0001:00020480       sf_mex_create              0000000180021480 f   sfc_mex:sfc_mex.obj
 0001:00020e20       sf_mex_import_named        0000000180021e20 f   sfc_mex:sfc_mex.obj
 0001:00020e80       sf_mex_import              0000000180021e80 f   sfc_mex:sfc_mex.obj
 0001:00020ed0       sf_mex_import_vs           0000000180021ed0 f   sfc_mex:sfc_mex.obj
 0001:00020fe0       sf_mex_lower_fixpt_mx_array 0000000180021fe0 f   sfc_mex:sfc_mex.obj
 0001:00021300       sf_debug_chart_instance_initialized_quick 0000000180022300 f   sfc_debug:sfcdebug.obj
 0001:00021380       sf_debug_disp              0000000180022380 f   sfc_debug:sfcdebug.obj
 0001:00021650       sf_debug_data_runtime_size_mismatch_error_check 0000000180022650 f   sfc_debug:sfcdebug.obj
 0001:00021700       sf_debug_try_loading_machine 0000000180022700 f   sfc_debug:sfcdebug.obj
 0001:00021800       sf_debug_reset_current_state_configuration 0000000180022800 f   sfc_debug:sfcdebug.obj
 0001:00021880       sf_debug_store_current_state_configuration 0000000180022880 f   sfc_debug:sfcdebug.obj
 0001:00021900       sf_debug_restore_previous_state_configuration 0000000180022900 f   sfc_debug:sfcdebug.obj
 0001:00021980       sf_debug_restore_previous_state_configuration2 0000000180022980 f   sfc_debug:sfcdebug.obj
 0001:00021a00       sf_debug_get_event_scope   0000000180022a00 f   sfc_debug:sfcdebug.obj
 0001:00021b70       use_debugger_step_animation 0000000180022b70 f   sfc_debug:sfcdebug.obj
 0001:00021b90       sf_debug_get_script_id     0000000180022b90 f   sfc_debug:sfcdebug.obj
 0001:00021c20       sf_debug_set_script_translation 0000000180022c20 f   sfc_debug:sfcdebug.obj
 0001:00021da0       sf_debug_extract_message_post_receive_info 0000000180022da0 f   sfc_debug:sfcdebug.obj
 0001:00021f60       sf_debug_get_current_machine_id 0000000180022f60 f   sfc_debug:sfcdebug.obj
 0001:00021f80       sf_debug_get_current_optional_integer 0000000180022f80 f   sfc_debug:sfcdebug.obj
 0001:00021f90       sf_debug_get_current_machine_number 0000000180022f90 f   sfc_debug:sfcdebug.obj
 0001:00021fb0       sf_debug_get_current_machine_name 0000000180022fb0 f   sfc_debug:sfcdebug.obj
 0001:00021fd0       sf_debug_get_current_chart_id 0000000180022fd0 f   sfc_debug:sfcdebug.obj
 0001:00022010       sf_debug_get_current_chart_number 0000000180023010 f   sfc_debug:sfcdebug.obj
 0001:00022020       sf_debug_get_current_instance_number 0000000180023020 f   sfc_debug:sfcdebug.obj
 0001:00022030       sf_debug_get_current_is_minor_time_step 0000000180023030 f   sfc_debug:sfcdebug.obj
 0001:000220b0       sf_debug_get_current_object_type 00000001800230b0 f   sfc_debug:sfcdebug.obj
 0001:000220c0       sf_debug_get_current_instance_handle 00000001800230c0 f   sfc_debug:sfcdebug.obj
 0001:00022120       sf_debug_get_current_event_type 0000000180023120 f   sfc_debug:sfcdebug.obj
 0001:00022130       sf_debug_get_current_object_id 0000000180023130 f   sfc_debug:sfcdebug.obj
 0001:00022170       sf_debug_get_current_active_event_type 0000000180023170 f   sfc_debug:sfcdebug.obj
 0001:00022180       sf_debug_get_current_active_event_id 0000000180023180 f   sfc_debug:sfcdebug.obj
 0001:000221c0       sf_debug_get_current_tag_type 00000001800231c0 f   sfc_debug:sfcdebug.obj
 0001:000221d0       sf_debug_get_current_simulation_time 00000001800231d0 f   sfc_debug:sfcdebug.obj
 0001:000221e0       sf_debug_get_current_coverage_percentage 00000001800231e0 f   sfc_debug:sfcdebug.obj
 0001:000221f0       sf_debug_current_statement_context 00000001800231f0 f   sfc_debug:sfcdebug.obj
 0001:00022270       sf_debug_get_current_statement_info 0000000180023270 f   sfc_debug:sfcdebug.obj
 0001:00022410       sf_debug_terminate_instance 0000000180023410 f   sfc_debug:sfcdebug.obj
 0001:00022730       sf_debug_assertion_failed  0000000180023730 f   sfc_debug:sfcdebug.obj
 0001:00022900       sf_debug_create_debug_instance_struct 0000000180023900 f   sfc_debug:sfcdebug.obj
 0001:00022950       sf_debug_set_number_of_data_with_change_event_for_machine 0000000180023950 f   sfc_debug:sfcdebug.obj
 0001:000229a0       sf_debug_set_machine_event_thresholds 00000001800239a0 f   sfc_debug:sfcdebug.obj
 0001:000229c0       sf_debug_set_machine_event_scope 00000001800239c0 f   sfc_debug:sfcdebug.obj
 0001:00022a10       sf_debug_set_machine_data_thresholds 0000000180023a10 f   sfc_debug:sfcdebug.obj
 0001:00022a60       sf_debug_set_machine_data_scope 0000000180023a60 f   sfc_debug:sfcdebug.obj
 0001:00022b00       sf_debug_set_machine_data_name 0000000180023b00 f   sfc_debug:sfcdebug.obj
 0001:00022bb0       sf_debug_set_machine_data_size 0000000180023bb0 f   sfc_debug:sfcdebug.obj
 0001:00022d00       sf_debug_set_machine_data_type 0000000180023d00 f   sfc_debug:sfcdebug.obj
 0001:00022e70       sf_debug_get_chart_data_number 0000000180023e70 f   sfc_debug:sfcdebug.obj
 0001:00022e90       sf_debug_get_chart_event_number 0000000180023e90 f   sfc_debug:sfcdebug.obj
 0001:00022eb0       sf_debug_set_chart_state_info 0000000180023eb0 f   sfc_debug:sfcdebug.obj
 0001:00022f40       sf_debug_set_chart_decomposition 0000000180023f40 f   sfc_debug:sfcdebug.obj
 0001:00022fb0       sf_debug_set_chart_substate_count 0000000180023fb0 f   sfc_debug:sfcdebug.obj
 0001:00023090       sf_debug_set_chart_substate_index 0000000180024090 f   sfc_debug:sfcdebug.obj
 0001:00023110       sf_debug_set_chart_state_substate_count 0000000180024110 f   sfc_debug:sfcdebug.obj
 0001:00023230       sf_debug_set_chart_state_substate_index 0000000180024230 f   sfc_debug:sfcdebug.obj
 0001:000232c0       sf_debug_set_number_of_data_with_change_event_for_chart 00000001800242c0 f   sfc_debug:sfcdebug.obj
 0001:00023350       sf_debug_set_number_of_states_with_entry_event_for_chart 0000000180024350 f   sfc_debug:sfcdebug.obj
 0001:000233d0       sf_debug_set_number_of_states_with_exit_event_for_chart 00000001800243d0 f   sfc_debug:sfcdebug.obj
 0001:00023450       sf_debug_set_chart_disable_implicit_casting 0000000180024450 f   sfc_debug:sfcdebug.obj
 0001:000234c0       sf_debug_set_chart_event_thresholds 00000001800244c0 f   sfc_debug:sfcdebug.obj
 0001:00023540       sf_debug_set_chart_data_compiled_props 0000000180024540 f   sfc_debug:sfcdebug.obj
 0001:00023880       sf_debug_set_chart_data_props 0000000180024880 f   sfc_debug:sfcdebug.obj
 0001:00023ba0       sf_debug_check_fi_license  0000000180024ba0 f   sfc_debug:sfcdebug.obj
 0001:00023d60       sf_debug_symbol_scope_push 0000000180024d60 f   sfc_debug:sfcdebug.obj
 0001:00023da0       sf_debug_symbol_scope_push_eml 0000000180024da0 f   sfc_debug:sfcdebug.obj
 0001:00023df0       sf_debug_symbol_scope_pop  0000000180024df0 f   sfc_debug:sfcdebug.obj
 0001:00023e30       sf_debug_symbol_scope_add_importable 0000000180024e30 f   sfc_debug:sfcdebug.obj
 0001:00023eb0       sf_debug_symbol_scope_add  0000000180024eb0 f   sfc_debug:sfcdebug.obj
 0001:00023f30       sf_debug_symbol_scope_add_dyn_importable 0000000180024f30 f   sfc_debug:sfcdebug.obj
 0001:00023ff0       sf_debug_symbol_scope_add_dyn 0000000180024ff0 f   sfc_debug:sfcdebug.obj
 0001:00024030       sf_debug_symbol_scope_add_eml_importable 0000000180025030 f   sfc_debug:sfcdebug.obj
 0001:00024070       sf_debug_symbol_scope_add_eml 0000000180025070 f   sfc_debug:sfcdebug.obj
 0001:000240b0       sf_debug_symbol_scope_add_eml_dyn_importable 00000001800250b0 f   sfc_debug:sfcdebug.obj
 0001:00024110       sf_debug_symbol_scope_add_eml_dyn 0000000180025110 f   sfc_debug:sfcdebug.obj
 0001:00024170       sf_debug_symbol_switch     0000000180025170 f   sfc_debug:sfcdebug.obj
 0001:00024190       sf_debug_symbol_scope_add_verbose 0000000180025190 f   sfc_debug:sfcdebug.obj
 0001:00024260       sf_debug_set_machine_data_value_ptr 0000000180025260 f   sfc_debug:sfcdebug.obj
 0001:000242a0       sf_debug_set_instance_data_value_ptr 00000001800252a0 f   sfc_debug:sfcdebug.obj
 0001:00024370       sf_debug_unset_instance_data_value_ptr 0000000180025370 f   sfc_debug:sfcdebug.obj
 0001:00024420       sf_debug_set_chart_event_scope 0000000180025420 f   sfc_debug:sfcdebug.obj
 0001:000244a0       sf_debug_set_chart_transition_coverage_maps 00000001800254a0 f   sfc_debug:sfcdebug.obj
 0001:000245a0       sf_debug_set_chart_state_coverage_maps 00000001800255a0 f   sfc_debug:sfcdebug.obj
 0001:00024670       sf_debug_set_instance_transition_coverage_weights 0000000180025670 f   sfc_debug:sfcdebug.obj
 0001:00024700       sf_debug_set_instance_state_coverage_weights 0000000180025700 f   sfc_debug:sfcdebug.obj
 0001:00024950       sf_debug_unload_machine    0000000180025950 f   sfc_debug:sfcdebug.obj
 0001:000249a0       sf_debug_load_machine      00000001800259a0 f   sfc_debug:sfcdebug.obj
 0001:00024ab0       sf_debug_set_active_instance_in_data_dictionary 0000000180025ab0 f   sfc_debug:sfcdebug.obj
 0001:00024c90       sf_debug_set_active_instance 0000000180025c90 f   sfc_debug:sfcdebug.obj
 0001:00024df0       sf_debug_chart_visiblity_change 0000000180025df0 f   sfc_debug:sfcdebug.obj
 0001:00024ee0       sf_debug_select_chart      0000000180025ee0 f   sfc_debug:sfcdebug.obj
 0001:00025040       sf_debug_set_instance_cv_ids 0000000180026040 f   sfc_debug:sfcdebug.obj
 0001:00025370       sf_debug_select_charts     0000000180026370 f   sfc_debug:sfcdebug.obj
 0001:00025520       sf_debug_initialized       0000000180026520 f   sfc_debug:sfcdebug.obj
 0001:00025540       sf_debug_is_uninterruptible 0000000180026540 f   sfc_debug:sfcdebug.obj
 0001:00025570       sf_debug_initialize_debugger_gui 0000000180026570 f   sfc_debug:sfcdebug.obj
 0001:00025950       sf_debug_resume            0000000180026950 f   sfc_debug:sfcdebug.obj
 0001:00025970       sf_debug_go                0000000180026970 f   sfc_debug:sfcdebug.obj
 0001:00025980       sf_debug_break             0000000180026980 f   sfc_debug:sfcdebug.obj
 0001:00025990       sf_debug_step_over         0000000180026990 f   sfc_debug:sfcdebug.obj
 0001:000259a0       sf_debug_step_out          00000001800269a0 f   sfc_debug:sfcdebug.obj
 0001:000259b0       sf_debug_set_disable_all_breakpoints 00000001800269b0 f   sfc_debug:sfcdebug.obj
 0001:000259c0       sf_debug_disable_all_breakpoints_and_go 00000001800269c0 f   sfc_debug:sfcdebug.obj
 0001:000259d0       sf_debug_break_on_chart_entry 00000001800269d0 f   sfc_debug:sfcdebug.obj
 0001:000259e0       sf_debug_break_on_event_broadcast 00000001800269e0 f   sfc_debug:sfcdebug.obj
 0001:000259f0       sf_debug_break_on_state_entry 00000001800269f0 f   sfc_debug:sfcdebug.obj
 0001:00025a00       sf_debug_break_between_times 0000000180026a00 f   sfc_debug:sfcdebug.obj
 0001:00025a20       sf_debug_browse_data       0000000180026a20 f   sfc_debug:sfcdebug.obj
 0001:00025a30       sf_debug_watch_data        0000000180026a30 f   sfc_debug:sfcdebug.obj
 0001:00025a60       sf_debug_assign_data       0000000180026a60 f   sfc_debug:sfcdebug.obj
 0001:00025a70       sf_debug_whos              0000000180026a70 f   sfc_debug:sfcdebug.obj
 0001:00025a90       sf_debug_get_consistency_info 0000000180026a90 f   sfc_debug:sfcdebug.obj
 0001:00025aa0       sf_debug_browse_trace      0000000180026aa0 f   sfc_debug:sfcdebug.obj
 0001:00025ab0       sf_debug_set_breakpoints   0000000180026ab0 f   sfc_debug:sfcdebug.obj
 0001:00025c20       sf_debug_set_eml_breakpoints 0000000180026c20 f   sfc_debug:sfcdebug.obj
 0001:00025d80       sf_debug_set_script_breakpoints 0000000180026d80 f   sfc_debug:sfcdebug.obj
 0001:00025e00       sf_debug_add_script_breakpoints 0000000180026e00 f   sfc_debug:sfcdebug.obj
 0001:00025e70       sf_debug_clear_script_breakpoints 0000000180026e70 f   sfc_debug:sfcdebug.obj
 0001:00025ee0       sf_debug_query_script_breakpoints 0000000180026ee0 f   sfc_debug:sfcdebug.obj
 0001:00025f90       sf_debug_get_eml_script_id 0000000180026f90 f   sfc_debug:sfcdebug.obj
 0001:00025fe0       sf_debug_set_watch         0000000180026fe0 f   sfc_debug:sfcdebug.obj
 0001:00026200       sf_debug_get_instance_handle 0000000180027200 f   sfc_debug:sfcdebug.obj
 0001:00026290       sf_debug_get_active_states 0000000180027290 f   sfc_debug:sfcdebug.obj
 0001:000262a0       sf_debug_set_honor_breakpoints 00000001800272a0 f   sfc_debug:sfcdebug.obj
 0001:000262b0       sf_debug_get_animation     00000001800272b0 f   sfc_debug:sfcdebug.obj
 0001:000262c0       sf_debug_set_animation     00000001800272c0 f   sfc_debug:sfcdebug.obj
 0001:000262d0       sf_debug_animate           00000001800272d0 f   sfc_debug:sfcdebug.obj
 0001:000262f0       sf_debug_cycle_detection_check 00000001800272f0 f   sfc_debug:sfcdebug.obj
 0001:00026300       sf_debug_data_range_check  0000000180027300 f   sfc_debug:sfcdebug.obj
 0001:00026310       sf_debug_transition_conflict_check 0000000180027310 f   sfc_debug:sfcdebug.obj
 0001:00026320       sf_debug_state_consistency_check 0000000180027320 f   sfc_debug:sfcdebug.obj
 0001:00026330       sf_debug_data_range_check_enabled 0000000180027330 f   sfc_debug:sfcdebug.obj
 0001:00026350       sf_debug_transition_conflict_check_enabled 0000000180027350 f   sfc_debug:sfcdebug.obj
 0001:00026370       sf_debug_transition_conflict_check_begin 0000000180027370 f   sfc_debug:sfcdebug.obj
 0001:00026390       sf_debug_transition_conflict_check_end 0000000180027390 f   sfc_debug:sfcdebug.obj
 0001:000263b0       sf_debug_stop_debugging    00000001800273b0 f   sfc_debug:sfcdebug.obj
 0001:000263e0       sf_debug_is_cycle_detected 00000001800273e0 f   sfc_debug:sfcdebug.obj
 0001:000263f0       sf_debug_is_array_bounds_detected 00000001800273f0 f   sfc_debug:sfcdebug.obj
 0001:00026400       sf_debug_get_state_vectors_data_size 0000000180027400 f   sfc_debug:sfcdebug.obj
 0001:00026440       sf_debug_get_state_vectors_data 0000000180027440 f   sfc_debug:sfcdebug.obj
 0001:00026550       sf_debug_set_state_vectors_data 0000000180027550 f   sfc_debug:sfcdebug.obj
 0001:000267e0       sf_debug_get_script_index  00000001800277e0 f   sfc_debug:sfcdebug.obj
 0001:00026970       sf_debug_add_script        0000000180027970 f   sfc_debug:sfcdebug.obj
 0001:00026b00       cv_eval_point              0000000180027b00 f   sfc_debug:sfcdebug.obj
 0001:00026c70       cv_eval_testobjective      0000000180027c70 f   sfc_debug:sfcdebug.obj
 0001:00026d80       sf_debug_cv_init_state     0000000180027d80 f   sfc_debug:sfcdebug.obj
 0001:00026eb0       sf_debug_cv_init_chart     0000000180027eb0 f   sfc_debug:sfcdebug.obj
 0001:00026fa0       sf_debug_cv_init_trans     0000000180027fa0 f   sfc_debug:sfcdebug.obj
 0001:000270b0       sf_debug_cv_init_saturation 00000001800280b0 f   sfc_debug:sfcdebug.obj
 0001:000271b0       sf_debug_cv_init_testobjectives 00000001800281b0 f   sfc_debug:sfcdebug.obj
 0001:00027390       cv_eml_init_script         0000000180028390 f   sfc_debug:sfcdebug.obj
 0001:000274b0       cv_eml_init_fcn            00000001800284b0 f   sfc_debug:sfcdebug.obj
 0001:000275c0       cv_eml_init_testobjective  00000001800285c0 f   sfc_debug:sfcdebug.obj
 0001:000276a0       cv_eml_init_saturation     00000001800286a0 f   sfc_debug:sfcdebug.obj
 0001:00027770       cv_eml_init_if             0000000180028770 f   sfc_debug:sfcdebug.obj
 0001:00027850       cv_eml_init_for            0000000180028850 f   sfc_debug:sfcdebug.obj
 0001:00027920       cv_eml_init_while          0000000180028920 f   sfc_debug:sfcdebug.obj
 0001:000279f0       cv_eml_init_mcdc           00000001800289f0 f   sfc_debug:sfcdebug.obj
 0001:00027b10       cv_eml_init_switch         0000000180028b10 f   sfc_debug:sfcdebug.obj
 0001:00027c10       cv_eml_eval                0000000180028c10 f   sfc_debug:sfcdebug.obj
 0001:00027d00       sf_debug_bm_is_a_eml_breakpoint 0000000180028d00 f   sfc_debug:sfcdebug.obj
 0001:00027e50       sf_debug_temporal_threshold 0000000180028e50 f   sfc_debug:sfcdebug.obj
 0001:000281c0       sf_debug_transition_conflict_error 00000001800291c0 f   sfc_debug:sfcdebug.obj
 0001:00028520       sf_debug_state_inconsistency_error 0000000180029520 f   sfc_debug:sfcdebug.obj
 0001:00028640       sf_debug_check_for_state_inconsistency 0000000180029640 f   sfc_debug:sfcdebug.obj
 0001:00028680       sf_debug_cycle_detecton_error 0000000180029680 f   sfc_debug:sfcdebug.obj
 0001:00028dd0       sf_debug_size_eq_check_1d  0000000180029dd0 f   sfc_debug:sfcdebug.obj
 0001:00028df0       sf_debug_size_eq_check_nd  0000000180029df0 f   sfc_debug:sfcdebug.obj
 0001:00028ff0       sf_debug_dim_size_eq_check 0000000180029ff0 f   sfc_debug:sfcdebug.obj
 0001:00029020       sf_debug_dim_size_geq_check 000000018002a020 f   sfc_debug:sfcdebug.obj
 0001:00029050       sf_debug_sub_assign_size_check_nd 000000018002a050 f   sfc_debug:sfcdebug.obj
 0001:00029230       sf_debug_matrix_matrix_index_check 000000018002a230 f   sfc_debug:sfcdebug.obj
 0001:00029280       sf_debug_vector_vector_index_check 000000018002a280 f   sfc_debug:sfcdebug.obj
 0001:000292d0       sf_debug_for_loop_vector_check 000000018002a2d0 f   sfc_debug:sfcdebug.obj
 0001:00029370       sf_debug_runtime_error_msgid 000000018002a370 f   sfc_debug:sfcdebug.obj
 0001:00029410       sf_debug_data_array_bounds_error_check 000000018002a410 f   sfc_debug:sfcdebug.obj
 0001:00029520       sf_debug_eml_data_array_bounds_error_check 000000018002a520 f   sfc_debug:sfcdebug.obj
 0001:000299e0       sf_debug_integer_check     000000018002a9e0 f   sfc_debug:sfcdebug.obj
 0001:00029ad0       sf_debug_not_nan_check     000000018002aad0 f   sfc_debug:sfcdebug.obj
 0001:00029ba0       sf_debug_non_negative_check 000000018002aba0 f   sfc_debug:sfcdebug.obj
 0001:00029c70       sf_debug_overflow_detection 000000018002ac70 f   sfc_debug:sfcdebug.obj
 0001:0002a2d0       sf_debug_cast_to_real32_T  000000018002b2d0 f   sfc_debug:sfcdebug.obj
 0001:0002a3a0       sf_debug_cast_to_int8_T    000000018002b3a0 f   sfc_debug:sfcdebug.obj
 0001:0002a470       sf_debug_cast_to_uint8_T   000000018002b470 f   sfc_debug:sfcdebug.obj
 0001:0002a540       sf_debug_cast_to_int16_T   000000018002b540 f   sfc_debug:sfcdebug.obj
 0001:0002a610       sf_debug_cast_to_uint16_T  000000018002b610 f   sfc_debug:sfcdebug.obj
 0001:0002a6e0       sf_debug_cast_to_int32_T   000000018002b6e0 f   sfc_debug:sfcdebug.obj
 0001:0002a7b0       sf_debug_cast_to_uint32_T  000000018002b7b0 f   sfc_debug:sfcdebug.obj
 0001:0002a880       sf_debug_data_range_error  000000018002b880 f   sfc_debug:sfcdebug.obj
 0001:0002ab90       sf_debug_read_before_write_check 000000018002bb90 f   sfc_debug:sfcdebug.obj
 0001:0002afc0       sf_debug_data_range_error_wrapper_min_max 000000018002bfc0 f   sfc_debug:sfcdebug.obj
 0001:0002b0e0       sf_debug_data_range_error_wrapper_min 000000018002c0e0 f   sfc_debug:sfcdebug.obj
 0001:0002b1f0       sf_debug_data_range_error_wrapper_max 000000018002c1f0 f   sfc_debug:sfcdebug.obj
 0001:0002b300       sf_debug_data_range_wrapper 000000018002c300 f   sfc_debug:sfcdebug.obj
 0001:0002b3c0       sf_debug_set_current_status_info 000000018002c3c0 f   sfc_debug:sfcdebug.obj
 0001:0002b760       sf_debug_register_message_post_receive_info 000000018002c760 f   sfc_debug:sfcdebug.obj
 0001:0002b9b0       sf_debug_call              000000018002c9b0 f   sfc_debug:sfcdebug.obj
 0001:0002c310       sf_debug_initialize_machine 000000018002d310 f   sfc_debug:sfcdebug.obj
 0001:0002c5c0       sf_debug_initialize_chart  000000018002d5c0 f   sfc_debug:sfcdebug.obj
 0001:0002ca10       sf_debug_ensure_script     000000018002da10 f   sfc_debug:sfcdebug.obj
 0001:0002cac0       cv_eval_saturation         000000018002dac0 f   sfc_debug:sfcdebug.obj
 0001:0002cc40       cv_saturation_accum        000000018002dc40 f   sfc_debug:sfcdebug.obj
 0001:0002cd80       cv_script_init_script      000000018002dd80 f   sfc_debug:sfcdebug.obj
 0001:0002ce70       cv_script_init_fcn         000000018002de70 f   sfc_debug:sfcdebug.obj
 0001:0002cf30       cv_script_init_testobjective 000000018002df30 f   sfc_debug:sfcdebug.obj
 0001:0002cff0       cv_script_init_saturation  000000018002dff0 f   sfc_debug:sfcdebug.obj
 0001:0002d0a0       cv_script_init_if          000000018002e0a0 f   sfc_debug:sfcdebug.obj
 0001:0002d160       cv_script_init_for         000000018002e160 f   sfc_debug:sfcdebug.obj
 0001:0002d210       cv_script_init_while       000000018002e210 f   sfc_debug:sfcdebug.obj
 0001:0002d2c0       cv_script_init_mcdc        000000018002e2c0 f   sfc_debug:sfcdebug.obj
 0001:0002d3c0       cv_script_init_switch      000000018002e3c0 f   sfc_debug:sfcdebug.obj
 0001:0002d4a0       cv_script_eval             000000018002e4a0 f   sfc_debug:sfcdebug.obj
 0001:0002d570       eml_debug_line_call        000000018002e570 f   sfc_debug:sfcdebug.obj
 0001:0002d740       sf_debug_terminate         000000018002e740 f   sfc_debug:sfcdebug.obj
 0001:0002d950       sf_debug_set_script_cv_ids 000000018002e950 f   sfc_debug:sfcdebug.obj
 0001:0002da80       sf_debug_api               000000018002ea80 f   sfc_debug:sfc_api.obj
 0001:0002f370       sf_debug_sm_terminate      0000000180030370 f   sfc_debug:sfdb_animation.obj
 0001:0002f520       sf_debug_reset_path_objects 0000000180030520 f   sfc_debug:sfdb_animation.obj
 0001:0002f5a0       sf_debug_sm_reset_object_selection_status 00000001800305a0 f   sfc_debug:sfdb_animation.obj
 0001:0002f640       sf_debug_sm_reset_state_buffer 0000000180030640 f   sfc_debug:sfdb_animation.obj
 0001:0002f710       sf_debug_sm_store_state_buffer 0000000180030710 f   sfc_debug:sfdb_animation.obj
 0001:0002f790       sf_debug_sm_restore_state_buffer1 0000000180030790 f   sfc_debug:sfdb_animation.obj
 0001:0002f800       sf_debug_sm_restore_state_buffer2 0000000180030800 f   sfc_debug:sfdb_animation.obj
 0001:0002f870       sf_debug_sm_chart_active   0000000180030870 f   sfc_debug:sfdb_animation.obj
 0001:0002f8c0       sf_debug_sm_select_active_objects 00000001800308c0 f   sfc_debug:sfdb_animation.obj
 0001:0002fd90       sf_debug_sm_is_chart_active 0000000180030d90 f   sfc_debug:sfdb_animation.obj
 0001:0002fdd0       sf_debug_sm_is_state_active 0000000180030dd0 f   sfc_debug:sfdb_animation.obj
 0001:00030010       sf_debug_sm_get_active_states 0000000180031010 f   sfc_debug:sfdb_animation.obj
 0001:000305c0       sf_debug_sm_initialize_instance 00000001800315c0 f   sfc_debug:sfdb_animation.obj
 0001:000307d0       sf_debug_sm_change_object_selection_status 00000001800317d0 f   sfc_debug:sfdb_animation.obj
 0001:00030aa0       cv_create_interface        0000000180031aa0 f   sfc_debug:cv_sfinterface.obj
 0001:00030db0       cv_init_trans              0000000180031db0 f   sfc_debug:cv_sfinterface.obj
 0001:00030e00       cv_init_saturation         0000000180031e00 f   sfc_debug:cv_sfinterface.obj
 0001:00030e40       cv_init_testobjective      0000000180031e40 f   sfc_debug:cv_sfinterface.obj
 0001:00030e80       cv_init_state              0000000180031e80 f   sfc_debug:cv_sfinterface.obj
 0001:00030ef0       cv_init_chart              0000000180031ef0 f   sfc_debug:cv_sfinterface.obj
 0001:00030f40       cv_dec_update_call         0000000180031f40 f   sfc_debug:cv_sfinterface.obj
 0001:00030f80       cv_cond_update_call        0000000180031f80 f   sfc_debug:cv_sfinterface.obj
 0001:00030fc0       cv_saturation_update_call  0000000180031fc0 f   sfc_debug:cv_sfinterface.obj
 0001:00031000       cv_saturation_update_accum 0000000180032000 f   sfc_debug:cv_sfinterface.obj
 0001:00031040       cv_testobjective_update_call 0000000180032040 f   sfc_debug:cv_sfinterface.obj
 0001:00031080       cv_sigrange_update         0000000180032080 f   sfc_debug:cv_sfinterface.obj
 0001:000310c0       cvsf_eml_eval              00000001800320c0 f   sfc_debug:cv_sfinterface.obj
 0001:000311a0       cvsf_eml_init_script       00000001800321a0 f   sfc_debug:cv_sfinterface.obj
 0001:00031230       cvsf_eml_init_fcn          0000000180032230 f   sfc_debug:cv_sfinterface.obj
 0001:00031290       cvsf_eml_init_testobjective 0000000180032290 f   sfc_debug:cv_sfinterface.obj
 0001:000312f0       cvsf_eml_init_saturation   00000001800322f0 f   sfc_debug:cv_sfinterface.obj
 0001:00031340       cvsf_eml_init_if           0000000180032340 f   sfc_debug:cv_sfinterface.obj
 0001:000313a0       cvsf_eml_init_for          00000001800323a0 f   sfc_debug:cv_sfinterface.obj
 0001:000313f0       cvsf_eml_init_while        00000001800323f0 f   sfc_debug:cv_sfinterface.obj
 0001:00031440       cvsf_eml_init_mcdc         0000000180032440 f   sfc_debug:cv_sfinterface.obj
 0001:000314d0       cvsf_eml_init_switch       00000001800324d0 f   sfc_debug:cv_sfinterface.obj
 0001:00031540       cvsf_script_eval           0000000180032540 f   sfc_debug:cv_sfinterface.obj
 0001:00031620       cvsf_script_init_script    0000000180032620 f   sfc_debug:cv_sfinterface.obj
 0001:000316b0       cvsf_script_init_fcn       00000001800326b0 f   sfc_debug:cv_sfinterface.obj
 0001:00031710       cvsf_script_init_testobjective 0000000180032710 f   sfc_debug:cv_sfinterface.obj
 0001:00031770       cvsf_script_init_saturation 0000000180032770 f   sfc_debug:cv_sfinterface.obj
 0001:000317c0       cvsf_script_init_if        00000001800327c0 f   sfc_debug:cv_sfinterface.obj
 0001:00031820       cvsf_script_init_for       0000000180032820 f   sfc_debug:cv_sfinterface.obj
 0001:00031870       cvsf_script_init_while     0000000180032870 f   sfc_debug:cv_sfinterface.obj
 0001:000318c0       cvsf_script_init_mcdc      00000001800328c0 f   sfc_debug:cv_sfinterface.obj
 0001:00031950       cvsf_script_init_switch    0000000180032950 f   sfc_debug:cv_sfinterface.obj
 0001:000319c0       cv_destroy_interface       00000001800329c0 f   sfc_debug:cv_sfinterface.obj
 0001:000319e0       cv_create_instance_objects 00000001800329e0 f   sfc_debug:cv_sfinterface.obj
 0001:00031e50       cv_is_enabled              0000000180032e50 f   sfc_debug:cv_sfinterface.obj
 0001:00031e60       sf_debug_cv_initialize_script 0000000180032e60 f   sfc_debug:cv_sfinterface.obj
 0001:00031ff0       sf_debug_cv_initialize_instance 0000000180032ff0 f   sfc_debug:cv_sfinterface.obj
 0001:00032380       sf_debug_cv_terminate_chart 0000000180033380 f   sfc_debug:cv_sfinterface.obj
 0001:000324a0       cv_call_trans_test         00000001800334a0 f   sfc_debug:cv_sfinterface.obj
 0001:000324b0       cv_call_sub_cond_test      00000001800334b0 f   sfc_debug:cv_sfinterface.obj
 0001:000324f0       sf_debug_st_initialize_machine 00000001800334f0 f   sfc_debug:sfdb_data_browse.obj
 0001:000325a0       sf_debug_st_initialize_instance 00000001800335a0 f   sfc_debug:sfdb_data_browse.obj
 0001:000327b0       sf_debug_st_terminate      00000001800337b0 f   sfc_debug:sfdb_data_browse.obj
 0001:00032b50       sf_debug_st_set_data_value_ptr_in_machine 0000000180033b50 f   sfc_debug:sfdb_data_browse.obj
 0001:00032be0       sf_debug_st_set_data_value_ptr_in_instance 0000000180033be0 f   sfc_debug:sfdb_data_browse.obj
 0001:00032cc0       sf_debug_st_unset_data_value_ptr_in_machine 0000000180033cc0 f   sfc_debug:sfdb_data_browse.obj
 0001:00032d30       sf_debug_st_unset_data_value_ptr_in_instance 0000000180033d30 f   sfc_debug:sfdb_data_browse.obj
 0001:00032ff0       sf_debug_mx_value          0000000180033ff0 f   sfc_debug:sfdb_data_browse.obj
 0001:00033050       sf_debug_mx_packed_vector  0000000180034050 f   sfc_debug:sfdb_data_browse.obj
 0001:00033130       sf_debug_mx_uint_vector    0000000180034130 f   sfc_debug:sfdb_data_browse.obj
 0001:000331e0       sf_debug_st_get_double_value_from_void_ptr_vector 00000001800341e0 f   sfc_debug:sfdb_data_browse.obj
 0001:00033cc0       sf_debug_st_browse_data    0000000180034cc0 f   sfc_debug:sfdb_data_browse.obj
 0001:00034500       sf_debug_hm_initialize_instance 0000000180035500 f   sfc_debug:sfdb_handle_management.obj
 0001:000349e0       sf_debug_hm_get_object_id  00000001800359e0 f   sfc_debug:sfdb_handle_management.obj
 0001:00035590       sf_debug_hm_update_chart_visibility 0000000180036590 f   sfc_debug:sfdb_handle_management.obj
 0001:00036780       sf_debug_object_is_eml_function 0000000180037780 f   sfc_debug:sfdb_handle_management.obj
 0001:000367f0       sf_debug_hm_initialize_ids_in_machine 00000001800377f0 f   sfc_debug:sfdb_handle_management.obj
 0001:00036960       sf_debug_hm_initialize_ids_in_chart 0000000180037960 f   sfc_debug:sfdb_handle_management.obj
 0001:00036a60       sf_debug_hm_initialize_chart 0000000180037a60 f   sfc_debug:sfdb_handle_management.obj
 0001:00037160       sf_debug_hm_terminate      0000000180038160 f   sfc_debug:sfdb_handle_management.obj
 0001:000371c0       sf_debug_hm_initialize_machine 00000001800381c0 f   sfc_debug:sfdb_handle_management.obj
 0001:000378e0       sf_debug_ss_initialize     00000001800388e0 f   sfc_debug:sfdb_symbol_scope.obj
 0001:00037900       sf_debug_ss_terminate      0000000180038900 f   sfc_debug:sfdb_symbol_scope.obj
 0001:00037990       sf_debug_ss_push_symbol_scope 0000000180038990 f   sfc_debug:sfdb_symbol_scope.obj
 0001:00037a90       sf_debug_ss_push_symbol_scope_eml 0000000180038a90 f   sfc_debug:sfdb_symbol_scope.obj
 0001:00037af0       sf_debug_ss_pop_symbol_scope 0000000180038af0 f   sfc_debug:sfdb_symbol_scope.obj
 0001:00037ba0       sf_debug_ss_add_symbol     0000000180038ba0 f   sfc_debug:sfdb_symbol_scope.obj
 0001:00037d10       sf_debug_ss_add_symbol_eml 0000000180038d10 f   sfc_debug:sfdb_symbol_scope.obj
 0001:00038c10       sf_debug_ss_set_data_value 0000000180039c10 f   sfc_debug:sfdb_symbol_scope.obj
 0001:00039060       getInstanceNumber          000000018003a060 f   sfc_debug:sfdb_symbol_scope.obj
 0001:00039130       sf_debug_ss_watch_data     000000018003a130 f   sfc_debug:sfdb_symbol_scope.obj
 0001:00039320       sf_debug_ss_assign_data    000000018003a320 f   sfc_debug:sfdb_symbol_scope.obj
 0001:00039d30       get_data_entry_name        000000018003ad30 f   sfc_debug:sfdb_symbol_scope.obj
 0001:00039d80       sf_debug_ss_whos           000000018003ad80 f   sfc_debug:sfdb_symbol_scope.obj
 0001:0003a3d0       sf_debug_cc_initialize_chart 000000018003b3d0 f   sfc_debug:sfdb_coverage.obj
 0001:0003adc0       sf_debug_cc_initialize_instance 000000018003bdc0 f   sfc_debug:sfdb_coverage.obj
 0001:0003bb00       sf_debug_cc_terminate      000000018003cb00 f   sfc_debug:sfdb_coverage.obj
 0001:0003bbf0       sf_debug_cc_set_transition_maps 000000018003cbf0 f   sfc_debug:sfdb_coverage.obj
 0001:0003bd20       sf_debug_cc_set_state_maps 000000018003cd20 f   sfc_debug:sfdb_coverage.obj
 0001:0003be00       sf_debug_cc_set_transition_weights 000000018003ce00 f   sfc_debug:sfdb_coverage.obj
 0001:0003c0c0       sf_debug_cc_set_state_weights 000000018003d0c0 f   sfc_debug:sfdb_coverage.obj
 0001:0003c390       sf_debug_cc_mark_transition_guard 000000018003d390 f   sfc_debug:sfdb_coverage.obj
 0001:0003c420       sf_debug_cc_mark_transition_trigger 000000018003d420 f   sfc_debug:sfdb_coverage.obj
 0001:0003c4b0       sf_debug_cc_mark_transition_decision 000000018003d4b0 f   sfc_debug:sfdb_coverage.obj
 0001:0003c520       sf_debug_cc_mark_transition_condition_action 000000018003d520 f   sfc_debug:sfdb_coverage.obj
 0001:0003c570       sf_debug_cc_mark_transition_transition_action 000000018003d570 f   sfc_debug:sfdb_coverage.obj
 0001:0003c5c0       sf_debug_cc_mark_state_entry 000000018003d5c0 f   sfc_debug:sfdb_coverage.obj
 0001:0003c610       sf_debug_cc_mark_state_during 000000018003d610 f   sfc_debug:sfdb_coverage.obj
 0001:0003c660       sf_debug_cc_mark_state_exit 000000018003d660 f   sfc_debug:sfdb_coverage.obj
 0001:0003c6b0       sf_debug_bm_clear_script_breakpoints 000000018003d6b0 f   sfc_debug:sfdb_breakpoints.obj
 0001:0003c6e0       sf_debug_bm_set_script_breakpoint 000000018003d6e0 f   sfc_debug:sfdb_breakpoints.obj
 0001:0003c760       sf_debug_bm_clear_single_script_breakpoint 000000018003d760 f   sfc_debug:sfdb_breakpoints.obj
 0001:0003c7e0       sf_debug_bm_query_script_breakpoint 000000018003d7e0 f   sfc_debug:sfdb_breakpoints.obj
 0001:0003c830       sf_debug_bm_initialize_scripts 000000018003d830 f   sfc_debug:sfdb_breakpoints.obj
 0001:0003cec0       sf_debug_bm_terminate      000000018003dec0 f   sfc_debug:sfdb_breakpoints.obj
 0001:0003d1a0       sf_debug_bm_remove_all_breakpoints_in_machine 000000018003e1a0 f   sfc_debug:sfdb_breakpoints.obj
 0001:0003d200       sf_debug_bm_remove_all_breakpoints_in_chart 000000018003e200 f   sfc_debug:sfdb_breakpoints.obj
 0001:0003d350       sf_debug_bm_initialize_global_breakpoints 000000018003e350 f   sfc_debug:sfdb_breakpoints.obj
 0001:0003d4d0       sf_debug_bm_set_breakpoint 000000018003e4d0 f   sfc_debug:sfdb_breakpoints.obj
 0001:0003da90       sf_debug_bm_set_eml_breakpoint 000000018003ea90 f   sfc_debug:sfdb_breakpoints.obj
 0001:0003db20       sf_debug_bm_initialize_machine_breakpoint_map 000000018003eb20 f   sfc_debug:sfdb_breakpoints.obj
 0001:0003df40       sf_debug_bm_is_a_breakpoint 000000018003ef40 f   sfc_debug:sfdb_breakpoints.obj
 0001:0003e460       sf_debug_bm_get_all_breakpoints_in_machine 000000018003f460 f   sfc_debug:sfdb_breakpoints.obj
 0001:0003e760       sf_debug_bm_get_all_breakpoints_in_chart 000000018003f760 f   sfc_debug:sfdb_breakpoints.obj
 0001:0003f2f0       sf_debug_bm_initialize_machine 00000001800402f0 f   sfc_debug:sfdb_breakpoints.obj
 0001:0003f3c0       sf_debug_bm_initialize_chart 00000001800403c0 f   sfc_debug:sfdb_breakpoints.obj
 0001:0003f7b0       sf_debug_sc_terminate      00000001800407b0 f   sfc_debug:sfdb_state_consistency.obj
 0001:0003fad0       sf_debug_sc_is_chart_consistent 0000000180040ad0 f   sfc_debug:sfdb_state_consistency.obj
 0001:0003fd80       sf_debug_sc_get_consistency_error_info 0000000180040d80 f   sfc_debug:sfdb_state_consistency.obj
 0001:00040190       sf_debug_tm_terminate      0000000180041190 f   sfc_debug:sfdb_call_stack.obj
 0001:00040240       sf_debug_tm_push_chart_instance 0000000180041240 f   sfc_debug:sfdb_call_stack.obj
 0001:00040380       sf_debug_tm_pop_chart_instance 0000000180041380 f   sfc_debug:sfdb_call_stack.obj
 0001:000403e0       sf_debug_tm_push_trace_node 00000001800413e0 f   sfc_debug:sfdb_call_stack.obj
 0001:00040560       sf_debug_tm_pop_trace_node 0000000180041560 f   sfc_debug:sfdb_call_stack.obj
 0001:000405e0       sf_debug_tm_get_current_global_trace_index 00000001800415e0 f   sfc_debug:sfdb_call_stack.obj
 0001:000405f0       sf_debug_tm_get_current_local_trace_index 00000001800415f0 f   sfc_debug:sfdb_call_stack.obj
 0001:00040620       sf_debug_tm_set_cycle_detected_flag 0000000180041620 f   sfc_debug:sfdb_call_stack.obj
 0001:00040660       sf_debug_tm_set_cycle_started_flag 0000000180041660 f   sfc_debug:sfdb_call_stack.obj
 0001:000406a0       sf_debug_tm_get_chart_number_from_stack 00000001800416a0 f   sfc_debug:sfdb_call_stack.obj
 0001:000408a0       sf_debug_tm_browse_trace   00000001800418a0 f   sfc_debug:sfdb_call_stack.obj
 0001:00040bb0       sf_debug_cd_initialize_instance 0000000180041bb0 f   sfc_debug:sfdb_cycle_detection.obj
 0001:00040e60       sf_debug_cd_mark_processed_transition_in_instance 0000000180041e60 f   sfc_debug:sfdb_cycle_detection.obj
 0001:00040f00       sf_debug_cd_checksum_push  0000000180041f00 f   sfc_debug:sfdb_cycle_detection.obj
 0001:000411b0       sf_debug_cd_checksum_pop   00000001800421b0 f   sfc_debug:sfdb_cycle_detection.obj
 0001:00041220       sf_debug_cd_turn_off_cycle_detection 0000000180042220 f   sfc_debug:sfdb_cycle_detection.obj
 0001:00041270       sf_debug_cd_terminate      0000000180042270 f   sfc_debug:sfdb_cycle_detection.obj
 0001:000414a0       md5_initialize_state       00000001800424a0 f   sfc_debug:ckmd5.obj
 0001:00041f30       md5_update_state           0000000180042f30 f   sfc_debug:ckmd5.obj
 0001:00041f50       md5_get_hash               0000000180042f50 f   sfc_debug:ckmd5.obj
 0001:00041f80       md5_get_hash_for_a_single_string 0000000180042f80 f   sfc_debug:ckmd5.obj
 0001:00041fe0       mxGetPr                    0000000180042fe0 f   libmx:libmx.dll
 0001:00041fe6       mxSetField_730             0000000180042fe6 f   libmx:libmx.dll
 0001:00041fec       mxDestroyArray             0000000180042fec f   libmx:libmx.dll
 0001:00041ff2       mxCreateDoubleMatrix_730   0000000180042ff2 f   libmx:libmx.dll
 0001:00041ff8       mxCreateDoubleScalar       0000000180042ff8 f   libmx:libmx.dll
 0001:00041ffe       mxCreateString             0000000180042ffe f   libmx:libmx.dll
 0001:00042004       mxCreateCellMatrix_730     0000000180043004 f   libmx:libmx.dll
 0001:0004200a       mxCreateStructMatrix_730   000000018004300a f   libmx:libmx.dll
 0001:00042010       mxDuplicateArray           0000000180043010 f   libmx:libmx.dll
 0001:00042016       mxCalloc                   0000000180043016 f   libmx:libmx.dll
 0001:0004201c       mxGetClassID               000000018004301c f   libmx:libmx.dll
 0001:00042022       mxIsNumeric                0000000180043022 f   libmx:libmx.dll
 0001:00042028       mxIsChar                   0000000180043028 f   libmx:libmx.dll
 0001:0004202e       mxIsComplex                000000018004302e f   libmx:libmx.dll
 0001:00042034       mxGetM                     0000000180043034 f   libmx:libmx.dll
 0001:0004203a       mxGetN                     000000018004303a f   libmx:libmx.dll
 0001:00042040       mxGetString_730            0000000180043040 f   libmx:libmx.dll
 0001:00042046       mxGetScalar                0000000180043046 f   libmx:libmx.dll
 0001:0004204c       mxGetString_700            000000018004304c f   libmx:libmx.dll
 0001:00042052       mxFree                     0000000180043052 f   libmx:libmx.dll
 0001:00042058       mxArrayToString            0000000180043058 f   libmx:libmx.dll
 0001:0004205e       mxGetNumberOfElements      000000018004305e f   libmx:libmx.dll
 0001:00042064       mxGetField_700             0000000180043064 f   libmx:libmx.dll
 0001:0004206a       mxSetFieldByNumber_700     000000018004306a f   libmx:libmx.dll
 0001:00042070       mxCreateStructArray_700    0000000180043070 f   libmx:libmx.dll
 0001:00042076       mxGetData                  0000000180043076 f   libmx:libmx.dll
 0001:0004207c       mxCreateNumericArray_700   000000018004307c f   libmx:libmx.dll
 0001:00042082       mxIsLogical                0000000180043082 f   libmx:libmx.dll
 0001:00042088       mxCreateDoubleMatrix_700   0000000180043088 f   libmx:libmx.dll
 0001:0004208e       mxCreateCellMatrix_700     000000018004308e f   libmx:libmx.dll
 0001:00042094       mxSetCell_700              0000000180043094 f   libmx:libmx.dll
 0001:0004209a       mxGetCell_700              000000018004309a f   libmx:libmx.dll
 0001:000420a0       mxGetClassName             00000001800430a0 f   libmx:libmx.dll
 0001:000420a6       mxSetField_700             00000001800430a6 f   libmx:libmx.dll
 0001:000420ac       mxAddField                 00000001800430ac f   libmx:libmx.dll
 0001:000420b2       mxIsStruct                 00000001800430b2 f   libmx:libmx.dll
 0001:000420b8       mxIsA                      00000001800430b8 f   libmx:libmx.dll
 0001:000420be       mxIsClass                  00000001800430be f   libmx:libmx.dll
 0001:000420c4       mxGetLogicals              00000001800430c4 f   libmx:libmx.dll
 0001:000420ca       mxIsSparse                 00000001800430ca f   libmx:libmx.dll
 0001:000420d0       mxGetFieldByNumber_700     00000001800430d0 f   libmx:libmx.dll
 0001:000420d6       mxGetFieldNameByNumber     00000001800430d6 f   libmx:libmx.dll
 0001:000420dc       mxGetNumberOfFields        00000001800430dc f   libmx:libmx.dll
 0001:000420e2       mxCreateStructMatrix_700   00000001800430e2 f   libmx:libmx.dll
 0001:000420e8       mxGetFieldNumber           00000001800430e8 f   libmx:libmx.dll
 0001:000420ee       mxIsNaN                    00000001800430ee f   libmx:libmx.dll
 0001:000420f4       mxIsEmpty                  00000001800430f4 f   libmx:libmx.dll
 0001:000420fa       mxGetImagData              00000001800430fa f   libmx:libmx.dll
 0001:00042100       mxArrayClassIDName         0000000180043100 f   libmx:libmx.dll
 0001:00042106       mxCreateNumericMatrix_700  0000000180043106 f   libmx:libmx.dll
 0001:0004210c       mxCalcSingleSubscript_700  000000018004310c f   libmx:libmx.dll
 0001:00042112       mxGetDimensions_700        0000000180043112 f   libmx:libmx.dll
 0001:00042118       mxGetNumberOfDimensions_700 0000000180043118 f   libmx:libmx.dll
 0001:0004211e       mxGetElementSize           000000018004311e f   libmx:libmx.dll
 0001:00042124       mxCreateStringFromNChars_700 0000000180043124 f   libmx:libmx.dll
 0001:0004212a       mxIsLogicalScalarTrue      000000018004312a f   libmx:libmx.dll
 0001:00042130       mxCreateLogicalScalar      0000000180043130 f   libmx:libmx.dll
 0001:00042136       mexErrMsgTxt               0000000180043136 f   libmex:libmex.dll
 0001:0004213c       mexWarnMsgTxt              000000018004313c f   libmex:libmex.dll
 0001:00042142       mexCallMATLAB              0000000180043142 f   libmex:libmex.dll
 0001:00042148       mexUnlock                  0000000180043148 f   libmex:libmex.dll
 0001:0004214e       mexIsLocked                000000018004314e f   libmex:libmex.dll
 0001:00042154       mexMakeArrayPersistent     0000000180043154 f   libmex:libmex.dll
 0001:0004215a       mexLock                    000000018004315a f   libmex:libmex.dll
 0001:00042160       mexMakeMemoryPersistent    0000000180043160 f   libmex:libmex.dll
 0001:00042166       mexSetTrapFlag             0000000180043166 f   libmex:libmex.dll
 0001:0004216c       mexPutVariable             000000018004316c f   libmex:libmex.dll
 0001:00042172       mexGetVariable             0000000180043172 f   libmex:libmex.dll
 0001:00042178       mexFunctionName            0000000180043178 f   libmex:libmex.dll
 0001:0004217e       ssRegisterDataTypeFxpFSlopeFixExpBias 000000018004317e f   libfixedpoint:libfixedpoint.dll
 0001:00042184       ssRegisterDataTypeFxpScaledDouble 0000000180043184 f   libfixedpoint:libfixedpoint.dll
 0001:0004218a       utMalloc                   000000018004318a f   libut:libut.dll
 0001:00042190       utFree                     0000000180043190 f   libut:libut.dll
 0001:00042196       utCPUtime                  0000000180043196 f   libut:libut.dll
 0001:0004219c       utVSNprintf                000000018004319c f   libut:libut.dll
 0001:000421a2       utCalloc                   00000001800431a2 f   libut:libut.dll
 0001:000421a8       utRealloc                  00000001800431a8 f   libut:libut.dll
 0001:000421ae       muDoubleScalarCos          00000001800431ae f   libmwmathutil:libmwmathutil.dll
 0001:000421b4       muDoubleScalarSin          00000001800431b4 f   libmwmathutil:libmwmathutil.dll
 0001:000421ba       muDoubleScalarSqrt         00000001800431ba f   libmwmathutil:libmwmathutil.dll
 0001:000421c0       emlrtCreateRootTLS         00000001800431c0 f   libemlrt:libemlrt.dll
 0001:000421c6       emlrtDestroyRootTLS        00000001800431c6 f   libemlrt:libemlrt.dll
 0001:000421cc       emlrtCheckBuiltInR2012b    00000001800431cc f   libemlrt:libemlrt.dll
 0001:000421d2       emlrtCheckVsBuiltInR2012b  00000001800431d2 f   libemlrt:libemlrt.dll
 0001:000421d8       emlrtCheckEnumR2012b       00000001800431d8 f   libemlrt:libemlrt.dll
 0001:000421de       emlrtCreateEnumR2012b      00000001800431de f   libemlrt:libemlrt.dll
 0001:000421e4       emlrtGetEnumElementR2009a  00000001800431e4 f   libemlrt:libemlrt.dll
 0001:000421ea       emlrtCreateReference       00000001800431ea f   libemlrt:libemlrt.dll
 0001:000421f0       emlrtImportVsFiArrayR2009b 00000001800431f0 f   libemlrt:libemlrt.dll
 0001:000421f6       emlrtNameCapturePostProcessR2012a 00000001800431f6 f   libemlrt:libemlrt.dll
 0001:000421fc       emlrtExtractMessageId      00000001800431fc f   libemlrt:libemlrt.dll
 0001:00042202       emlrtTranslateMessageIDtoLCPstring 0000000180043202 f   libemlrt:libemlrt.dll
 0001:00042208       emlrtForLoopVectorIsValidR2011b 0000000180043208 f   libemlrt:libemlrt.dll
 0001:0004220e       emlrtTranslateUTF16MessagetoLCPstring 000000018004320e f   libemlrt:libemlrt.dll
 0001:00042214       emlrtGetEnumUnderlyingArrayR2009a 0000000180043214 f   libemlrt:libemlrt.dll
 0001:0004221a       emlrtIsEnumR2009a          000000018004321a f   libemlrt:libemlrt.dll
 0001:00042220       memset                     0000000180043220 f   MSVCRT:MSVCR110.dll
 0001:00042226       strlen                     0000000180043226 f   MSVCRT:MSVCR110.dll
 0001:0004222c       __GSHandlerCheck           000000018004322c f   MSVCRT:gshandler.obj
 0001:0004224c       __GSHandlerCheckCommon     000000018004324c f   MSVCRT:gshandler.obj
 0001:000422c0       __security_check_cookie    00000001800432c0 f   MSVCRT:amdsecgs.obj
 0001:000422e0       __raise_securityfailure    00000001800432e0 f   MSVCRT:gs_report.obj
 0001:0004232c       __report_gsfailure         000000018004332c f   MSVCRT:gs_report.obj
 0001:00042400       __report_rangecheckfailure 0000000180043400 f   MSVCRT:gs_report.obj
 0001:00042414       __report_securityfailure   0000000180043414 f   MSVCRT:gs_report.obj
 0001:000424b0       __report_securityfailureEx 00000001800434b0 f   MSVCRT:gs_report.obj
 0001:000425be       memcpy                     00000001800435be f   MSVCRT:MSVCR110.dll
 0001:000425c4       strcat                     00000001800435c4 f   MSVCRT:MSVCR110.dll
 0001:000425ca       strcmp                     00000001800435ca f   MSVCRT:MSVCR110.dll
 0001:000425d0       sprintf                    00000001800435d0 f   MSVCRT:MSVCR110.dll
 0001:000425d6       free                       00000001800435d6 f   MSVCRT:MSVCR110.dll
 0001:000425dc       malloc                     00000001800435dc f   MSVCRT:MSVCR110.dll
 0001:00042644       NtCurrentTeb               0000000180043644 f i MSVCRT:crtdll.obj
 0001:00042650       _CRT_INIT                  0000000180043650 f   MSVCRT:crtdll.obj
 0001:0004289c       _DllMainCRTStartup         000000018004389c f   MSVCRT:crtdll.obj
 0001:00042a12       _setjmp                    0000000180043a12 f   MSVCRT:MSVCR110.dll
 0001:00042a18       strncpy                    0000000180043a18 f   MSVCRT:MSVCR110.dll
 0001:00042a30       _alloca_probe              0000000180043a30     MSVCRT:chkstk.obj
 0001:00042a30       __chkstk                   0000000180043a30 f   MSVCRT:chkstk.obj
 0001:00042a7e       longjmp                    0000000180043a7e f   MSVCRT:MSVCR110.dll
 0001:00042a84       strncmp                    0000000180043a84 f   MSVCRT:MSVCR110.dll
 0001:00042a8a       ceil                       0000000180043a8a f   MSVCRT:MSVCR110.dll
 0001:00042a90       strrchr                    0000000180043a90 f   MSVCRT:MSVCR110.dll
 0001:00042a96       ldexp                      0000000180043a96 f   MSVCRT:MSVCR110.dll
 0001:00042a9c       __crt_debugger_hook        0000000180043a9c f   MSVCRT:MSVCR110.dll
 0001:00042aa2       __crtUnhandledException    0000000180043aa2 f   MSVCRT:MSVCR110.dll
 0001:00042aa8       __crtTerminateProcess      0000000180043aa8 f   MSVCRT:MSVCR110.dll
 0001:00042aae       __crtCaptureCurrentContext 0000000180043aae f   MSVCRT:MSVCR110.dll
 0001:00042ab4       __crtCapturePreviousContext 0000000180043ab4 f   MSVCRT:MSVCR110.dll
 0001:00042aba       __CppXcptFilter            0000000180043aba f   MSVCRT:MSVCR110.dll
 0001:00042ac0       _amsg_exit                 0000000180043ac0 f   MSVCRT:MSVCR110.dll
 0001:00042ad0       _FindPESection             0000000180043ad0 f   MSVCRT:pesect.obj
 0001:00042b20       _IsNonwritableInCurrentImage 0000000180043b20 f   MSVCRT:pesect.obj
 0001:00042b70       _ValidateImageBase         0000000180043b70 f   MSVCRT:pesect.obj
 0001:00042ba0       __atonexitinit             0000000180043ba0 f   MSVCRT:atonexit.obj
 0001:00042bf0       _onexit                    0000000180043bf0 f   MSVCRT:atonexit.obj
 0001:00042ca0       atexit                     0000000180043ca0 f   MSVCRT:atonexit.obj
 0001:00042cb8       __security_init_cookie     0000000180043cb8 f   MSVCRT:gs_support.obj
 0001:00042d70       DllMain                    0000000180043d70 f   MSVCRT:dllmain.obj
 0001:00042d94       _malloc_crt                0000000180043d94 f   MSVCRT:MSVCR110.dll
 0001:00042d9c       _RTC_Initialize            0000000180043d9c f   MSVCRT:initsect.obj
 0001:00042dd4       _RTC_Terminate             0000000180043dd4 f   MSVCRT:initsect.obj
 0001:00042e0c       _initterm                  0000000180043e0c f   MSVCRT:MSVCR110.dll
 0001:00042e12       _initterm_e                0000000180043e12 f   MSVCRT:MSVCR110.dll
 0001:00042e18       __clean_type_info_names    0000000180043e18 f   MSVCRT:tncleanup.obj
 0001:00042e24       __C_specific_handler       0000000180043e24 f   MSVCRT:MSVCR110.dll
 0001:00042e2a       _lock                      0000000180043e2a f   MSVCRT:MSVCR110.dll
 0001:00042e30       _unlock                    0000000180043e30 f   MSVCRT:MSVCR110.dll
 0001:00042e36       _calloc_crt                0000000180043e36 f   MSVCRT:MSVCR110.dll
 0001:00042e3c       __dllonexit                0000000180043e3c f   MSVCRT:MSVCR110.dll
 0001:00042e42       __clean_type_info_names_internal 0000000180043e42 f   MSVCRT:MSVCR110.dll
 0001:00042e48       IsDebuggerPresent          0000000180043e48 f   kernel32:KERNEL32.dll
 0001:00042e4e       IsProcessorFeaturePresent  0000000180043e4e f   kernel32:KERNEL32.dll
 0001:00042e54       EncodePointer              0000000180043e54 f   kernel32:KERNEL32.dll
 0001:00042e5a       DecodePointer              0000000180043e5a f   kernel32:KERNEL32.dll
 0001:00042e60       QueryPerformanceCounter    0000000180043e60 f   kernel32:KERNEL32.dll
 0001:00042e66       GetCurrentThreadId         0000000180043e66 f   kernel32:KERNEL32.dll
 0001:00042e6c       GetSystemTimeAsFileTime    0000000180043e6c f   kernel32:KERNEL32.dll
 0001:00042e72       GetTickCount64             0000000180043e72 f   kernel32:KERNEL32.dll
 0001:00042e78       DisableThreadLibraryCalls  0000000180043e78 f   kernel32:KERNEL32.dll
 0002:00000000       __imp_DisableThreadLibraryCalls 0000000180044000     kernel32:KERNEL32.dll
 0002:00000008       __imp_GetTickCount64       0000000180044008     kernel32:KERNEL32.dll
 0002:00000010       __imp_GetSystemTimeAsFileTime 0000000180044010     kernel32:KERNEL32.dll
 0002:00000018       __imp_GetCurrentThreadId   0000000180044018     kernel32:KERNEL32.dll
 0002:00000020       __imp_QueryPerformanceCounter 0000000180044020     kernel32:KERNEL32.dll
 0002:00000028       __imp_DecodePointer        0000000180044028     kernel32:KERNEL32.dll
 0002:00000030       __imp_EncodePointer        0000000180044030     kernel32:KERNEL32.dll
 0002:00000038       __imp_IsProcessorFeaturePresent 0000000180044038     kernel32:KERNEL32.dll
 0002:00000040       __imp_IsDebuggerPresent    0000000180044040     kernel32:KERNEL32.dll
 0002:00000048       \177KERNEL32_NULL_THUNK_DATA 0000000180044048     kernel32:KERNEL32.dll
 0002:00000050       __imp___clean_type_info_names_internal 0000000180044050     MSVCRT:MSVCR110.dll
 0002:00000058       __imp__onexit              0000000180044058     MSVCRT:MSVCR110.dll
 0002:00000060       __imp___dllonexit          0000000180044060     MSVCRT:MSVCR110.dll
 0002:00000068       __imp__calloc_crt          0000000180044068     MSVCRT:MSVCR110.dll
 0002:00000070       __imp__unlock              0000000180044070     MSVCRT:MSVCR110.dll
 0002:00000078       __imp__lock                0000000180044078     MSVCRT:MSVCR110.dll
 0002:00000080       __imp___C_specific_handler 0000000180044080     MSVCRT:MSVCR110.dll
 0002:00000088       __imp__initterm_e          0000000180044088     MSVCRT:MSVCR110.dll
 0002:00000090       __imp__initterm            0000000180044090     MSVCRT:MSVCR110.dll
 0002:00000098       __imp__malloc_crt          0000000180044098     MSVCRT:MSVCR110.dll
 0002:000000a0       __imp__amsg_exit           00000001800440a0     MSVCRT:MSVCR110.dll
 0002:000000a8       __imp___CppXcptFilter      00000001800440a8     MSVCRT:MSVCR110.dll
 0002:000000b0       __imp___crtCapturePreviousContext 00000001800440b0     MSVCRT:MSVCR110.dll
 0002:000000b8       __imp___crtCaptureCurrentContext 00000001800440b8     MSVCRT:MSVCR110.dll
 0002:000000c0       __imp___crtTerminateProcess 00000001800440c0     MSVCRT:MSVCR110.dll
 0002:000000c8       __imp___crtUnhandledException 00000001800440c8     MSVCRT:MSVCR110.dll
 0002:000000d0       __imp___crt_debugger_hook  00000001800440d0     MSVCRT:MSVCR110.dll
 0002:000000d8       __imp_ldexp                00000001800440d8     MSVCRT:MSVCR110.dll
 0002:000000e0       __imp_strrchr              00000001800440e0     MSVCRT:MSVCR110.dll
 0002:000000e8       __imp_ceil                 00000001800440e8     MSVCRT:MSVCR110.dll
 0002:000000f0       __imp_strncmp              00000001800440f0     MSVCRT:MSVCR110.dll
 0002:000000f8       __imp_longjmp              00000001800440f8     MSVCRT:MSVCR110.dll
 0002:00000100       __imp_strncpy              0000000180044100     MSVCRT:MSVCR110.dll
 0002:00000108       __imp__setjmp              0000000180044108     MSVCRT:MSVCR110.dll
 0002:00000110       __imp_malloc               0000000180044110     MSVCRT:MSVCR110.dll
 0002:00000118       __imp_free                 0000000180044118     MSVCRT:MSVCR110.dll
 0002:00000120       __imp_sprintf              0000000180044120     MSVCRT:MSVCR110.dll
 0002:00000128       __imp_strcmp               0000000180044128     MSVCRT:MSVCR110.dll
 0002:00000130       __imp_strcat               0000000180044130     MSVCRT:MSVCR110.dll
 0002:00000138       __imp_memcpy               0000000180044138     MSVCRT:MSVCR110.dll
 0002:00000140       __imp_strlen               0000000180044140     MSVCRT:MSVCR110.dll
 0002:00000148       __imp_memset               0000000180044148     MSVCRT:MSVCR110.dll
 0002:00000150       \177MSVCR110_NULL_THUNK_DATA 0000000180044150     MSVCRT:MSVCR110.dll
 0002:00000158       __imp_emlrtIsEnumR2009a    0000000180044158     libemlrt:libemlrt.dll
 0002:00000160       __imp_emlrtGetEnumUnderlyingArrayR2009a 0000000180044160     libemlrt:libemlrt.dll
 0002:00000168       __imp_emlrtTranslateUTF16MessagetoLCPstring 0000000180044168     libemlrt:libemlrt.dll
 0002:00000170       __imp_emlrtForLoopVectorIsValidR2011b 0000000180044170     libemlrt:libemlrt.dll
 0002:00000178       __imp_emlrtTranslateMessageIDtoLCPstring 0000000180044178     libemlrt:libemlrt.dll
 0002:00000180       __imp_emlrtExtractMessageId 0000000180044180     libemlrt:libemlrt.dll
 0002:00000188       __imp_emlrtNameCapturePostProcessR2012a 0000000180044188     libemlrt:libemlrt.dll
 0002:00000190       __imp_emlrtImportVsFiArrayR2009b 0000000180044190     libemlrt:libemlrt.dll
 0002:00000198       __imp_emlrtCreateReference 0000000180044198     libemlrt:libemlrt.dll
 0002:000001a0       __imp_emlrtGetEnumElementR2009a 00000001800441a0     libemlrt:libemlrt.dll
 0002:000001a8       __imp_emlrtCreateEnumR2012b 00000001800441a8     libemlrt:libemlrt.dll
[...]
 0004:00002c04       $pdata$get_data_info_helper 0000000180058c04     sfc_debug:sfdb_symbol_scope.obj
 0004:00002c10       $pdata$1$get_data_info_helper 0000000180058c10     sfc_debug:sfdb_symbol_scope.obj
 0004:00002c1c       $pdata$2$get_data_info_helper 0000000180058c1c     sfc_debug:sfdb_symbol_scope.obj
 0004:00002c28       $pdata$3$get_data_info_helper 0000000180058c28     sfc_debug:sfdb_symbol_scope.obj
 0004:00002c34       $pdata$4$get_data_info_helper 0000000180058c34     sfc_debug:sfdb_symbol_scope.obj
 0004:00002c40       $pdata$5$get_data_info_helper 0000000180058c40     sfc_debug:sfdb_symbol_scope.obj
 0004:00002c4c       $pdata$6$get_data_info_helper 0000000180058c4c     sfc_debug:sfdb_symbol_scope.obj
 0004:00002c58       $pdata$sf_debug_ss_get_data_info 0000000180058c58     sfc_debug:sfdb_symbol_scope.obj
 0004:00002c64       $pdata$sf_debug_ss_set_data_value_try 0000000180058c64     sfc_debug:sfdb_symbol_scope.obj
 0004:00002c70       $pdata$sf_debug_ss_set_data_value 0000000180058c70     sfc_debug:sfdb_symbol_scope.obj
 0004:00002c7c       $pdata$sf_debug_ss_get_data_value 0000000180058c7c     sfc_debug:sfdb_symbol_scope.obj
 0004:00002c88       $pdata$getInstanceNumber   0000000180058c88     sfc_debug:sfdb_symbol_scope.obj
 0004:00002c94       $pdata$sf_debug_ss_watch_data 0000000180058c94     sfc_debug:sfdb_symbol_scope.obj
 0004:00002ca0       $pdata$0$sf_debug_ss_watch_data 0000000180058ca0     sfc_debug:sfdb_symbol_scope.obj
 0004:00002cac       $pdata$1$sf_debug_ss_watch_data 0000000180058cac     sfc_debug:sfdb_symbol_scope.obj
 0004:00002cb8       $pdata$2$sf_debug_ss_watch_data 0000000180058cb8     sfc_debug:sfdb_symbol_scope.obj
 0004:00002cc4       $pdata$sf_debug_ss_assign_data 0000000180058cc4     sfc_debug:sfdb_symbol_scope.obj
 0004:00002cd0       $pdata$sf_debug_ss_data_bytes_string 0000000180058cd0     sfc_debug:sfdb_symbol_scope.obj
 0004:00002cdc       $pdata$sf_debug_ss_data_class_string 0000000180058cdc     sfc_debug:sfdb_symbol_scope.obj
 0004:00002ce8       $pdata$1$sf_debug_ss_data_class_string 0000000180058ce8     sfc_debug:sfdb_symbol_scope.obj
 0004:00002cf4       $pdata$2$sf_debug_ss_data_class_string 0000000180058cf4     sfc_debug:sfdb_symbol_scope.obj
 0004:00002d00       $pdata$3$sf_debug_ss_data_class_string 0000000180058d00     sfc_debug:sfdb_symbol_scope.obj
 0004:00002d0c       $pdata$4$sf_debug_ss_data_class_string 0000000180058d0c     sfc_debug:sfdb_symbol_scope.obj
 0004:00002d18       $pdata$sf_debug_ss_data_size_string 0000000180058d18     sfc_debug:sfdb_symbol_scope.obj
 0004:00002d24       $pdata$0$sf_debug_ss_data_size_string 0000000180058d24     sfc_debug:sfdb_symbol_scope.obj
 0004:00002d30       $pdata$1$sf_debug_ss_data_size_string 0000000180058d30     sfc_debug:sfdb_symbol_scope.obj
 0004:00002d3c       $pdata$sf_debug_ss_data_create_data_info_struct 0000000180058d3c     sfc_debug:sfdb_symbol_scope.obj
 0004:00002d48       $pdata$1$sf_debug_ss_data_create_data_info_struct 0000000180058d48     sfc_debug:sfdb_symbol_scope.obj
 0004:00002d54       $pdata$2$sf_debug_ss_data_create_data_info_struct 0000000180058d54     sfc_debug:sfdb_symbol_scope.obj
 0004:00002d60       $pdata$sf_debug_ss_data_create_name_value_pair 0000000180058d60     sfc_debug:sfdb_symbol_scope.obj
 0004:00002d6c       $pdata$same_named_data_in_data_array 0000000180058d6c     sfc_debug:sfdb_symbol_scope.obj
 0004:00002d78       $pdata$sf_debug_ss_whos    0000000180058d78     sfc_debug:sfdb_symbol_scope.obj
 0004:00002d84       $pdata$sf_debug_cc_initialize_chart 0000000180058d84     sfc_debug:sfdb_coverage.obj
 0004:00002d90       $pdata$1$sf_debug_cc_initialize_chart 0000000180058d90     sfc_debug:sfdb_coverage.obj
 0004:00002d9c       $pdata$2$sf_debug_cc_initialize_chart 0000000180058d9c     sfc_debug:sfdb_coverage.obj
 0004:00002da8       $pdata$sf_debug_cc_initialize_instance 0000000180058da8     sfc_debug:sfdb_coverage.obj
 0004:00002db4       $pdata$2$sf_debug_cc_initialize_instance 0000000180058db4     sfc_debug:sfdb_coverage.obj
 0004:00002dc0       $pdata$3$sf_debug_cc_initialize_instance 0000000180058dc0     sfc_debug:sfdb_coverage.obj
 0004:00002dcc       $pdata$4$sf_debug_cc_initialize_instance 0000000180058dcc     sfc_debug:sfdb_coverage.obj
 0004:00002dd8       $pdata$sf_debug_cc_terminate_chart 0000000180058dd8     sfc_debug:sfdb_coverage.obj
 0004:00002de4       $pdata$0$sf_debug_cc_terminate_chart 0000000180058de4     sfc_debug:sfdb_coverage.obj
 0004:00002df0       $pdata$2$sf_debug_cc_terminate_chart 0000000180058df0     sfc_debug:sfdb_coverage.obj
 0004:00002dfc       $pdata$3$sf_debug_cc_terminate_chart 0000000180058dfc     sfc_debug:sfdb_coverage.obj
 0004:00002e08       $pdata$4$sf_debug_cc_terminate_chart 0000000180058e08     sfc_debug:sfdb_coverage.obj
 0004:00002e14       $pdata$sf_debug_cc_terminate_instance 0000000180058e14     sfc_debug:sfdb_coverage.obj
 0004:00002e20       $pdata$sf_debug_cc_terminate 0000000180058e20     sfc_debug:sfdb_coverage.obj
 0004:00002e2c       $pdata$5$sf_debug_cc_terminate 0000000180058e2c     sfc_debug:sfdb_coverage.obj
 0004:00002e38       $pdata$6$sf_debug_cc_terminate 0000000180058e38     sfc_debug:sfdb_coverage.obj
 0004:00002e44       $pdata$sf_debug_cc_set_transition_maps 0000000180058e44     sfc_debug:sfdb_coverage.obj
 0004:00002e50       $pdata$sf_debug_cc_set_transition_weights 0000000180058e50     sfc_debug:sfdb_coverage.obj
 0004:00002e5c       $pdata$sf_debug_cc_set_state_weights 0000000180058e5c     sfc_debug:sfdb_coverage.obj
 0004:00002e68       $pdata$sf_debug_cc_mark_object_if_needed 0000000180058e68     sfc_debug:sfdb_coverage.obj
 0004:00002e74       $pdata$sf_debug_cc_mark_transition_guard 0000000180058e74     sfc_debug:sfdb_coverage.obj
 0004:00002e80       $pdata$sf_debug_cc_mark_transition_trigger 0000000180058e80     sfc_debug:sfdb_coverage.obj
 0004:00002e8c       $pdata$sf_debug_cc_mark_transition_decision 0000000180058e8c     sfc_debug:sfdb_coverage.obj
 0004:00002e98       $pdata$sf_debug_bm_clear_script_breakpoints 0000000180058e98     sfc_debug:sfdb_breakpoints.obj
 0004:00002ea4       $pdata$sf_debug_bm_set_script_breakpoint 0000000180058ea4     sfc_debug:sfdb_breakpoints.obj
 0004:00002eb0       $pdata$sf_debug_bm_clear_single_script_breakpoint 0000000180058eb0     sfc_debug:sfdb_breakpoints.obj
 0004:00002ebc       $pdata$sf_debug_bm_query_script_breakpoint 0000000180058ebc     sfc_debug:sfdb_breakpoints.obj
 0004:00002ec8       $pdata$sf_debug_bm_initialize_scripts 0000000180058ec8     sfc_debug:sfdb_breakpoints.obj
 0004:00002ed4       $pdata$0$sf_debug_bm_initialize_scripts 0000000180058ed4     sfc_debug:sfdb_breakpoints.obj
 0004:00002ee0       $pdata$2$sf_debug_bm_initialize_scripts 0000000180058ee0     sfc_debug:sfdb_breakpoints.obj
 0004:00002eec       $pdata$3$sf_debug_bm_initialize_scripts 0000000180058eec     sfc_debug:sfdb_breakpoints.obj
 0004:00002ef8       $pdata$4$sf_debug_bm_initialize_scripts 0000000180058ef8     sfc_debug:sfdb_breakpoints.obj
 0004:00002f04       $pdata$sf_debug_bm_initialize_eml 0000000180058f04     sfc_debug:sfdb_breakpoints.obj
 0004:00002f10       $pdata$0$sf_debug_bm_initialize_eml 0000000180058f10     sfc_debug:sfdb_breakpoints.obj
 0004:00002f1c       $pdata$1$sf_debug_bm_initialize_eml 0000000180058f1c     sfc_debug:sfdb_breakpoints.obj
 0004:00002f28       $pdata$sf_debug_bm_terminate 0000000180058f28     sfc_debug:sfdb_breakpoints.obj
 0004:00002f34       $pdata$2$sf_debug_bm_terminate 0000000180058f34     sfc_debug:sfdb_breakpoints.obj
 0004:00002f40       $pdata$6$sf_debug_bm_terminate 0000000180058f40     sfc_debug:sfdb_breakpoints.obj
 0004:00002f4c       $pdata$7$sf_debug_bm_terminate 0000000180058f4c     sfc_debug:sfdb_breakpoints.obj
 0004:00002f58       $pdata$8$sf_debug_bm_terminate 0000000180058f58     sfc_debug:sfdb_breakpoints.obj
 0004:00002f64       $pdata$sf_debug_bm_remove_all_breakpoints_in_machine 0000000180058f64     sfc_debug:sfdb_breakpoints.obj
 0004:00002f70       $pdata$sf_debug_bm_remove_all_breakpoints_in_chart 0000000180058f70     sfc_debug:sfdb_breakpoints.obj
 0004:00002f7c       $pdata$sf_debug_bm_initialize_global_breakpoints 0000000180058f7c     sfc_debug:sfdb_breakpoints.obj
 0004:00002f88       $pdata$sf_debug_bm_set_breakpoint 0000000180058f88     sfc_debug:sfdb_breakpoints.obj
 0004:00002f94       $pdata$0$sf_debug_bm_set_breakpoint 0000000180058f94     sfc_debug:sfdb_breakpoints.obj
 0004:00002fa0       $pdata$1$sf_debug_bm_set_breakpoint 0000000180058fa0     sfc_debug:sfdb_breakpoints.obj
 0004:00002fac       $pdata$2$sf_debug_bm_set_breakpoint 0000000180058fac     sfc_debug:sfdb_breakpoints.obj
 0004:00002fb8       $pdata$3$sf_debug_bm_set_breakpoint 0000000180058fb8     sfc_debug:sfdb_breakpoints.obj
 0004:00002fc4       $pdata$sf_debug_bm_set_eml_breakpoint 0000000180058fc4     sfc_debug:sfdb_breakpoints.obj
 0004:00002fd0       $pdata$sf_debug_bm_map_debug_tag_to_breakpoint_tag 0000000180058fd0     sfc_debug:sfdb_breakpoints.obj
 0004:00002fdc       $pdata$sf_debug_bm_is_a_eml_breakpoint_impl 0000000180058fdc     sfc_debug:sfdb_breakpoints.obj
 0004:00002fe8       $pdata$sf_debug_bm_is_a_breakpoint 0000000180058fe8     sfc_debug:sfdb_breakpoints.obj
 0004:00002ff4       $pdata$1$sf_debug_bm_is_a_breakpoint 0000000180058ff4     sfc_debug:sfdb_breakpoints.obj
 0004:00003000       $pdata$2$sf_debug_bm_is_a_breakpoint 0000000180059000     sfc_debug:sfdb_breakpoints.obj
 0004:0000300c       $pdata$3$sf_debug_bm_is_a_breakpoint 000000018005900c     sfc_debug:sfdb_breakpoints.obj
 0004:00003018       $pdata$4$sf_debug_bm_is_a_breakpoint 0000000180059018     sfc_debug:sfdb_breakpoints.obj
 0004:00003024       $pdata$5$sf_debug_bm_is_a_breakpoint 0000000180059024     sfc_debug:sfdb_breakpoints.obj
 0004:00003030       $pdata$sf_debug_bm_get_all_breakpoints_in_machine 0000000180059030     sfc_debug:sfdb_breakpoints.obj
 0004:0000303c       $pdata$0$sf_debug_bm_get_all_breakpoints_in_machine 000000018005903c     sfc_debug:sfdb_breakpoints.obj
 0004:00003048       $pdata$1$sf_debug_bm_get_all_breakpoints_in_machine 0000000180059048     sfc_debug:sfdb_breakpoints.obj
 0004:00003054       $pdata$2$sf_debug_bm_get_all_breakpoints_in_machine 0000000180059054     sfc_debug:sfdb_breakpoints.obj
 0004:00003060       $pdata$3$sf_debug_bm_get_all_breakpoints_in_machine 0000000180059060     sfc_debug:sfdb_breakpoints.obj
 0004:0000306c       $pdata$sf_debug_bm_get_all_breakpoints_in_chart 000000018005906c     sfc_debug:sfdb_breakpoints.obj
 0004:00003078       $pdata$4$sf_debug_bm_get_all_breakpoints_in_chart 0000000180059078     sfc_debug:sfdb_breakpoints.obj
 0004:00003084       $pdata$5$sf_debug_bm_get_all_breakpoints_in_chart 0000000180059084     sfc_debug:sfdb_breakpoints.obj
 0004:00003090       $pdata$6$sf_debug_bm_get_all_breakpoints_in_chart 0000000180059090     sfc_debug:sfdb_breakpoints.obj
 0004:0000309c       $pdata$7$sf_debug_bm_get_all_breakpoints_in_chart 000000018005909c     sfc_debug:sfdb_breakpoints.obj
 0004:000030a8       $pdata$8$sf_debug_bm_get_all_breakpoints_in_chart 00000001800590a8     sfc_debug:sfdb_breakpoints.obj
 0004:000030b4       $pdata$sf_debug_bm_initialize_machine 00000001800590b4     sfc_debug:sfdb_breakpoints.obj
 0004:000030c0       $pdata$sf_debug_bm_initialize_chart 00000001800590c0     sfc_debug:sfdb_breakpoints.obj
 0004:000030cc       $pdata$sf_debug_sc_push_on_error_stack 00000001800590cc     sfc_debug:sfdb_state_consistency.obj
 0004:000030d8       $pdata$sf_debug_sc_terminate 00000001800590d8     sfc_debug:sfdb_state_consistency.obj
 0004:000030e4       $pdata$6$sf_debug_sc_terminate 00000001800590e4     sfc_debug:sfdb_state_consistency.obj
 0004:000030f0       $pdata$7$sf_debug_sc_terminate 00000001800590f0     sfc_debug:sfdb_state_consistency.obj
 0004:000030fc       $pdata$sf_debug_sc_is_state_inconsistent 00000001800590fc     sfc_debug:sfdb_state_consistency.obj
 0004:00003108       $pdata$0$sf_debug_sc_is_state_inconsistent 0000000180059108     sfc_debug:sfdb_state_consistency.obj
 0004:00003114       $pdata$1$sf_debug_sc_is_state_inconsistent 0000000180059114     sfc_debug:sfdb_state_consistency.obj
 0004:00003120       $pdata$sf_debug_sc_is_chart_consistent 0000000180059120     sfc_debug:sfdb_state_consistency.obj
 0004:0000312c       $pdata$sf_debug_sc_fill_consistency_info 000000018005912c     sfc_debug:sfdb_state_consistency.obj
 0004:00003138       $pdata$1$sf_debug_sc_fill_consistency_info 0000000180059138     sfc_debug:sfdb_state_consistency.obj
 0004:00003144       $pdata$2$sf_debug_sc_fill_consistency_info 0000000180059144     sfc_debug:sfdb_state_consistency.obj
 0004:00003150       $pdata$sf_debug_sc_get_consistency_error_info 0000000180059150     sfc_debug:sfdb_state_consistency.obj
 0004:0000315c       $pdata$3$sf_debug_sc_get_consistency_error_info 000000018005915c     sfc_debug:sfdb_state_consistency.obj
 0004:00003168       $pdata$4$sf_debug_sc_get_consistency_error_info 0000000180059168     sfc_debug:sfdb_state_consistency.obj
 0004:00003174       $pdata$sf_debug_tm_terminate 0000000180059174     sfc_debug:sfdb_call_stack.obj
 0004:00003180       $pdata$0$sf_debug_tm_terminate 0000000180059180     sfc_debug:sfdb_call_stack.obj
 0004:0000318c       $pdata$1$sf_debug_tm_terminate 000000018005918c     sfc_debug:sfdb_call_stack.obj
 0004:00003198       $pdata$2$sf_debug_tm_terminate 0000000180059198     sfc_debug:sfdb_call_stack.obj
 0004:000031a4       $pdata$3$sf_debug_tm_terminate 00000001800591a4     sfc_debug:sfdb_call_stack.obj
 0004:000031b0       $pdata$sf_debug_tm_push_chart_instance 00000001800591b0     sfc_debug:sfdb_call_stack.obj
 0004:000031bc       $pdata$1$sf_debug_tm_push_chart_instance 00000001800591bc     sfc_debug:sfdb_call_stack.obj
 0004:000031c8       $pdata$2$sf_debug_tm_push_chart_instance 00000001800591c8     sfc_debug:sfdb_call_stack.obj
 0004:000031d4       $pdata$sf_debug_tm_push_trace_node 00000001800591d4     sfc_debug:sfdb_call_stack.obj
 0004:000031e0       $pdata$0$sf_debug_tm_push_trace_node 00000001800591e0     sfc_debug:sfdb_call_stack.obj
 0004:000031ec       $pdata$7$sf_debug_tm_push_trace_node 00000001800591ec     sfc_debug:sfdb_call_stack.obj
 0004:000031f8       $pdata$8$sf_debug_tm_push_trace_node 00000001800591f8     sfc_debug:sfdb_call_stack.obj
 0004:00003204       $pdata$sf_debug_tm_fill_local_trace 0000000180059204     sfc_debug:sfdb_call_stack.obj
 0004:00003210       $pdata$1$sf_debug_tm_fill_local_trace 0000000180059210     sfc_debug:sfdb_call_stack.obj
 0004:0000321c       $pdata$2$sf_debug_tm_fill_local_trace 000000018005921c     sfc_debug:sfdb_call_stack.obj
 0004:00003228       $pdata$sf_debug_tm_browse_trace 0000000180059228     sfc_debug:sfdb_call_stack.obj
 0004:00003234       $pdata$4$sf_debug_tm_browse_trace 0000000180059234     sfc_debug:sfdb_call_stack.obj
 0004:00003240       $pdata$5$sf_debug_tm_browse_trace 0000000180059240     sfc_debug:sfdb_call_stack.obj
 0004:0000324c       $pdata$sf_debug_cd_initialize_instance 000000018005924c     sfc_debug:sfdb_cycle_detection.obj
 0004:00003258       $pdata$sf_debug_cd_terminate_instance 0000000180059258     sfc_debug:sfdb_cycle_detection.obj
 0004:00003264       $pdata$sf_debug_cd_free_checksum_stack 0000000180059264     sfc_debug:sfdb_cycle_detection.obj
 0004:00003270       $pdata$0$sf_debug_cd_free_checksum_stack 0000000180059270     sfc_debug:sfdb_cycle_detection.obj
 0004:0000327c       $pdata$1$sf_debug_cd_free_checksum_stack 000000018005927c     sfc_debug:sfdb_cycle_detection.obj
 0004:00003288       $pdata$sf_debug_cd_reset_pack_strings 0000000180059288     sfc_debug:sfdb_cycle_detection.obj
 0004:00003294       $pdata$6$sf_debug_cd_reset_pack_strings 0000000180059294     sfc_debug:sfdb_cycle_detection.obj
 0004:000032a0       $pdata$7$sf_debug_cd_reset_pack_strings 00000001800592a0     sfc_debug:sfdb_cycle_detection.obj
 0004:000032ac       $pdata$sf_debug_cd_mark_processed_transition_in_instance 00000001800592ac     sfc_debug:sfdb_cycle_detection.obj
 0004:000032b8       $pdata$sf_debug_cd_checksum_push 00000001800592b8     sfc_debug:sfdb_cycle_detection.obj
 0004:000032c4       $pdata$4$sf_debug_cd_checksum_push 00000001800592c4     sfc_debug:sfdb_cycle_detection.obj
 0004:000032d0       $pdata$5$sf_debug_cd_checksum_push 00000001800592d0     sfc_debug:sfdb_cycle_detection.obj
 0004:000032dc       $pdata$sf_debug_cd_checksum_pop 00000001800592dc     sfc_debug:sfdb_cycle_detection.obj
 0004:000032e8       $pdata$0$sf_debug_cd_checksum_pop 00000001800592e8     sfc_debug:sfdb_cycle_detection.obj
 0004:000032f4       $pdata$1$sf_debug_cd_checksum_pop 00000001800592f4     sfc_debug:sfdb_cycle_detection.obj
 0004:00003300       $pdata$sf_debug_cd_turn_off_cycle_detection 0000000180059300     sfc_debug:sfdb_cycle_detection.obj
 0004:0000330c       $pdata$0$sf_debug_cd_turn_off_cycle_detection 000000018005930c     sfc_debug:sfdb_cycle_detection.obj
 0004:00003318       $pdata$1$sf_debug_cd_turn_off_cycle_detection 0000000180059318     sfc_debug:sfdb_cycle_detection.obj
 0004:00003324       $pdata$sf_debug_cd_terminate 0000000180059324     sfc_debug:sfdb_cycle_detection.obj
 0004:00003330       $pdata$5$sf_debug_cd_terminate 0000000180059330     sfc_debug:sfdb_cycle_detection.obj
 0004:0000333c       $pdata$6$sf_debug_cd_terminate 000000018005933c     sfc_debug:sfdb_cycle_detection.obj
 0004:00003348       $pdata$MD5Transform        0000000180059348     sfc_debug:ckmd5.obj
 0004:00003354       $pdata$md5file_addn        0000000180059354     sfc_debug:ckmd5.obj
 0004:00003360       $pdata$md5file_hash        0000000180059360     sfc_debug:ckmd5.obj
 0004:0000336c       $pdata$md5_get_hash        000000018005936c     sfc_debug:ckmd5.obj
 0004:00003378       $pdata$md5_get_hash_for_a_single_string 0000000180059378     sfc_debug:ckmd5.obj
 0004:00003384       $pdata$__GSHandlerCheck    0000000180059384     MSVCRT:gshandler.obj
 0004:00003390       $pdata$__GSHandlerCheckCommon 0000000180059390     MSVCRT:gshandler.obj
 0004:000033a8       $pdata$__raise_securityfailure 00000001800593a8     MSVCRT:gs_report.obj
 0004:000033b4       $pdata$__report_gsfailure  00000001800593b4     MSVCRT:gs_report.obj
 0004:000033c0       $pdata$__report_rangecheckfailure 00000001800593c0     MSVCRT:gs_report.obj
 0004:000033cc       $pdata$__report_securityfailure 00000001800593cc     MSVCRT:gs_report.obj
 0004:000033d8       $pdata$__report_securityfailureEx 00000001800593d8     MSVCRT:gs_report.obj
 0004:000033e4       $pdata$pre_c_init          00000001800593e4     MSVCRT:crtdll.obj
 0004:000033f0       $pdata$_CRT_INIT           00000001800593f0     MSVCRT:crtdll.obj
 0004:000033fc       $pdata$_DllMainCRTStartup  00000001800593fc     MSVCRT:crtdll.obj
 0004:00003408       $pdata$__DllMainCRTStartup 0000000180059408     MSVCRT:crtdll.obj
 0004:00003420       $pdata$_IsNonwritableInCurrentImage 0000000180059420     MSVCRT:pesect.obj
 0004:0000342c       $pdata$__atonexitinit      000000018005942c     MSVCRT:atonexit.obj
 0004:00003438       $pdata$_onexit             0000000180059438     MSVCRT:atonexit.obj
 0004:00003444       $pdata$atexit              0000000180059444     MSVCRT:atonexit.obj
 0004:00003450       $pdata$__security_init_cookie 0000000180059450     MSVCRT:gs_support.obj
 0004:0000345c       $pdata$DllMain             000000018005945c     MSVCRT:dllmain.obj
 0004:00003468       $pdata$_RTC_Initialize     0000000180059468     MSVCRT:initsect.obj
 0004:00003474       $pdata$_RTC_Terminate      0000000180059474     MSVCRT:initsect.obj
 0004:00003480       $pdata$__DllMainCRTStartup$filt$0 0000000180059480     MSVCRT:crtdll.obj
 0004:0000348c       $pdata$__DllMainCRTStartup$fin$1 000000018005948c     MSVCRT:crtdll.obj
 0004:00003498       $pdata$_IsNonwritableInCurrentImage$filt$0 0000000180059498     MSVCRT:pesect.obj
 0004:000034a4       $pdata$_onexit$fin$0       00000001800594a4     MSVCRT:atonexit.obj
